Archive member included because of file (symbol)

c:/program files (x86)/atollic/truestudio for arm lite 3.2.0/armtools/bin/../lib/gcc/arm-atollic-eabi/4.6.2/../../../../arm-atollic-eabi/lib/thumb/armv7-m\libc.a(lib_a-init.o)
                              Libraries\CMSIS\CM3\DeviceSupport\ST\STM32L1xx\startup\TrueSTUDIO\startup_stm32l1xx_md.o (__libc_init_array)
c:/program files (x86)/atollic/truestudio for arm lite 3.2.0/armtools/bin/../lib/gcc/arm-atollic-eabi/4.6.2/../../../../arm-atollic-eabi/lib/thumb/armv7-m\libc.a(lib_a-sprintf.o)
                              src\main.o (sprintf)
c:/program files (x86)/atollic/truestudio for arm lite 3.2.0/armtools/bin/../lib/gcc/arm-atollic-eabi/4.6.2/../../../../arm-atollic-eabi/lib/thumb/armv7-m\libc.a(lib_a-svfprintf.o)
                              c:/program files (x86)/atollic/truestudio for arm lite 3.2.0/armtools/bin/../lib/gcc/arm-atollic-eabi/4.6.2/../../../../arm-atollic-eabi/lib/thumb/armv7-m\libc.a(lib_a-sprintf.o) (_svfprintf_r)
c:/program files (x86)/atollic/truestudio for arm lite 3.2.0/armtools/bin/../lib/gcc/arm-atollic-eabi/4.6.2/../../../../arm-atollic-eabi/lib/thumb/armv7-m\libc.a(lib_a-toupper.o)
                              src\main.o (toupper)
c:/program files (x86)/atollic/truestudio for arm lite 3.2.0/armtools/bin/../lib/gcc/arm-atollic-eabi/4.6.2/../../../../arm-atollic-eabi/lib/thumb/armv7-m\libc.a(lib_a-ctype_.o)
                              c:/program files (x86)/atollic/truestudio for arm lite 3.2.0/armtools/bin/../lib/gcc/arm-atollic-eabi/4.6.2/../../../../arm-atollic-eabi/lib/thumb/armv7-m\libc.a(lib_a-toupper.o) (__ctype_ptr__)
c:/program files (x86)/atollic/truestudio for arm lite 3.2.0/armtools/bin/../lib/gcc/arm-atollic-eabi/4.6.2/../../../../arm-atollic-eabi/lib/thumb/armv7-m\libc.a(lib_a-dtoa.o)
                              c:/program files (x86)/atollic/truestudio for arm lite 3.2.0/armtools/bin/../lib/gcc/arm-atollic-eabi/4.6.2/../../../../arm-atollic-eabi/lib/thumb/armv7-m\libc.a(lib_a-svfprintf.o) (_dtoa_r)
c:/program files (x86)/atollic/truestudio for arm lite 3.2.0/armtools/bin/../lib/gcc/arm-atollic-eabi/4.6.2/../../../../arm-atollic-eabi/lib/thumb/armv7-m\libc.a(lib_a-impure.o)
                              c:/program files (x86)/atollic/truestudio for arm lite 3.2.0/armtools/bin/../lib/gcc/arm-atollic-eabi/4.6.2/../../../../arm-atollic-eabi/lib/thumb/armv7-m\libc.a(lib_a-sprintf.o) (_impure_ptr)
c:/program files (x86)/atollic/truestudio for arm lite 3.2.0/armtools/bin/../lib/gcc/arm-atollic-eabi/4.6.2/../../../../arm-atollic-eabi/lib/thumb/armv7-m\libc.a(lib_a-locale.o)
                              c:/program files (x86)/atollic/truestudio for arm lite 3.2.0/armtools/bin/../lib/gcc/arm-atollic-eabi/4.6.2/../../../../arm-atollic-eabi/lib/thumb/armv7-m\libc.a(lib_a-svfprintf.o) (_localeconv_r)
c:/program files (x86)/atollic/truestudio for arm lite 3.2.0/armtools/bin/../lib/gcc/arm-atollic-eabi/4.6.2/../../../../arm-atollic-eabi/lib/thumb/armv7-m\libc.a(lib_a-malloc.o)
                              c:/program files (x86)/atollic/truestudio for arm lite 3.2.0/armtools/bin/../lib/gcc/arm-atollic-eabi/4.6.2/../../../../arm-atollic-eabi/lib/thumb/armv7-m\libc.a(lib_a-dtoa.o) (malloc)
c:/program files (x86)/atollic/truestudio for arm lite 3.2.0/armtools/bin/../lib/gcc/arm-atollic-eabi/4.6.2/../../../../arm-atollic-eabi/lib/thumb/armv7-m\libc.a(lib_a-mallocr.o)
                              c:/program files (x86)/atollic/truestudio for arm lite 3.2.0/armtools/bin/../lib/gcc/arm-atollic-eabi/4.6.2/../../../../arm-atollic-eabi/lib/thumb/armv7-m\libc.a(lib_a-svfprintf.o) (_malloc_r)
c:/program files (x86)/atollic/truestudio for arm lite 3.2.0/armtools/bin/../lib/gcc/arm-atollic-eabi/4.6.2/../../../../arm-atollic-eabi/lib/thumb/armv7-m\libc.a(lib_a-memchr.o)
                              c:/program files (x86)/atollic/truestudio for arm lite 3.2.0/armtools/bin/../lib/gcc/arm-atollic-eabi/4.6.2/../../../../arm-atollic-eabi/lib/thumb/armv7-m\libc.a(lib_a-svfprintf.o) (memchr)
c:/program files (x86)/atollic/truestudio for arm lite 3.2.0/armtools/bin/../lib/gcc/arm-atollic-eabi/4.6.2/../../../../arm-atollic-eabi/lib/thumb/armv7-m\libc.a(lib_a-memcpy.o)
                              c:/program files (x86)/atollic/truestudio for arm lite 3.2.0/armtools/bin/../lib/gcc/arm-atollic-eabi/4.6.2/../../../../arm-atollic-eabi/lib/thumb/armv7-m\libc.a(lib_a-dtoa.o) (memcpy)
c:/program files (x86)/atollic/truestudio for arm lite 3.2.0/armtools/bin/../lib/gcc/arm-atollic-eabi/4.6.2/../../../../arm-atollic-eabi/lib/thumb/armv7-m\libc.a(lib_a-mlock.o)
                              c:/program files (x86)/atollic/truestudio for arm lite 3.2.0/armtools/bin/../lib/gcc/arm-atollic-eabi/4.6.2/../../../../arm-atollic-eabi/lib/thumb/armv7-m\libc.a(lib_a-mallocr.o) (__malloc_lock)
[...]
Memory Configuration

Name             Origin             Length             Attributes
FLASH            0x08000000         0x00020000         xr
RAM              0x20000000         0x00004000         xrw
MEMORY_B1        0x60000000         0x00000000         xr
*default*        0x00000000         0xffffffff

Linker script and memory map

LOAD c:/program files (x86)/atollic/truestudio for arm lite 3.2.0/armtools/bin/../lib/gcc/arm-atollic-eabi/4.6.2/thumb/armv7-m/crti.o
LOAD c:/program files (x86)/atollic/truestudio for arm lite 3.2.0/armtools/bin/../lib/gcc/arm-atollic-eabi/4.6.2/thumb/armv7-m/crtbegin.o
LOAD src\timer.o
LOAD src\system_stm32l1xx.o
LOAD src\stm32l1xx_it.o
LOAD src\pwm_out.o
LOAD src\main.o
LOAD mcu\src\usart3.o
LOAD mcu\src\usart2.o
LOAD mcu\src\usart1.o
LOAD mcu\src\mcu.o
LOAD mcu\src\adc.o
LOAD Libraries\STM32L1xx_StdPeriph_Driver\src\stm32l1xx_wwdg.o
LOAD Libraries\STM32L1xx_StdPeriph_Driver\src\stm32l1xx_usart.o
LOAD Libraries\STM32L1xx_StdPeriph_Driver\src\stm32l1xx_tim.o
LOAD Libraries\STM32L1xx_StdPeriph_Driver\src\stm32l1xx_syscfg.o
LOAD Libraries\STM32L1xx_StdPeriph_Driver\src\stm32l1xx_spi.o
LOAD Libraries\STM32L1xx_StdPeriph_Driver\src\stm32l1xx_rtc.o
LOAD Libraries\STM32L1xx_StdPeriph_Driver\src\stm32l1xx_rcc.o
LOAD Libraries\STM32L1xx_StdPeriph_Driver\src\stm32l1xx_pwr.o
LOAD Libraries\STM32L1xx_StdPeriph_Driver\src\stm32l1xx_lcd.o
LOAD Libraries\STM32L1xx_StdPeriph_Driver\src\stm32l1xx_iwdg.o
LOAD Libraries\STM32L1xx_StdPeriph_Driver\src\stm32l1xx_i2c.o
LOAD Libraries\STM32L1xx_StdPeriph_Driver\src\stm32l1xx_gpio.o
LOAD Libraries\STM32L1xx_StdPeriph_Driver\src\stm32l1xx_flash_ramfunc.o
LOAD Libraries\STM32L1xx_StdPeriph_Driver\src\stm32l1xx_flash.o
LOAD Libraries\STM32L1xx_StdPeriph_Driver\src\stm32l1xx_exti.o
LOAD Libraries\STM32L1xx_StdPeriph_Driver\src\stm32l1xx_dma.o
LOAD Libraries\STM32L1xx_StdPeriph_Driver\src\stm32l1xx_dbgmcu.o
LOAD Libraries\STM32L1xx_StdPeriph_Driver\src\stm32l1xx_dac.o
LOAD Libraries\STM32L1xx_StdPeriph_Driver\src\stm32l1xx_crc.o
LOAD Libraries\STM32L1xx_StdPeriph_Driver\src\stm32l1xx_comp.o
LOAD Libraries\STM32L1xx_StdPeriph_Driver\src\stm32l1xx_adc.o
LOAD Libraries\STM32L1xx_StdPeriph_Driver\src\misc.o
LOAD Libraries\CMSIS\CM3\DeviceSupport\ST\STM32L1xx\startup\TrueSTUDIO\startup_stm32l1xx_md.o
LOAD Libraries\CMSIS\CM3\CoreSupport\core_cm3.o
LOAD c:/program files (x86)/atollic/truestudio for arm lite 3.2.0/armtools/bin/../lib/gcc/arm-atollic-eabi/4.6.2/../../../../arm-atollic-eabi/lib/thumb/armv7-m\libm.a
                0x00001000                malloc_getpagesize_P = 0x1000
START GROUP
LOAD c:/program files (x86)/atollic/truestudio for arm lite 3.2.0/armtools/bin/../lib/gcc/arm-atollic-eabi/4.6.2/thumb/armv7-m\libgcc.a
LOAD c:/program files (x86)/atollic/truestudio for arm lite 3.2.0/armtools/bin/../lib/gcc/arm-atollic-eabi/4.6.2/../../../../arm-atollic-eabi/lib/thumb/armv7-m\libc.a
END GROUP
LOAD c:/program files (x86)/atollic/truestudio for arm lite 3.2.0/armtools/bin/../lib/gcc/arm-atollic-eabi/4.6.2/thumb/armv7-m/crtend.o
LOAD c:/program files (x86)/atollic/truestudio for arm lite 3.2.0/armtools/bin/../lib/gcc/arm-atollic-eabi/4.6.2/thumb/armv7-m/crtn.o
                0x20004000                _estack = 0x20004000
                0x00000000                _Min_Heap_Size = 0x0
                0x00000080                _Min_Stack_Size = 0x80

.isr_vector     0x08000000      0x10c
                0x08000000                . = ALIGN (0x4)
 *(.isr_vector)
 .isr_vector    0x08000000      0x10c Libraries\CMSIS\CM3\DeviceSupport\ST\STM32L1xx\startup\TrueSTUDIO\startup_stm32l1xx_md.o
                0x08000000                g_pfnVectors
                0x0800010c                . = ALIGN (0x4)

.text           0x0800010c     0x1abc
                0x0800010c                . = ALIGN (0x4)
 *(.text)
 .text          0x0800010c       0x54 c:/program files (x86)/atollic/truestudio for arm lite 3.2.0/armtools/bin/../lib/gcc/arm-atollic-eabi/4.6.2/thumb/armv7-m/crtbegin.o
 *(.text*)
 .text.initBaseTimer
                0x08000160       0xb0 src\timer.o
                0x08000160                initBaseTimer
 .text.TIM2_IRQHandler
                0x08000210       0x74 src\timer.o
                0x08000210                TIM2_IRQHandler
 .text.SystemInit
                0x08000284       0xb0 src\system_stm32l1xx.o
                0x08000284                SystemInit
 .text.SetSysClock
                0x08000334      0x1dc src\system_stm32l1xx.o
 .text.NMI_Handler
                0x08000510        0xc src\stm32l1xx_it.o
                0x08000510                NMI_Handler
 .text.HardFault_Handler
                0x0800051c        0x8 src\stm32l1xx_it.o
                0x0800051c                HardFault_Handler
 .text.MemManage_Handler
                0x08000524        0x8 src\stm32l1xx_it.o
                0x08000524                MemManage_Handler
 .text.BusFault_Handler
                0x0800052c        0x8 src\stm32l1xx_it.o
                0x0800052c                BusFault_Handler
 .text.UsageFault_Handler
                0x08000534        0x8 src\stm32l1xx_it.o
                0x08000534                UsageFault_Handler
 .text.SVC_Handler
                0x0800053c        0xc src\stm32l1xx_it.o
                0x0800053c                SVC_Handler
 .text.DebugMon_Handler
                0x08000548        0xc src\stm32l1xx_it.o
                0x08000548                DebugMon_Handler
 .text.PendSV_Handler
                0x08000554        0xc src\stm32l1xx_it.o
                0x08000554                PendSV_Handler
 .text.SysTick_Handler
                0x08000560        0xc src\stm32l1xx_it.o
                0x08000560                SysTick_Handler
 .text.initPWM_Output
                0x0800056c      0x18c src\pwm_out.o
                0x0800056c                initPWM_Output
 .text.handleReceivedChar1pwm
                0x080006f8       0xa0 src\main.o
                0x080006f8                handleReceivedChar1pwm
 .text.userButtonDown
                0x08000798       0x54 src\main.o
                0x08000798                userButtonDown
 .text.main     0x080007ec       0x78 src\main.o
                0x080007ec                main
 .text.USART3_IRQHandler
                0x08000864       0xa0 mcu\src\usart3.o
                0x08000864                USART3_IRQHandler
 .text.USART2_IRQHandler
                0x08000904       0xa0 mcu\src\usart2.o
                0x08000904                USART2_IRQHandler
 .text.initUSART1
                0x080009a4      0x110 mcu\src\usart1.o
                0x080009a4                initUSART1
 .text.USART1_IRQHandler
                0x08000ab4       0xa0 mcu\src\usart1.o
                0x08000ab4                USART1_IRQHandler
 .text.PutcUART1
                0x08000b54       0x3c mcu\src\usart1.o
                0x08000b54                PutcUART1
 .text.PutsUART1
                0x08000b90       0x3c mcu\src\usart1.o
                0x08000b90                PutsUART1
 .text.RegisterCallbackUART1
                0x08000bcc       0x20 mcu\src\usart1.o
                0x08000bcc                RegisterCallbackUART1
 .text.USART_Init
                0x08000bec      0x1a0 Libraries\STM32L1xx_StdPeriph_Driver\src\stm32l1xx_usart.o
                0x08000bec                USART_Init
 .text.USART_Cmd
                0x08000d8c       0x40 Libraries\STM32L1xx_StdPeriph_Driver\src\stm32l1xx_usart.o
                0x08000d8c                USART_Cmd
 .text.USART_SendData
                0x08000dcc       0x28 Libraries\STM32L1xx_StdPeriph_Driver\src\stm32l1xx_usart.o
                0x08000dcc                USART_SendData
 .text.USART_ReceiveData
                0x08000df4       0x24 Libraries\STM32L1xx_StdPeriph_Driver\src\stm32l1xx_usart.o
                0x08000df4                USART_ReceiveData
 .text.USART_ITConfig
                0x08000e18       0xa4 Libraries\STM32L1xx_StdPeriph_Driver\src\stm32l1xx_usart.o
                0x08000e18                USART_ITConfig
 .text.USART_GetFlagStatus
                0x08000ebc       0x40 Libraries\STM32L1xx_StdPeriph_Driver\src\stm32l1xx_usart.o
                0x08000ebc                USART_GetFlagStatus
 .text.USART_GetITStatus
                0x08000efc       0xc4 Libraries\STM32L1xx_StdPeriph_Driver\src\stm32l1xx_usart.o
                0x08000efc                USART_GetITStatus
 .text.USART_ClearITPendingBit
                0x08000fc0       0x44 Libraries\STM32L1xx_StdPeriph_Driver\src\stm32l1xx_usart.o
                0x08000fc0                USART_ClearITPendingBit
 .text.TIM_TimeBaseInit
                0x08001004       0xa4 Libraries\STM32L1xx_StdPeriph_Driver\src\stm32l1xx_tim.o
                0x08001004                TIM_TimeBaseInit
 .text.TIM_ARRPreloadConfig
                0x080010a8       0x40 Libraries\STM32L1xx_StdPeriph_Driver\src\stm32l1xx_tim.o
                0x080010a8                TIM_ARRPreloadConfig
 .text.TIM_Cmd  0x080010e8       0x40 Libraries\STM32L1xx_StdPeriph_Driver\src\stm32l1xx_tim.o
                0x080010e8                TIM_Cmd
 .text.TIM_OC2Init
                0x08001128       0x90 Libraries\STM32L1xx_StdPeriph_Driver\src\stm32l1xx_tim.o
                0x08001128                TIM_OC2Init
 .text.TIM_OC2PreloadConfig
                0x080011b8       0x40 Libraries\STM32L1xx_StdPeriph_Driver\src\stm32l1xx_tim.o
                0x080011b8                TIM_OC2PreloadConfig
 .text.TIM_ITConfig
                0x080011f8       0x48 Libraries\STM32L1xx_StdPeriph_Driver\src\stm32l1xx_tim.o
                0x080011f8                TIM_ITConfig
 .text.TIM_GetITStatus
                0x08001240       0x60 Libraries\STM32L1xx_StdPeriph_Driver\src\stm32l1xx_tim.o
                0x08001240                TIM_GetITStatus
 .text.TIM_ClearITPendingBit
                0x080012a0       0x24 Libraries\STM32L1xx_StdPeriph_Driver\src\stm32l1xx_tim.o
                0x080012a0                TIM_ClearITPendingBit
 .text.RCC_GetClocksFreq
                0x080012c4      0x22c Libraries\STM32L1xx_StdPeriph_Driver\src\stm32l1xx_rcc.o
                0x080012c4                RCC_GetClocksFreq
 .text.RCC_AHBPeriphClockCmd
                0x080014f0       0x58 Libraries\STM32L1xx_StdPeriph_Driver\src\stm32l1xx_rcc.o
                0x080014f0                RCC_AHBPeriphClockCmd
 .text.RCC_APB2PeriphClockCmd
                0x08001548       0x58 Libraries\STM32L1xx_StdPeriph_Driver\src\stm32l1xx_rcc.o
                0x08001548                RCC_APB2PeriphClockCmd
 .text.RCC_APB1PeriphClockCmd
                0x080015a0       0x58 Libraries\STM32L1xx_StdPeriph_Driver\src\stm32l1xx_rcc.o
                0x080015a0                RCC_APB1PeriphClockCmd
 .text.GPIO_Init
                0x080015f8      0x15c Libraries\STM32L1xx_StdPeriph_Driver\src\stm32l1xx_gpio.o
                0x080015f8                GPIO_Init
 .text.GPIO_ReadInputDataBit
                0x08001754       0x40 Libraries\STM32L1xx_StdPeriph_Driver\src\stm32l1xx_gpio.o
                0x08001754                GPIO_ReadInputDataBit
 .text.GPIO_PinAFConfig
                0x08001794       0xac Libraries\STM32L1xx_StdPeriph_Driver\src\stm32l1xx_gpio.o
                0x08001794                GPIO_PinAFConfig
 .text.NVIC_PriorityGroupConfig
                0x08001840       0x28 Libraries\STM32L1xx_StdPeriph_Driver\src\misc.o
                0x08001840                NVIC_PriorityGroupConfig
 .text.NVIC_Init
                0x08001868       0xe8 Libraries\STM32L1xx_StdPeriph_Driver\src\misc.o
                0x08001868                NVIC_Init
 .text.Reset_Handler
                0x08001950       0x48 Libraries\CMSIS\CM3\DeviceSupport\ST\STM32L1xx\startup\TrueSTUDIO\startup_stm32l1xx_md.o
                0x08001950                Reset_Handler
 .text.Default_Handler
                0x08001998        0x2 Libraries\CMSIS\CM3\DeviceSupport\ST\STM32L1xx\startup\TrueSTUDIO\startup_stm32l1xx_md.o
                0x08001998                RTC_Alarm_IRQHandler
                0x08001998                EXTI2_IRQHandler
                0x08001998                TIM10_IRQHandler
                0x08001998                USB_HP_IRQHandler
                0x08001998                TIM6_IRQHandler
                0x08001998                PVD_IRQHandler
                0x08001998                EXTI3_IRQHandler
                0x08001998                EXTI0_IRQHandler
                0x08001998                I2C2_EV_IRQHandler
                0x08001998                SPI1_IRQHandler
                0x08001998                USB_FS_WKUP_IRQHandler
                0x08001998                DMA1_Channel4_IRQHandler
                0x08001998                ADC1_IRQHandler
                0x08001998                DMA1_Channel7_IRQHandler
                0x08001998                LCD_IRQHandler
                0x08001998                TIM4_IRQHandler
                0x08001998                I2C1_EV_IRQHandler
                0x08001998                DMA1_Channel6_IRQHandler
                0x08001998                TIM3_IRQHandler
                0x08001998                RCC_IRQHandler
                0x08001998                DMA1_Channel1_IRQHandler
                0x08001998                Default_Handler
                0x08001998                EXTI15_10_IRQHandler
                0x08001998                TIM7_IRQHandler
                0x08001998                EXTI9_5_IRQHandler
                0x08001998                TIM9_IRQHandler
                0x08001998                TAMPER_STAMP_IRQHandler
                0x08001998                RTC_WKUP_IRQHandler
                0x08001998                SPI2_IRQHandler
                0x08001998                DMA1_Channel5_IRQHandler
                0x08001998                USB_LP_IRQHandler
                0x08001998                EXTI4_IRQHandler
                0x08001998                DMA1_Channel3_IRQHandler
                0x08001998                COMP_IRQHandler
                0x08001998                WWDG_IRQHandler
                0x08001998                DAC_IRQHandler
                0x08001998                EXTI1_IRQHandler
                0x08001998                TIM11_IRQHandler
                0x08001998                I2C2_ER_IRQHandler
                0x08001998                DMA1_Channel2_IRQHandler
                0x08001998                FLASH_IRQHandler
                0x08001998                I2C1_ER_IRQHandler
 *fill*         0x0800199a        0x2 00
 .text.__libc_init_array
                0x0800199c       0x48 c:/program files (x86)/atollic/truestudio for arm lite 3.2.0/armtools/bin/../lib/gcc/arm-atollic-eabi/4.6.2/../../../../arm-atollic-eabi/lib/thumb/armv7-m\libc.a(lib_a-init.o)
                0x0800199c                __libc_init_array
 .text.toupper  0x080019e4       0x18 c:/program files (x86)/atollic/truestudio for arm lite 3.2.0/armtools/bin/../lib/gcc/arm-atollic-eabi/4.6.2/../../../../arm-atollic-eabi/lib/thumb/armv7-m\libc.a(lib_a-toupper.o)
                0x080019e4                toupper
 *(.rodata)
 .rodata        0x080019fc       0xac src\main.o
 .rodata        0x08001aa8        0x4 mcu\src\usart1.o
 *(.rodata*)
 .rodata._ctype_
                0x08001aac      0x101 c:/program files (x86)/atollic/truestudio for arm lite 3.2.0/armtools/bin/../lib/gcc/arm-atollic-eabi/4.6.2/../../../../arm-atollic-eabi/lib/thumb/armv7-m\libc.a(lib_a-ctype_.o)
                0x08001aac                _ctype_
 *(.glue_7)
 .glue_7        0x00000000        0x0 linker stubs
 *(.glue_7t)
 .glue_7t       0x00000000        0x0 linker stubs
 *(.eh_frame)
 *fill*         0x08001bad        0x3 00
 .eh_frame      0x08001bb0        0x0 c:/program files (x86)/atollic/truestudio for arm lite 3.2.0/armtools/bin/../lib/gcc/arm-atollic-eabi/4.6.2/thumb/armv7-m/crtbegin.o
 *(.init)
 .init          0x08001bb0        0x4 c:/program files (x86)/atollic/truestudio for arm lite 3.2.0/armtools/bin/../lib/gcc/arm-atollic-eabi/4.6.2/thumb/armv7-m/crti.o
                0x08001bb0                _init
 .init          0x08001bb4        0x8 c:/program files (x86)/atollic/truestudio for arm lite 3.2.0/armtools/bin/../lib/gcc/arm-atollic-eabi/4.6.2/thumb/armv7-m/crtn.o
 *(.fini)
 .fini          0x08001bbc        0x4 c:/program files (x86)/atollic/truestudio for arm lite 3.2.0/armtools/bin/../lib/gcc/arm-atollic-eabi/4.6.2/thumb/armv7-m/crti.o
                0x08001bbc                _fini
 .fini          0x08001bc0        0x8 c:/program files (x86)/atollic/truestudio for arm lite 3.2.0/armtools/bin/../lib/gcc/arm-atollic-eabi/4.6.2/thumb/armv7-m/crtn.o
                0x08001bc8                . = ALIGN (0x4)
                0x08001bc8                _etext = .

.vfp11_veneer   0x08001bc8        0x0
 .vfp11_veneer  0x00000000        0x0 linker stubs

.v4_bx          0x08001bc8        0x0
 .v4_bx         0x00000000        0x0 linker stubs

.ARM.extab
 *(.ARM.extab* .gnu.linkonce.armextab.*)

.ARM            0x08001bc8        0x0
                0x08001bc8                __exidx_start = .
 *(.ARM.exidx*)
                0x08001bc8                __exidx_end = .

.preinit_array  0x08001bc8        0x0
                0x08001bc8                PROVIDE (__preinit_array_start, .)
 *(.preinit_array*)
                0x08001bc8                PROVIDE (__preinit_array_end, .)

.init_array     0x08001bc8        0x4
                0x08001bc8                PROVIDE (__init_array_start, .)
 *(SORT(.init_array.*))
 *(.init_array*)
 .init_array    0x08001bc8        0x4 c:/program files (x86)/atollic/truestudio for arm lite 3.2.0/armtools/bin/../lib/gcc/arm-atollic-eabi/4.6.2/thumb/armv7-m/crtbegin.o
                0x08001bcc                PROVIDE (__init_array_end, .)

.fini_array     0x08001bcc        0x4
                0x08001bcc                PROVIDE (__fini_array_start, .)
 *(.fini_array*)
 .fini_array    0x08001bcc        0x4 c:/program files (x86)/atollic/truestudio for arm lite 3.2.0/armtools/bin/../lib/gcc/arm-atollic-eabi/4.6.2/thumb/armv7-m/crtbegin.o
 *(SORT(.fini_array.*))
                0x08001bd0                PROVIDE (__fini_array_end, .)
                0x08001bd0                _sidata = .

.data           0x20000000       0x24 load address 0x08001bd0
                0x20000000                . = ALIGN (0x4)
                0x20000000                _sdata = .
 *(.data)
 *(.data*)
 .data.SystemCoreClock
                0x20000000        0x4 src\system_stm32l1xx.o
                0x20000000                SystemCoreClock
 .data.PLLMulTable
                0x20000004        0xc Libraries\STM32L1xx_StdPeriph_Driver\src\stm32l1xx_rcc.o
 .data.APBAHBPrescTable
                0x20000010       0x10 Libraries\STM32L1xx_StdPeriph_Driver\src\stm32l1xx_rcc.o
 .data.__ctype_ptr__
                0x20000020        0x4 c:/program files (x86)/atollic/truestudio for arm lite 3.2.0/armtools/bin/../lib/gcc/arm-atollic-eabi/4.6.2/../../../../arm-atollic-eabi/lib/thumb/armv7-m\libc.a(lib_a-ctype_.o)
                0x20000020                __ctype_ptr__
                0x20000024                . = ALIGN (0x4)
                0x20000024                _edata = .

.jcr            0x20000024        0x0 load address 0x08001bf4
 .jcr           0x20000024        0x0 c:/program files (x86)/atollic/truestudio for arm lite 3.2.0/armtools/bin/../lib/gcc/arm-atollic-eabi/4.6.2/thumb/armv7-m/crtbegin.o
                0x20000024                . = ALIGN (0x4)

.bss            0x20000028       0x54 load address 0x08001bf8
                0x20000028                _sbss = .
                0x20000028                __bss_start__ = _sbss
 *(.bss)
 .bss           0x20000028       0x1c c:/program files (x86)/atollic/truestudio for arm lite 3.2.0/armtools/bin/../lib/gcc/arm-atollic-eabi/4.6.2/thumb/armv7-m/crtbegin.o
 *(.bss*)
 *fill*         0x20000044        0x4 00
 .bss.gTimeStamp
                0x20000048        0x8 src\timer.o
                0x20000048                gTimeStamp
 .bss.PrescalerValue
                0x20000050        0x2 src\pwm_out.o
                0x20000050                PrescalerValue
 .bss.lastPressed.6888
                0x20000052        0x1 src\main.o
 *fill*         0x20000053        0x1 00
 .bss.gCallback3
                0x20000054        0x4 mcu\src\usart3.o
                0x20000054                gCallback3
 .bss.gCallback2
                0x20000058        0x4 mcu\src\usart2.o
                0x20000058                gCallback2
 .bss.gCallback1
                0x2000005c        0x4 mcu\src\usart1.o
                0x2000005c                gCallback1
 *(COMMON)
 COMMON         0x20000060        0x4 src\timer.o
                0x20000060                gBaseTimerHandler
 COMMON         0x20000064       0x18 src\pwm_out.o
                0x20000064                TIM_TimeBaseStructure
                0x2000006c                TIM_OCInitStructure
                0x20000074                GPIO_InitStructure
                0x2000007c                . = ALIGN (0x4)
                0x2000007c                _ebss = .
                0x2000007c                __bss_end__ = _ebss

._user_heap_stack
                0x2000007c       0x80 load address 0x08001bf4
                0x2000007c                . = ALIGN (0x4)
                0x2000007c                PROVIDE (end, .)
                0x2000007c                PROVIDE (_end, .)
                0x2000007c                . = (. + _Min_Heap_Size)
                0x200000fc                . = (. + _Min_Stack_Size)
 *fill*         0x2000007c       0x80 00
                0x200000fc                . = ALIGN (0x4)

.memory_b1_text
 *(.mb1text)
 *(.mb1text*)
 *(.mb1rodata)
 *(.mb1rodata*)

/DISCARD/
 libc.a(*)
 libm.a(*)
 libgcc.a(*)

.ARM.attributes
                0x00000000       0x29
 *(.ARM.attributes)
 .ARM.attributes
                0x00000000       0x1d c:/program files (x86)/atollic/truestudio for arm lite 3.2.0/armtools/bin/../lib/gcc/arm-atollic-eabi/4.6.2/thumb/armv7-m/crti.o
 .ARM.attributes
                0x0000001d       0x2d c:/program files (x86)/atollic/truestudio for arm lite 3.2.0/armtools/bin/../lib/gcc/arm-atollic-eabi/4.6.2/thumb/armv7-m/crtbegin.o
 .ARM.attributes
                0x0000004a       0x33 src\timer.o
 .ARM.attributes
                0x0000007d       0x33 src\system_stm32l1xx.o
 .ARM.attributes
                0x000000b0       0x33 src\stm32l1xx_it.o
 .ARM.attributes
                0x000000e3       0x33 src\pwm_out.o
 .ARM.attributes
                0x00000116       0x33 src\main.o
 .ARM.attributes
                0x00000149       0x33 mcu\src\usart3.o
 .ARM.attributes
                0x0000017c       0x33 mcu\src\usart2.o
 .ARM.attributes
                0x000001af       0x33 mcu\src\usart1.o
 .ARM.attributes
                0x000001e2       0x33 mcu\src\mcu.o
 .ARM.attributes
                0x00000215       0x33 mcu\src\adc.o
 .ARM.attributes
                0x00000248       0x33 Libraries\STM32L1xx_StdPeriph_Driver\src\stm32l1xx_wwdg.o
 .ARM.attributes
                0x0000027b       0x33 Libraries\STM32L1xx_StdPeriph_Driver\src\stm32l1xx_usart.o
 .ARM.attributes
                0x000002ae       0x33 Libraries\STM32L1xx_StdPeriph_Driver\src\stm32l1xx_tim.o
 .ARM.attributes
                0x000002e1       0x33 Libraries\STM32L1xx_StdPeriph_Driver\src\stm32l1xx_syscfg.o
 .ARM.attributes
                0x00000314       0x33 Libraries\STM32L1xx_StdPeriph_Driver\src\stm32l1xx_spi.o
 .ARM.attributes
                0x00000347       0x33 Libraries\STM32L1xx_StdPeriph_Driver\src\stm32l1xx_rtc.o
 .ARM.attributes
                0x0000037a       0x33 Libraries\STM32L1xx_StdPeriph_Driver\src\stm32l1xx_rcc.o
 .ARM.attributes
                0x000003ad       0x33 Libraries\STM32L1xx_StdPeriph_Driver\src\stm32l1xx_pwr.o
 .ARM.attributes
                0x000003e0       0x33 Libraries\STM32L1xx_StdPeriph_Driver\src\stm32l1xx_lcd.o
 .ARM.attributes
                0x00000413       0x33 Libraries\STM32L1xx_StdPeriph_Driver\src\stm32l1xx_iwdg.o
 .ARM.attributes
                0x00000446       0x33 Libraries\STM32L1xx_StdPeriph_Driver\src\stm32l1xx_i2c.o
 .ARM.attributes
                0x00000479       0x33 Libraries\STM32L1xx_StdPeriph_Driver\src\stm32l1xx_gpio.o
 .ARM.attributes
                0x000004ac       0x33 Libraries\STM32L1xx_StdPeriph_Driver\src\stm32l1xx_flash_ramfunc.o
 .ARM.attributes
                0x000004df       0x33 Libraries\STM32L1xx_StdPeriph_Driver\src\stm32l1xx_flash.o
 .ARM.attributes
                0x00000512       0x33 Libraries\STM32L1xx_StdPeriph_Driver\src\stm32l1xx_exti.o
 .ARM.attributes
                0x00000545       0x33 Libraries\STM32L1xx_StdPeriph_Driver\src\stm32l1xx_dma.o
 .ARM.attributes
                0x00000578       0x33 Libraries\STM32L1xx_StdPeriph_Driver\src\stm32l1xx_dbgmcu.o
 .ARM.attributes
                0x000005ab       0x33 Libraries\STM32L1xx_StdPeriph_Driver\src\stm32l1xx_dac.o
 .ARM.attributes
                0x000005de       0x33 Libraries\STM32L1xx_StdPeriph_Driver\src\stm32l1xx_crc.o
 .ARM.attributes
                0x00000611       0x33 Libraries\STM32L1xx_StdPeriph_Driver\src\stm32l1xx_comp.o
 .ARM.attributes
                0x00000644       0x33 Libraries\STM32L1xx_StdPeriph_Driver\src\stm32l1xx_adc.o
 .ARM.attributes
                0x00000677       0x33 Libraries\STM32L1xx_StdPeriph_Driver\src\misc.o
 .ARM.attributes
                0x000006aa       0x21 Libraries\CMSIS\CM3\DeviceSupport\ST\STM32L1xx\startup\TrueSTUDIO\startup_stm32l1xx_md.o
 .ARM.attributes
                0x000006cb       0x33 Libraries\CMSIS\CM3\CoreSupport\core_cm3.o
 .ARM.attributes
                0x000006fe       0x2d c:/program files (x86)/atollic/truestudio for arm lite 3.2.0/armtools/bin/../lib/gcc/arm-atollic-eabi/4.6.2/../../../../arm-atollic-eabi/lib/thumb/armv7-m\libc.a(lib_a-init.o)
 .ARM.attributes
                0x0000072b       0x2d c:/program files (x86)/atollic/truestudio for arm lite 3.2.0/armtools/bin/../lib/gcc/arm-atollic-eabi/4.6.2/../../../../arm-atollic-eabi/lib/thumb/armv7-m\libc.a(lib_a-sprintf.o)
 .ARM.attributes
                0x00000758       0x2d c:/program files (x86)/atollic/truestudio for arm lite 3.2.0/armtools/bin/../lib/gcc/arm-atollic-eabi/4.6.2/../../../../arm-atollic-eabi/lib/thumb/armv7-m\libc.a(lib_a-svfprintf.o)
 .ARM.attributes
                0x00000785       0x2d c:/program files (x86)/atollic/truestudio for arm lite 3.2.0/armtools/bin/../lib/gcc/arm-atollic-eabi/4.6.2/../../../../arm-atollic-eabi/lib/thumb/armv7-m\libc.a(lib_a-toupper.o)
 .ARM.attributes
                0x000007b2       0x2d c:/program files (x86)/atollic/truestudio for arm lite 3.2.0/armtools/bin/../lib/gcc/arm-atollic-eabi/4.6.2/../../../../arm-atollic-eabi/lib/thumb/armv7-m\libc.a(lib_a-ctype_.o)
 .ARM.attributes
                0x000007df       0x2d c:/program files (x86)/atollic/truestudio for arm lite 3.2.0/armtools/bin/../lib/gcc/arm-atollic-eabi/4.6.2/../../../../arm-atollic-eabi/lib/thumb/armv7-m\libc.a(lib_a-dtoa.o)
 .ARM.attributes
                0x0000080c       0x2d c:/program files (x86)/atollic/truestudio for arm lite 3.2.0/armtools/bin/../lib/gcc/arm-atollic-eabi/4.6.2/../../../../arm-atollic-eabi/lib/thumb/armv7-m\libc.a(lib_a-impure.o)
 .ARM.attributes
                0x00000839       0x2d c:/program files (x86)/atollic/truestudio for arm lite 3.2.0/armtools/bin/../lib/gcc/arm-atollic-eabi/4.6.2/../../../../arm-atollic-eabi/lib/thumb/armv7-m\libc.a(lib_a-locale.o)
 .ARM.attributes
                0x00000866       0x2d c:/program files (x86)/atollic/truestudio for arm lite 3.2.0/armtools/bin/../lib/gcc/arm-atollic-eabi/4.6.2/../../../../arm-atollic-eabi/lib/thumb/armv7-m\libc.a(lib_a-malloc.o)
 .ARM.attributes
                0x00000893       0x2d c:/program files (x86)/atollic/truestudio for arm lite 3.2.0/armtools/bin/../lib/gcc/arm-atollic-eabi/4.6.2/../../../../arm-atollic-eabi/lib/thumb/armv7-m\libc.a(lib_a-mallocr.o)
 .ARM.attributes
                0x000008c0       0x2d c:/program files (x86)/atollic/truestudio for arm lite 3.2.0/armtools/bin/../lib/gcc/arm-atollic-eabi/4.6.2/../../../../arm-atollic-eabi/lib/thumb/armv7-m\libc.a(lib_a-memchr.o)
 .ARM.attributes
                0x000008ed       0x2d c:/program files (x86)/atollic/truestudio for arm lite 3.2.0/armtools/bin/../lib/gcc/arm-atollic-eabi/4.6.2/../../../../arm-atollic-eabi/lib/thumb/armv7-m\libc.a(lib_a-memcpy.o)
 .ARM.attributes
                0x0000091a       0x2d c:/program files (x86)/atollic/truestudio for arm lite 3.2.0/armtools/bin/../lib/gcc/arm-atollic-eabi/4.6.2/../../../../arm-atollic-eabi/lib/thumb/armv7-m\libc.a(lib_a-mlock.o)
 .ARM.attributes
                0x00000947       0x2d c:/program files (x86)/atollic/truestudio for arm lite 3.2.0/armtools/bin/../lib/gcc/arm-atollic-eabi/4.6.2/../../../../arm-atollic-eabi/lib/thumb/armv7-m\libc.a(lib_a-mprec.o)
 .ARM.attributes
                0x00000974       0x2d c:/program files (x86)/atollic/truestudio for arm lite 3.2.0/armtools/bin/../lib/gcc/arm-atollic-eabi/4.6.2/../../../../arm-atollic-eabi/lib/thumb/armv7-m\libc.a(lib_a-s_fpclassify.o)
 .ARM.attributes
                0x000009a1       0x2d c:/program files (x86)/atollic/truestudio for arm lite 3.2.0/armtools/bin/../lib/gcc/arm-atollic-eabi/4.6.2/../../../../arm-atollic-eabi/lib/thumb/armv7-m\libc.a(lib_a-sbrkr.o)
 .ARM.attributes
                0x000009ce       0x2d c:/program files (x86)/atollic/truestudio for arm lite 3.2.0/armtools/bin/../lib/gcc/arm-atollic-eabi/4.6.2/../../../../arm-atollic-eabi/lib/thumb/armv7-m\libc.a(lib_a-strcmp.o)
 .ARM.attributes
                0x000009fb       0x2d c:/program files (x86)/atollic/truestudio for arm lite 3.2.0/armtools/bin/../lib/gcc/arm-atollic-eabi/4.6.2/../../../../arm-atollic-eabi/lib/thumb/armv7-m\libc.a(lib_a-strlen.o)
 .ARM.attributes
                0x00000a28       0x2d c:/program files (x86)/atollic/truestudio for arm lite 3.2.0/armtools/bin/../lib/gcc/arm-atollic-eabi/4.6.2/../../../../arm-atollic-eabi/lib/thumb/armv7-m\libc.a(lib_a-svfiprintf.o)
 .ARM.attributes
                0x00000a55       0x2d c:/program files (x86)/atollic/truestudio for arm lite 3.2.0/armtools/bin/../lib/gcc/arm-atollic-eabi/4.6.2/../../../../arm-atollic-eabi/lib/thumb/armv7-m\libc.a(lib_a-syscalls.o)
 .ARM.attributes
                0x00000a82       0x2d c:/program files (x86)/atollic/truestudio for arm lite 3.2.0/armtools/bin/../lib/gcc/arm-atollic-eabi/4.6.2/../../../../arm-atollic-eabi/lib/thumb/armv7-m\libc.a(lib_a-callocr.o)
 .ARM.attributes
                0x00000aaf       0x2d c:/program files (x86)/atollic/truestudio for arm lite 3.2.0/armtools/bin/../lib/gcc/arm-atollic-eabi/4.6.2/../../../../arm-atollic-eabi/lib/thumb/armv7-m\libc.a(lib_a-freer.o)
 .ARM.attributes
                0x00000adc       0x2d c:/program files (x86)/atollic/truestudio for arm lite 3.2.0/armtools/bin/../lib/gcc/arm-atollic-eabi/4.6.2/../../../../arm-atollic-eabi/lib/thumb/armv7-m\libc.a(lib_a-memmove.o)
 .ARM.attributes
                0x00000b09       0x2d c:/program files (x86)/atollic/truestudio for arm lite 3.2.0/armtools/bin/../lib/gcc/arm-atollic-eabi/4.6.2/../../../../arm-atollic-eabi/lib/thumb/armv7-m\libc.a(lib_a-memset.o)
 .ARM.attributes
                0x00000b36       0x2d c:/program files (x86)/atollic/truestudio for arm lite 3.2.0/armtools/bin/../lib/gcc/arm-atollic-eabi/4.6.2/../../../../arm-atollic-eabi/lib/thumb/armv7-m\libc.a(lib_a-reallocr.o)
 .ARM.attributes
                0x00000b63       0x2d c:/program files (x86)/atollic/truestudio for arm lite 3.2.0/armtools/bin/../lib/gcc/arm-atollic-eabi/4.6.2/../../../../arm-atollic-eabi/lib/thumb/armv7-m\libc.a(lib_a-reent.o)
 .ARM.attributes
                0x00000b90       0x1d c:/program files (x86)/atollic/truestudio for arm lite 3.2.0/armtools/bin/../lib/gcc/arm-atollic-eabi/4.6.2/thumb/armv7-m\libgcc.a(_arm_addsubdf3.o)
 .ARM.attributes
                0x00000bad       0x1d c:/program files (x86)/atollic/truestudio for arm lite 3.2.0/armtools/bin/../lib/gcc/arm-atollic-eabi/4.6.2/thumb/armv7-m\libgcc.a(_arm_muldivdf3.o)
 .ARM.attributes
                0x00000bca       0x1d c:/program files (x86)/atollic/truestudio for arm lite 3.2.0/armtools/bin/../lib/gcc/arm-atollic-eabi/4.6.2/thumb/armv7-m\libgcc.a(_arm_cmpdf2.o)
 .ARM.attributes
                0x00000be7       0x1d c:/program files (x86)/atollic/truestudio for arm lite 3.2.0/armtools/bin/../lib/gcc/arm-atollic-eabi/4.6.2/thumb/armv7-m\libgcc.a(_arm_fixdfsi.o)
 .ARM.attributes
                0x00000c04       0x1d c:/program files (x86)/atollic/truestudio for arm lite 3.2.0/armtools/bin/../lib/gcc/arm-atollic-eabi/4.6.2/thumb/armv7-m\libgcc.a(_aeabi_uldivmod.o)
 .ARM.attributes
                0x00000c21       0x2d c:/program files (x86)/atollic/truestudio for arm lite 3.2.0/armtools/bin/../lib/gcc/arm-atollic-eabi/4.6.2/thumb/armv7-m\libgcc.a(bpabi.o)
 .ARM.attributes
                0x00000c4e       0x2d c:/program files (x86)/atollic/truestudio for arm lite 3.2.0/armtools/bin/../lib/gcc/arm-atollic-eabi/4.6.2/thumb/armv7-m\libgcc.a(unwind-arm.o)
 .ARM.attributes
                0x00000c7b       0x1d c:/program files (x86)/atollic/truestudio for arm lite 3.2.0/armtools/bin/../lib/gcc/arm-atollic-eabi/4.6.2/thumb/armv7-m\libgcc.a(libunwind.o)
 .ARM.attributes
                0x00000c98       0x2d c:/program files (x86)/atollic/truestudio for arm lite 3.2.0/armtools/bin/../lib/gcc/arm-atollic-eabi/4.6.2/thumb/armv7-m\libgcc.a(pr-support.o)
 .ARM.attributes
                0x00000cc5       0x1d c:/program files (x86)/atollic/truestudio for arm lite 3.2.0/armtools/bin/../lib/gcc/arm-atollic-eabi/4.6.2/thumb/armv7-m\libgcc.a(_dvmd_tls.o)
 .ARM.attributes
                0x00000ce2       0x2d c:/program files (x86)/atollic/truestudio for arm lite 3.2.0/armtools/bin/../lib/gcc/arm-atollic-eabi/4.6.2/thumb/armv7-m\libgcc.a(_divdi3.o)
 .ARM.attributes
                0x00000d0f       0x2d c:/program files (x86)/atollic/truestudio for arm lite 3.2.0/armtools/bin/../lib/gcc/arm-atollic-eabi/4.6.2/thumb/armv7-m\libgcc.a(_udivdi3.o)
 .ARM.attributes
                0x00000d3c       0x2d c:/program files (x86)/atollic/truestudio for arm lite 3.2.0/armtools/bin/../lib/gcc/arm-atollic-eabi/4.6.2/../../../../arm-atollic-eabi/lib/thumb/armv7-m\libc.a(lib_a-abort.o)
 .ARM.attributes
                0x00000d69       0x2d c:/program files (x86)/atollic/truestudio for arm lite 3.2.0/armtools/bin/../lib/gcc/arm-atollic-eabi/4.6.2/../../../../arm-atollic-eabi/lib/thumb/armv7-m\libc.a(lib_a-signal.o)
 .ARM.attributes
                0x00000d96       0x2d c:/program files (x86)/atollic/truestudio for arm lite 3.2.0/armtools/bin/../lib/gcc/arm-atollic-eabi/4.6.2/../../../../arm-atollic-eabi/lib/thumb/armv7-m\libc.a(lib_a-signalr.o)
 .ARM.attributes
                0x00000dc3       0x2d c:/program files (x86)/atollic/truestudio for arm lite 3.2.0/armtools/bin/../lib/gcc/arm-atollic-eabi/4.6.2/thumb/armv7-m/crtend.o
 .ARM.attributes
                0x00000df0       0x1d c:/program files (x86)/atollic/truestudio for arm lite 3.2.0/armtools/bin/../lib/gcc/arm-atollic-eabi/4.6.2/thumb/armv7-m/crtn.o
OUTPUT(basic_project.elf elf32-littlearm)

.debug_info     0x00000000     0xdbba
 .debug_info    0x00000000      0x626 src\timer.o
 .debug_info    0x00000626      0x55a src\system_stm32l1xx.o
 .debug_info    0x00000b80      0x14e src\stm32l1xx_it.o
 .debug_info    0x00000cce      0x665 src\pwm_out.o
 .debug_info    0x00001333      0x774 src\main.o
 .debug_info    0x00001aa7      0x762 mcu\src\usart3.o
 .debug_info    0x00002209      0x762 mcu\src\usart2.o
 .debug_info    0x0000296b      0x762 mcu\src\usart1.o
 .debug_info    0x000030cd       0xe7 mcu\src\mcu.o
 .debug_info    0x000031b4      0x568 mcu\src\adc.o
 .debug_info    0x0000371c      0x24c Libraries\STM32L1xx_StdPeriph_Driver\src\stm32l1xx_wwdg.o
 .debug_info    0x00003968      0xa43 Libraries\STM32L1xx_StdPeriph_Driver\src\stm32l1xx_usart.o
 .debug_info    0x000043ab     0x1b42 Libraries\STM32L1xx_StdPeriph_Driver\src\stm32l1xx_tim.o
 .debug_info    0x00005eed      0x3f3 Libraries\STM32L1xx_StdPeriph_Driver\src\stm32l1xx_syscfg.o
 .debug_info    0x000062e0      0x76c Libraries\STM32L1xx_StdPeriph_Driver\src\stm32l1xx_spi.o
 .debug_info    0x00006a4c      0xefa Libraries\STM32L1xx_StdPeriph_Driver\src\stm32l1xx_rtc.o
 .debug_info    0x00007946      0xa74 Libraries\STM32L1xx_StdPeriph_Driver\src\stm32l1xx_rcc.o
 .debug_info    0x000083ba      0x57b Libraries\STM32L1xx_StdPeriph_Driver\src\stm32l1xx_pwr.o
 .debug_info    0x00008935      0x4dd Libraries\STM32L1xx_StdPeriph_Driver\src\stm32l1xx_lcd.o
 .debug_info    0x00008e12      0x202 Libraries\STM32L1xx_StdPeriph_Driver\src\stm32l1xx_iwdg.o
 .debug_info    0x00009014      0xb4a Libraries\STM32L1xx_StdPeriph_Driver\src\stm32l1xx_i2c.o
 .debug_info    0x00009b5e      0x628 Libraries\STM32L1xx_StdPeriph_Driver\src\stm32l1xx_gpio.o
 .debug_info    0x0000a186      0x31f Libraries\STM32L1xx_StdPeriph_Driver\src\stm32l1xx_flash_ramfunc.o
 .debug_info    0x0000a4a5      0x9cd Libraries\STM32L1xx_StdPeriph_Driver\src\stm32l1xx_flash.o
 .debug_info    0x0000ae72      0x366 Libraries\STM32L1xx_StdPeriph_Driver\src\stm32l1xx_exti.o
 .debug_info    0x0000b1d8      0x4a1 Libraries\STM32L1xx_StdPeriph_Driver\src\stm32l1xx_dma.o
 .debug_info    0x0000b679      0x1e6 Libraries\STM32L1xx_StdPeriph_Driver\src\stm32l1xx_dbgmcu.o
 .debug_info    0x0000b85f      0x677 Libraries\STM32L1xx_StdPeriph_Driver\src\stm32l1xx_dac.o
 .debug_info    0x0000bed6      0x204 Libraries\STM32L1xx_StdPeriph_Driver\src\stm32l1xx_crc.o
 .debug_info    0x0000c0da      0x24b Libraries\STM32L1xx_StdPeriph_Driver\src\stm32l1xx_comp.o
 .debug_info    0x0000c325      0xd12 Libraries\STM32L1xx_StdPeriph_Driver\src\stm32l1xx_adc.o
 .debug_info    0x0000d037      0x548 Libraries\STM32L1xx_StdPeriph_Driver\src\misc.o
 .debug_info    0x0000d57f       0xef Libraries\CMSIS\CM3\DeviceSupport\ST\STM32L1xx\startup\TrueSTUDIO\startup_stm32l1xx_md.o
 .debug_info    0x0000d66e      0x54c Libraries\CMSIS\CM3\CoreSupport\core_cm3.o

.debug_abbrev   0x00000000     0x2a32
 .debug_abbrev  0x00000000      0x158 src\timer.o
 .debug_abbrev  0x00000158      0x17c src\system_stm32l1xx.o
 .debug_abbrev  0x000002d4       0x59 src\stm32l1xx_it.o
 .debug_abbrev  0x0000032d      0x102 src\pwm_out.o
 .debug_abbrev  0x0000042f      0x197 src\main.o
 .debug_abbrev  0x000005c6      0x183 mcu\src\usart3.o
 .debug_abbrev  0x00000749      0x183 mcu\src\usart2.o
 .debug_abbrev  0x000008cc      0x183 mcu\src\usart1.o
 .debug_abbrev  0x00000a4f       0x8e mcu\src\mcu.o
 .debug_abbrev  0x00000add      0x122 mcu\src\adc.o
 .debug_abbrev  0x00000bff      0x120 Libraries\STM32L1xx_StdPeriph_Driver\src\stm32l1xx_wwdg.o
 .debug_abbrev  0x00000d1f      0x150 Libraries\STM32L1xx_StdPeriph_Driver\src\stm32l1xx_usart.o
 .debug_abbrev  0x00000e6f      0x174 Libraries\STM32L1xx_StdPeriph_Driver\src\stm32l1xx_tim.o
 .debug_abbrev  0x00000fe3      0x13f Libraries\STM32L1xx_StdPeriph_Driver\src\stm32l1xx_syscfg.o
 .debug_abbrev  0x00001122      0x150 Libraries\STM32L1xx_StdPeriph_Driver\src\stm32l1xx_spi.o
 .debug_abbrev  0x00001272      0x16d Libraries\STM32L1xx_StdPeriph_Driver\src\stm32l1xx_rtc.o
 .debug_abbrev  0x000013df      0x1b9 Libraries\STM32L1xx_StdPeriph_Driver\src\stm32l1xx_rcc.o
 .debug_abbrev  0x00001598      0x1b9 Libraries\STM32L1xx_StdPeriph_Driver\src\stm32l1xx_pwr.o
 .debug_abbrev  0x00001751      0x17d Libraries\STM32L1xx_StdPeriph_Driver\src\stm32l1xx_lcd.o
 .debug_abbrev  0x000018ce       0xfc Libraries\STM32L1xx_StdPeriph_Driver\src\stm32l1xx_iwdg.o
 .debug_abbrev  0x000019ca      0x15f Libraries\STM32L1xx_StdPeriph_Driver\src\stm32l1xx_i2c.o
 .debug_abbrev  0x00001b29      0x177 Libraries\STM32L1xx_StdPeriph_Driver\src\stm32l1xx_gpio.o
 .debug_abbrev  0x00001ca0      0x12d Libraries\STM32L1xx_StdPeriph_Driver\src\stm32l1xx_flash_ramfunc.o
 .debug_abbrev  0x00001dcd      0x166 Libraries\STM32L1xx_StdPeriph_Driver\src\stm32l1xx_flash.o
 .debug_abbrev  0x00001f33      0x18d Libraries\STM32L1xx_StdPeriph_Driver\src\stm32l1xx_exti.o
 .debug_abbrev  0x000020c0      0x150 Libraries\STM32L1xx_StdPeriph_Driver\src\stm32l1xx_dma.o
 .debug_abbrev  0x00002210       0xdc Libraries\STM32L1xx_StdPeriph_Driver\src\stm32l1xx_dbgmcu.o
 .debug_abbrev  0x000022ec      0x174 Libraries\STM32L1xx_StdPeriph_Driver\src\stm32l1xx_dac.o
 .debug_abbrev  0x00002460      0x10c Libraries\STM32L1xx_StdPeriph_Driver\src\stm32l1xx_crc.o
 .debug_abbrev  0x0000256c      0x147 Libraries\STM32L1xx_StdPeriph_Driver\src\stm32l1xx_comp.o
 .debug_abbrev  0x000026b3      0x15f Libraries\STM32L1xx_StdPeriph_Driver\src\stm32l1xx_adc.o
 .debug_abbrev  0x00002812      0x137 Libraries\STM32L1xx_StdPeriph_Driver\src\misc.o
 .debug_abbrev  0x00002949       0x12 Libraries\CMSIS\CM3\DeviceSupport\ST\STM32L1xx\startup\TrueSTUDIO\startup_stm32l1xx_md.o
 .debug_abbrev  0x0000295b       0xd7 Libraries\CMSIS\CM3\CoreSupport\core_cm3.o

.debug_loc      0x00000000     0x6f04
 .debug_loc     0x00000000       0x9c src\timer.o
 .debug_loc     0x0000009c       0x9c src\system_stm32l1xx.o
 .debug_loc     0x00000138      0x18c src\stm32l1xx_it.o
 .debug_loc     0x000002c4       0x2c src\pwm_out.o
 .debug_loc     0x000002f0      0x1fc src\main.o
 .debug_loc     0x000004ec      0x150 mcu\src\usart3.o
 .debug_loc     0x0000063c      0x150 mcu\src\usart2.o
 .debug_loc     0x0000078c      0x150 mcu\src\usart1.o
 .debug_loc     0x000008dc       0x64 mcu\src\mcu.o
 .debug_loc     0x00000940       0xf4 mcu\src\adc.o
 .debug_loc     0x00000a34      0x19c Libraries\STM32L1xx_StdPeriph_Driver\src\stm32l1xx_wwdg.o
 .debug_loc     0x00000bd0      0x658 Libraries\STM32L1xx_StdPeriph_Driver\src\stm32l1xx_usart.o
 .debug_loc     0x00001228     0x1260 Libraries\STM32L1xx_StdPeriph_Driver\src\stm32l1xx_tim.o
 .debug_loc     0x00002488      0x250 Libraries\STM32L1xx_StdPeriph_Driver\src\stm32l1xx_syscfg.o
 .debug_loc     0x000026d8      0x460 Libraries\STM32L1xx_StdPeriph_Driver\src\stm32l1xx_spi.o
 .debug_loc     0x00002b38      0x90c Libraries\STM32L1xx_StdPeriph_Driver\src\stm32l1xx_rtc.o
 .debug_loc     0x00003444      0x7f4 Libraries\STM32L1xx_StdPeriph_Driver\src\stm32l1xx_rcc.o
 .debug_loc     0x00003c38      0x350 Libraries\STM32L1xx_StdPeriph_Driver\src\stm32l1xx_pwr.o
 .debug_loc     0x00003f88      0x3cc Libraries\STM32L1xx_StdPeriph_Driver\src\stm32l1xx_lcd.o
 .debug_loc     0x00004354      0x138 Libraries\STM32L1xx_StdPeriph_Driver\src\stm32l1xx_iwdg.o
 .debug_loc     0x0000448c      0x700 Libraries\STM32L1xx_StdPeriph_Driver\src\stm32l1xx_i2c.o
 .debug_loc     0x00004b8c      0x2d8 Libraries\STM32L1xx_StdPeriph_Driver\src\stm32l1xx_gpio.o
 .debug_loc     0x00004e64      0x150 Libraries\STM32L1xx_StdPeriph_Driver\src\stm32l1xx_flash_ramfunc.o
 .debug_loc     0x00004fb4      0x6f8 Libraries\STM32L1xx_StdPeriph_Driver\src\stm32l1xx_flash.o
 .debug_loc     0x000056ac      0x1b4 Libraries\STM32L1xx_StdPeriph_Driver\src\stm32l1xx_exti.o
 .debug_loc     0x00005860      0x268 Libraries\STM32L1xx_StdPeriph_Driver\src\stm32l1xx_dma.o
 .debug_loc     0x00005ac8      0x100 Libraries\STM32L1xx_StdPeriph_Driver\src\stm32l1xx_dbgmcu.o
 .debug_loc     0x00005bc8      0x3ac Libraries\STM32L1xx_StdPeriph_Driver\src\stm32l1xx_dac.o
 .debug_loc     0x00005f74      0x12c Libraries\STM32L1xx_StdPeriph_Driver\src\stm32l1xx_crc.o
 .debug_loc     0x000060a0      0x144 Libraries\STM32L1xx_StdPeriph_Driver\src\stm32l1xx_comp.o
 .debug_loc     0x000061e4      0x818 Libraries\STM32L1xx_StdPeriph_Driver\src\stm32l1xx_adc.o
 .debug_loc     0x000069fc      0x118 Libraries\STM32L1xx_StdPeriph_Driver\src\misc.o
 .debug_loc     0x00006b14      0x3f0 Libraries\CMSIS\CM3\CoreSupport\core_cm3.o

.debug_aranges  0x00000000     0x1398
 .debug_aranges
                0x00000000       0x30 src\timer.o
 .debug_aranges
                0x00000030       0x30 src\system_stm32l1xx.o
 .debug_aranges
                0x00000060       0x60 src\stm32l1xx_it.o
 .debug_aranges
                0x000000c0       0x20 src\pwm_out.o
 .debug_aranges
                0x000000e0       0x60 src\main.o
 .debug_aranges
                0x00000140       0x48 mcu\src\usart3.o
 .debug_aranges
                0x00000188       0x48 mcu\src\usart2.o
 .debug_aranges
                0x000001d0       0x48 mcu\src\usart1.o
 .debug_aranges
                0x00000218       0x28 mcu\src\mcu.o
 .debug_aranges
                0x00000240       0x40 mcu\src\adc.o
 .debug_aranges
                0x00000280       0x58 Libraries\STM32L1xx_StdPeriph_Driver\src\stm32l1xx_wwdg.o
 .debug_aranges
                0x000002d8      0x100 Libraries\STM32L1xx_StdPeriph_Driver\src\stm32l1xx_usart.o
 .debug_aranges
                0x000003d8      0x2b8 Libraries\STM32L1xx_StdPeriph_Driver\src\stm32l1xx_tim.o
 .debug_aranges
                0x00000690       0x70 Libraries\STM32L1xx_StdPeriph_Driver\src\stm32l1xx_syscfg.o
 .debug_aranges
                0x00000700       0xb8 Libraries\STM32L1xx_StdPeriph_Driver\src\stm32l1xx_spi.o
 .debug_aranges
                0x000007b8      0x168 Libraries\STM32L1xx_StdPeriph_Driver\src\stm32l1xx_rtc.o
 .debug_aranges
                0x00000920      0x140 Libraries\STM32L1xx_StdPeriph_Driver\src\stm32l1xx_rcc.o
 .debug_aranges
                0x00000a60       0x98 Libraries\STM32L1xx_StdPeriph_Driver\src\stm32l1xx_pwr.o
 .debug_aranges
                0x00000af8       0xa8 Libraries\STM32L1xx_StdPeriph_Driver\src\stm32l1xx_lcd.o
 .debug_aranges
                0x00000ba0       0x48 Libraries\STM32L1xx_StdPeriph_Driver\src\stm32l1xx_iwdg.o
 .debug_aranges
                0x00000be8      0x118 Libraries\STM32L1xx_StdPeriph_Driver\src\stm32l1xx_i2c.o
 .debug_aranges
                0x00000d00       0x80 Libraries\STM32L1xx_StdPeriph_Driver\src\stm32l1xx_gpio.o
 .debug_aranges
                0x00000d80       0x48 Libraries\STM32L1xx_StdPeriph_Driver\src\stm32l1xx_flash_ramfunc.o
 .debug_aranges
                0x00000dc8      0x128 Libraries\STM32L1xx_StdPeriph_Driver\src\stm32l1xx_flash.o
 .debug_aranges
                0x00000ef0       0x58 Libraries\STM32L1xx_StdPeriph_Driver\src\stm32l1xx_exti.o
 .debug_aranges
                0x00000f48       0x70 Libraries\STM32L1xx_StdPeriph_Driver\src\stm32l1xx_dma.o
 .debug_aranges
                0x00000fb8       0x40 Libraries\STM32L1xx_StdPeriph_Driver\src\stm32l1xx_dbgmcu.o
 .debug_aranges
                0x00000ff8       0xa0 Libraries\STM32L1xx_StdPeriph_Driver\src\stm32l1xx_dac.o
 .debug_aranges
                0x00001098       0x48 Libraries\STM32L1xx_StdPeriph_Driver\src\stm32l1xx_crc.o
 .debug_aranges
                0x000010e0       0x48 Libraries\STM32L1xx_StdPeriph_Driver\src\stm32l1xx_comp.o
 .debug_aranges
                0x00001128      0x140 Libraries\STM32L1xx_StdPeriph_Driver\src\stm32l1xx_adc.o
 .debug_aranges
                0x00001268       0x40 Libraries\STM32L1xx_StdPeriph_Driver\src\misc.o
 .debug_aranges
                0x000012a8       0x28 Libraries\CMSIS\CM3\DeviceSupport\ST\STM32L1xx\startup\TrueSTUDIO\startup_stm32l1xx_md.o
 .debug_aranges
                0x000012d0       0xc8 Libraries\CMSIS\CM3\CoreSupport\core_cm3.o

.debug_ranges   0x00000000     0x1180
 .debug_ranges  0x00000000       0x20 src\timer.o
 .debug_ranges  0x00000020       0x20 src\system_stm32l1xx.o
 .debug_ranges  0x00000040       0x50 src\stm32l1xx_it.o
 .debug_ranges  0x00000090       0x10 src\pwm_out.o
 .debug_ranges  0x000000a0       0x50 src\main.o
 .debug_ranges  0x000000f0       0x38 mcu\src\usart3.o
 .debug_ranges  0x00000128       0x38 mcu\src\usart2.o
 .debug_ranges  0x00000160       0x38 mcu\src\usart1.o
 .debug_ranges  0x00000198       0x18 mcu\src\mcu.o
 .debug_ranges  0x000001b0       0x30 mcu\src\adc.o
 .debug_ranges  0x000001e0       0x48 Libraries\STM32L1xx_StdPeriph_Driver\src\stm32l1xx_wwdg.o
 .debug_ranges  0x00000228       0xf0 Libraries\STM32L1xx_StdPeriph_Driver\src\stm32l1xx_usart.o
 .debug_ranges  0x00000318      0x2a8 Libraries\STM32L1xx_StdPeriph_Driver\src\stm32l1xx_tim.o
 .debug_ranges  0x000005c0       0x60 Libraries\STM32L1xx_StdPeriph_Driver\src\stm32l1xx_syscfg.o
 .debug_ranges  0x00000620       0xa8 Libraries\STM32L1xx_StdPeriph_Driver\src\stm32l1xx_spi.o
 .debug_ranges  0x000006c8      0x158 Libraries\STM32L1xx_StdPeriph_Driver\src\stm32l1xx_rtc.o
 .debug_ranges  0x00000820      0x130 Libraries\STM32L1xx_StdPeriph_Driver\src\stm32l1xx_rcc.o
 .debug_ranges  0x00000950       0x88 Libraries\STM32L1xx_StdPeriph_Driver\src\stm32l1xx_pwr.o
 .debug_ranges  0x000009d8       0x98 Libraries\STM32L1xx_StdPeriph_Driver\src\stm32l1xx_lcd.o
 .debug_ranges  0x00000a70       0x38 Libraries\STM32L1xx_StdPeriph_Driver\src\stm32l1xx_iwdg.o
 .debug_ranges  0x00000aa8      0x108 Libraries\STM32L1xx_StdPeriph_Driver\src\stm32l1xx_i2c.o
 .debug_ranges  0x00000bb0       0x70 Libraries\STM32L1xx_StdPeriph_Driver\src\stm32l1xx_gpio.o
 .debug_ranges  0x00000c20       0x38 Libraries\STM32L1xx_StdPeriph_Driver\src\stm32l1xx_flash_ramfunc.o
 .debug_ranges  0x00000c58      0x118 Libraries\STM32L1xx_StdPeriph_Driver\src\stm32l1xx_flash.o
 .debug_ranges  0x00000d70       0x48 Libraries\STM32L1xx_StdPeriph_Driver\src\stm32l1xx_exti.o
 .debug_ranges  0x00000db8       0x60 Libraries\STM32L1xx_StdPeriph_Driver\src\stm32l1xx_dma.o
 .debug_ranges  0x00000e18       0x30 Libraries\STM32L1xx_StdPeriph_Driver\src\stm32l1xx_dbgmcu.o
 .debug_ranges  0x00000e48       0x90 Libraries\STM32L1xx_StdPeriph_Driver\src\stm32l1xx_dac.o
 .debug_ranges  0x00000ed8       0x38 Libraries\STM32L1xx_StdPeriph_Driver\src\stm32l1xx_crc.o
 .debug_ranges  0x00000f10       0x38 Libraries\STM32L1xx_StdPeriph_Driver\src\stm32l1xx_comp.o
 .debug_ranges  0x00000f48      0x130 Libraries\STM32L1xx_StdPeriph_Driver\src\stm32l1xx_adc.o
 .debug_ranges  0x00001078       0x30 Libraries\STM32L1xx_StdPeriph_Driver\src\misc.o
 .debug_ranges  0x000010a8       0x20 Libraries\CMSIS\CM3\DeviceSupport\ST\STM32L1xx\startup\TrueSTUDIO\startup_stm32l1xx_md.o
 .debug_ranges  0x000010c8       0xb8 Libraries\CMSIS\CM3\CoreSupport\core_cm3.o

.debug_line     0x00000000     0x623f
 .debug_line    0x00000000      0x1e2 src\timer.o
 .debug_line    0x000001e2      0x1ec src\system_stm32l1xx.o
 .debug_line    0x000003ce      0x10e src\stm32l1xx_it.o
 .debug_line    0x000004dc      0x1d3 src\pwm_out.o
 .debug_line    0x000006af      0x2ad src\main.o
 .debug_line    0x0000095c      0x250 mcu\src\usart3.o
 .debug_line    0x00000bac      0x250 mcu\src\usart2.o
 .debug_line    0x00000dfc      0x250 mcu\src\usart1.o
 .debug_line    0x0000104c       0x8f mcu\src\mcu.o
 .debug_line    0x000010db      0x250 mcu\src\adc.o
 .debug_line    0x0000132b      0x207 Libraries\STM32L1xx_StdPeriph_Driver\src\stm32l1xx_wwdg.o
 .debug_line    0x00001532      0x449 Libraries\STM32L1xx_StdPeriph_Driver\src\stm32l1xx_usart.o
 .debug_line    0x0000197b      0x912 Libraries\STM32L1xx_StdPeriph_Driver\src\stm32l1xx_tim.o
 .debug_line    0x0000228d      0x276 Libraries\STM32L1xx_StdPeriph_Driver\src\stm32l1xx_syscfg.o
 .debug_line    0x00002503      0x360 Libraries\STM32L1xx_StdPeriph_Driver\src\stm32l1xx_spi.o
 .debug_line    0x00002863      0x670 Libraries\STM32L1xx_StdPeriph_Driver\src\stm32l1xx_rtc.o
 .debug_line    0x00002ed3      0x4c8 Libraries\STM32L1xx_StdPeriph_Driver\src\stm32l1xx_rcc.o
 .debug_line    0x0000339b      0x2cc Libraries\STM32L1xx_StdPeriph_Driver\src\stm32l1xx_pwr.o
 .debug_line    0x00003667      0x319 Libraries\STM32L1xx_StdPeriph_Driver\src\stm32l1xx_lcd.o
 .debug_line    0x00003980      0x1dc Libraries\STM32L1xx_StdPeriph_Driver\src\stm32l1xx_iwdg.o
 .debug_line    0x00003b5c      0x483 Libraries\STM32L1xx_StdPeriph_Driver\src\stm32l1xx_i2c.o
 .debug_line    0x00003fdf      0x2e4 Libraries\STM32L1xx_StdPeriph_Driver\src\stm32l1xx_gpio.o
 .debug_line    0x000042c3      0x229 Libraries\STM32L1xx_StdPeriph_Driver\src\stm32l1xx_flash_ramfunc.o
 .debug_line    0x000044ec      0x4d2 Libraries\STM32L1xx_StdPeriph_Driver\src\stm32l1xx_flash.o
 .debug_line    0x000049be      0x264 Libraries\STM32L1xx_StdPeriph_Driver\src\stm32l1xx_exti.o
 .debug_line    0x00004c22      0x2b5 Libraries\STM32L1xx_StdPeriph_Driver\src\stm32l1xx_dma.o
 .debug_line    0x00004ed7      0x1cc Libraries\STM32L1xx_StdPeriph_Driver\src\stm32l1xx_dbgmcu.o
 .debug_line    0x000050a3      0x321 Libraries\STM32L1xx_StdPeriph_Driver\src\stm32l1xx_dac.o
 .debug_line    0x000053c4      0x1e9 Libraries\STM32L1xx_StdPeriph_Driver\src\stm32l1xx_crc.o
 .debug_line    0x000055ad      0x22c Libraries\STM32L1xx_StdPeriph_Driver\src\stm32l1xx_comp.o
 .debug_line    0x000057d9      0x516 Libraries\STM32L1xx_StdPeriph_Driver\src\stm32l1xx_adc.o
 .debug_line    0x00005cef      0x204 Libraries\STM32L1xx_StdPeriph_Driver\src\misc.o
 .debug_line    0x00005ef3       0xb1 Libraries\CMSIS\CM3\DeviceSupport\ST\STM32L1xx\startup\TrueSTUDIO\startup_stm32l1xx_md.o
 .debug_line    0x00005fa4      0x29b Libraries\CMSIS\CM3\CoreSupport\core_cm3.o

.debug_str      0x00000000     0x4b85
 .debug_str     0x00000000      0x69c src\timer.o
                                0x6db (size before relaxing)
 .debug_str     0x0000069c      0x182 src\system_stm32l1xx.o
                                0x309 (size before relaxing)
 .debug_str     0x0000081e       0xa6 src\stm32l1xx_it.o
                                0x1ef (size before relaxing)
 .debug_str     0x000008c4      0x221 src\pwm_out.o
                                0x529 (size before relaxing)
 .debug_str     0x00000ae5       0xde src\main.o
                                0x502 (size before relaxing)
 .debug_str     0x00000bc3      0x11a mcu\src\usart3.o
                                0x7c8 (size before relaxing)
 .debug_str     0x00000cdd       0x70 mcu\src\usart2.o
                                0x7c8 (size before relaxing)
 .debug_str     0x00000d4d       0x70 mcu\src\usart1.o
                                0x7c8 (size before relaxing)
 .debug_str     0x00000dbd       0x22 mcu\src\mcu.o
                                0x16b (size before relaxing)
 .debug_str     0x00000ddf      0x177 mcu\src\adc.o
                                0x4b5 (size before relaxing)
 .debug_str     0x00000f56       0xe8 Libraries\STM32L1xx_StdPeriph_Driver\src\stm32l1xx_wwdg.o
                                0x276 (size before relaxing)
 .debug_str     0x0000103e      0x3ff Libraries\STM32L1xx_StdPeriph_Driver\src\stm32l1xx_usart.o
                                0x683 (size before relaxing)
 .debug_str     0x0000143d      0x8d4 Libraries\STM32L1xx_StdPeriph_Driver\src\stm32l1xx_tim.o
                                0xc84 (size before relaxing)
 .debug_str     0x00001d11      0x22a Libraries\STM32L1xx_StdPeriph_Driver\src\stm32l1xx_syscfg.o
                                0x3bc (size before relaxing)
 .debug_str     0x00001f3b      0x2b2 Libraries\STM32L1xx_StdPeriph_Driver\src\stm32l1xx_spi.o
                                0x4c0 (size before relaxing)
 .debug_str     0x000021ed      0x6bc Libraries\STM32L1xx_StdPeriph_Driver\src\stm32l1xx_rtc.o
                                0x8ce (size before relaxing)
 .debug_str     0x000028a9      0x3f3 Libraries\STM32L1xx_StdPeriph_Driver\src\stm32l1xx_rcc.o
                                0x6e5 (size before relaxing)
 .debug_str     0x00002c9c      0x1a8 Libraries\STM32L1xx_StdPeriph_Driver\src\stm32l1xx_pwr.o
                                0x3af (size before relaxing)
 .debug_str     0x00002e44      0x24d Libraries\STM32L1xx_StdPeriph_Driver\src\stm32l1xx_lcd.o
                                0x3f4 (size before relaxing)
 .debug_str     0x00003091       0xdb Libraries\STM32L1xx_StdPeriph_Driver\src\stm32l1xx_iwdg.o
                                0x260 (size before relaxing)
 .debug_str     0x0000316c      0x38d Libraries\STM32L1xx_StdPeriph_Driver\src\stm32l1xx_i2c.o
                                0x631 (size before relaxing)
 .debug_str     0x000034f9      0x180 Libraries\STM32L1xx_StdPeriph_Driver\src\stm32l1xx_gpio.o
                                0x4a5 (size before relaxing)
 .debug_str     0x00003679      0x130 Libraries\STM32L1xx_StdPeriph_Driver\src\stm32l1xx_flash_ramfunc.o
                                0x313 (size before relaxing)
 .debug_str     0x000037a9      0x392 Libraries\STM32L1xx_StdPeriph_Driver\src\stm32l1xx_flash.o
                                0x5fb (size before relaxing)
 .debug_str     0x00003b3b      0x1c0 Libraries\STM32L1xx_StdPeriph_Driver\src\stm32l1xx_exti.o
                                0x362 (size before relaxing)
 .debug_str     0x00003cfb      0x20e Libraries\STM32L1xx_StdPeriph_Driver\src\stm32l1xx_dma.o
                                0x3bc (size before relaxing)
 .debug_str     0x00003f09       0xcf Libraries\STM32L1xx_StdPeriph_Driver\src\stm32l1xx_dbgmcu.o
                                0x249 (size before relaxing)
 .debug_str     0x00003fd8      0x281 Libraries\STM32L1xx_StdPeriph_Driver\src\stm32l1xx_dac.o
                                0x447 (size before relaxing)
 .debug_str     0x00004259       0xbb Libraries\STM32L1xx_StdPeriph_Driver\src\stm32l1xx_crc.o
                                0x23f (size before relaxing)
 .debug_str     0x00004314       0xfe Libraries\STM32L1xx_StdPeriph_Driver\src\stm32l1xx_comp.o
                                0x29a (size before relaxing)
 .debug_str     0x00004412      0x4cb Libraries\STM32L1xx_StdPeriph_Driver\src\stm32l1xx_adc.o
                                0x7c8 (size before relaxing)
 .debug_str     0x000048dd      0x14d Libraries\STM32L1xx_StdPeriph_Driver\src\misc.o
                                0x3c7 (size before relaxing)
 .debug_str     0x00004a2a      0x15b Libraries\CMSIS\CM3\CoreSupport\core_cm3.o
                                0x2cd (size before relaxing)

.comment        0x00000000       0x8a
 .comment       0x00000000       0x8a src\timer.o
                                 0x8b (size before relaxing)
 .comment       0x00000000       0x8b src\system_stm32l1xx.o
 .comment       0x00000000       0x8b src\stm32l1xx_it.o
 .comment       0x00000000       0x8b src\pwm_out.o
 .comment       0x00000000       0x8b src\main.o
 .comment       0x00000000       0x8b mcu\src\usart3.o
 .comment       0x00000000       0x8b mcu\src\usart2.o
 .comment       0x00000000       0x8b mcu\src\usart1.o
 .comment       0x00000000       0x8b mcu\src\mcu.o
 .comment       0x00000000       0x8b mcu\src\adc.o
 .comment       0x00000000       0x8b Libraries\STM32L1xx_StdPeriph_Driver\src\stm32l1xx_wwdg.o
 .comment       0x00000000       0x8b Libraries\STM32L1xx_StdPeriph_Driver\src\stm32l1xx_usart.o
 .comment       0x00000000       0x8b Libraries\STM32L1xx_StdPeriph_Driver\src\stm32l1xx_tim.o
 .comment       0x00000000       0x8b Libraries\STM32L1xx_StdPeriph_Driver\src\stm32l1xx_syscfg.o
 .comment       0x00000000       0x8b Libraries\STM32L1xx_StdPeriph_Driver\src\stm32l1xx_spi.o
 .comment       0x00000000       0x8b Libraries\STM32L1xx_StdPeriph_Driver\src\stm32l1xx_rtc.o
 .comment       0x00000000       0x8b Libraries\STM32L1xx_StdPeriph_Driver\src\stm32l1xx_rcc.o
 .comment       0x00000000       0x8b Libraries\STM32L1xx_StdPeriph_Driver\src\stm32l1xx_pwr.o
 .comment       0x00000000       0x8b Libraries\STM32L1xx_StdPeriph_Driver\src\stm32l1xx_lcd.o
 .comment       0x00000000       0x8b Libraries\STM32L1xx_StdPeriph_Driver\src\stm32l1xx_iwdg.o
 .comment       0x00000000       0x8b Libraries\STM32L1xx_StdPeriph_Driver\src\stm32l1xx_i2c.o
 .comment       0x00000000       0x8b Libraries\STM32L1xx_StdPeriph_Driver\src\stm32l1xx_gpio.o
 .comment       0x00000000       0x8b Libraries\STM32L1xx_StdPeriph_Driver\src\stm32l1xx_flash_ramfunc.o
 .comment       0x00000000       0x8b Libraries\STM32L1xx_StdPeriph_Driver\src\stm32l1xx_flash.o
 .comment       0x00000000       0x8b Libraries\STM32L1xx_StdPeriph_Driver\src\stm32l1xx_exti.o
 .comment       0x00000000       0x8b Libraries\STM32L1xx_StdPeriph_Driver\src\stm32l1xx_dma.o
 .comment       0x00000000       0x8b Libraries\STM32L1xx_StdPeriph_Driver\src\stm32l1xx_dbgmcu.o
 .comment       0x00000000       0x8b Libraries\STM32L1xx_StdPeriph_Driver\src\stm32l1xx_dac.o
 .comment       0x00000000       0x8b Libraries\STM32L1xx_StdPeriph_Driver\src\stm32l1xx_crc.o
 .comment       0x00000000       0x8b Libraries\STM32L1xx_StdPeriph_Driver\src\stm32l1xx_comp.o
 .comment       0x00000000       0x8b Libraries\STM32L1xx_StdPeriph_Driver\src\stm32l1xx_adc.o
 .comment       0x00000000       0x8b Libraries\STM32L1xx_StdPeriph_Driver\src\misc.o
 .comment       0x00000000       0x8b Libraries\CMSIS\CM3\CoreSupport\core_cm3.o

.debug_frame    0x00000000     0x49b0
 .debug_frame   0x00000000       0x6c src\timer.o
 .debug_frame   0x0000006c       0x64 src\system_stm32l1xx.o
 .debug_frame   0x000000d0       0xe8 src\stm32l1xx_it.o
 .debug_frame   0x000001b8       0x2c src\pwm_out.o
 .debug_frame   0x000001e4      0x12c src\main.o
 .debug_frame   0x00000310       0xcc mcu\src\usart3.o
 .debug_frame   0x000003dc       0xcc mcu\src\usart2.o
 .debug_frame   0x000004a8       0xcc mcu\src\usart1.o
 .debug_frame   0x00000574       0x44 mcu\src\mcu.o
 .debug_frame   0x000005b8       0xa4 mcu\src\adc.o
 .debug_frame   0x0000065c       0xe8 Libraries\STM32L1xx_StdPeriph_Driver\src\stm32l1xx_wwdg.o
 .debug_frame   0x00000744      0x344 Libraries\STM32L1xx_StdPeriph_Driver\src\stm32l1xx_usart.o
 .debug_frame   0x00000a88      0x95c Libraries\STM32L1xx_StdPeriph_Driver\src\stm32l1xx_tim.o
 .debug_frame   0x000013e4      0x144 Libraries\STM32L1xx_StdPeriph_Driver\src\stm32l1xx_syscfg.o
 .debug_frame   0x00001528      0x244 Libraries\STM32L1xx_StdPeriph_Driver\src\stm32l1xx_spi.o
 .debug_frame   0x0000176c      0x4cc Libraries\STM32L1xx_StdPeriph_Driver\src\stm32l1xx_rtc.o
 .debug_frame   0x00001c38      0x414 Libraries\STM32L1xx_StdPeriph_Driver\src\stm32l1xx_rcc.o
 .debug_frame   0x0000204c      0x1d0 Libraries\STM32L1xx_StdPeriph_Driver\src\stm32l1xx_pwr.o
 .debug_frame   0x0000221c      0x204 Libraries\STM32L1xx_StdPeriph_Driver\src\stm32l1xx_lcd.o
 .debug_frame   0x00002420       0xb0 Libraries\STM32L1xx_StdPeriph_Driver\src\stm32l1xx_iwdg.o
 .debug_frame   0x000024d0      0x398 Libraries\STM32L1xx_StdPeriph_Driver\src\stm32l1xx_i2c.o
 .debug_frame   0x00002868      0x180 Libraries\STM32L1xx_StdPeriph_Driver\src\stm32l1xx_gpio.o
 .debug_frame   0x000029e8       0xcc Libraries\STM32L1xx_StdPeriph_Driver\src\stm32l1xx_flash_ramfunc.o
 .debug_frame   0x00002ab4      0x3e0 Libraries\STM32L1xx_StdPeriph_Driver\src\stm32l1xx_flash.o
 .debug_frame   0x00002e94       0xec Libraries\STM32L1xx_StdPeriph_Driver\src\stm32l1xx_exti.o
 .debug_frame   0x00002f80      0x144 Libraries\STM32L1xx_StdPeriph_Driver\src\stm32l1xx_dma.o
 .debug_frame   0x000030c4       0x94 Libraries\STM32L1xx_StdPeriph_Driver\src\stm32l1xx_dbgmcu.o
 .debug_frame   0x00003158      0x1ec Libraries\STM32L1xx_StdPeriph_Driver\src\stm32l1xx_dac.o
 .debug_frame   0x00003344       0xac Libraries\STM32L1xx_StdPeriph_Driver\src\stm32l1xx_crc.o
 .debug_frame   0x000033f0       0xb4 Libraries\STM32L1xx_StdPeriph_Driver\src\stm32l1xx_comp.o
 .debug_frame   0x000034a4      0x420 Libraries\STM32L1xx_StdPeriph_Driver\src\stm32l1xx_adc.o
 .debug_frame   0x000038c4       0x9c Libraries\STM32L1xx_StdPeriph_Driver\src\misc.o
 .debug_frame   0x00003960      0x280 Libraries\CMSIS\CM3\CoreSupport\core_cm3.o
 .debug_frame   0x00003be0       0x2c c:/program files (x86)/atollic/truestudio for arm lite 3.2.0/armtools/bin/../lib/gcc/arm-atollic-eabi/4.6.2/../../../../arm-atollic-eabi/lib/thumb/armv7-m\libc.a(lib_a-init.o)
 .debug_frame   0x00003c0c       0x58 c:/program files (x86)/atollic/truestudio for arm lite 3.2.0/armtools/bin/../lib/gcc/arm-atollic-eabi/4.6.2/../../../../arm-atollic-eabi/lib/thumb/armv7-m\libc.a(lib_a-sprintf.o)
 .debug_frame   0x00003c64       0x3c c:/program files (x86)/atollic/truestudio for arm lite 3.2.0/armtools/bin/../lib/gcc/arm-atollic-eabi/4.6.2/../../../../arm-atollic-eabi/lib/thumb/armv7-m\libc.a(lib_a-svfprintf.o)
 .debug_frame   0x00003ca0       0x20 c:/program files (x86)/atollic/truestudio for arm lite 3.2.0/armtools/bin/../lib/gcc/arm-atollic-eabi/4.6.2/../../../../arm-atollic-eabi/lib/thumb/armv7-m\libc.a(lib_a-toupper.o)
 .debug_frame   0x00003cc0       0x68 c:/program files (x86)/atollic/truestudio for arm lite 3.2.0/armtools/bin/../lib/gcc/arm-atollic-eabi/4.6.2/../../../../arm-atollic-eabi/lib/thumb/armv7-m\libc.a(lib_a-dtoa.o)
 .debug_frame   0x00003d28       0x98 c:/program files (x86)/atollic/truestudio for arm lite 3.2.0/armtools/bin/../lib/gcc/arm-atollic-eabi/4.6.2/../../../../arm-atollic-eabi/lib/thumb/armv7-m\libc.a(lib_a-locale.o)
 .debug_frame   0x00003dc0       0x30 c:/program files (x86)/atollic/truestudio for arm lite 3.2.0/armtools/bin/../lib/gcc/arm-atollic-eabi/4.6.2/../../../../arm-atollic-eabi/lib/thumb/armv7-m\libc.a(lib_a-malloc.o)
 .debug_frame   0x00003df0       0x34 c:/program files (x86)/atollic/truestudio for arm lite 3.2.0/armtools/bin/../lib/gcc/arm-atollic-eabi/4.6.2/../../../../arm-atollic-eabi/lib/thumb/armv7-m\libc.a(lib_a-mallocr.o)
 .debug_frame   0x00003e24       0x28 c:/program files (x86)/atollic/truestudio for arm lite 3.2.0/armtools/bin/../lib/gcc/arm-atollic-eabi/4.6.2/../../../../arm-atollic-eabi/lib/thumb/armv7-m\libc.a(lib_a-memchr.o)
 .debug_frame   0x00003e4c       0x28 c:/program files (x86)/atollic/truestudio for arm lite 3.2.0/armtools/bin/../lib/gcc/arm-atollic-eabi/4.6.2/../../../../arm-atollic-eabi/lib/thumb/armv7-m\libc.a(lib_a-memcpy.o)
 .debug_frame   0x00003e74       0x30 c:/program files (x86)/atollic/truestudio for arm lite 3.2.0/armtools/bin/../lib/gcc/arm-atollic-eabi/4.6.2/../../../../arm-atollic-eabi/lib/thumb/armv7-m\libc.a(lib_a-mlock.o)
 .debug_frame   0x00003ea4      0x238 c:/program files (x86)/atollic/truestudio for arm lite 3.2.0/armtools/bin/../lib/gcc/arm-atollic-eabi/4.6.2/../../../../arm-atollic-eabi/lib/thumb/armv7-m\libc.a(lib_a-mprec.o)
 .debug_frame   0x000040dc       0x20 c:/program files (x86)/atollic/truestudio for arm lite 3.2.0/armtools/bin/../lib/gcc/arm-atollic-eabi/4.6.2/../../../../arm-atollic-eabi/lib/thumb/armv7-m\libc.a(lib_a-s_fpclassify.o)
 .debug_frame   0x000040fc       0x2c c:/program files (x86)/atollic/truestudio for arm lite 3.2.0/armtools/bin/../lib/gcc/arm-atollic-eabi/4.6.2/../../../../arm-atollic-eabi/lib/thumb/armv7-m\libc.a(lib_a-sbrkr.o)
 .debug_frame   0x00004128       0x20 c:/program files (x86)/atollic/truestudio for arm lite 3.2.0/armtools/bin/../lib/gcc/arm-atollic-eabi/4.6.2/../../../../arm-atollic-eabi/lib/thumb/armv7-m\libc.a(lib_a-strcmp.o)
 .debug_frame   0x00004148       0x20 c:/program files (x86)/atollic/truestudio for arm lite 3.2.0/armtools/bin/../lib/gcc/arm-atollic-eabi/4.6.2/../../../../arm-atollic-eabi/lib/thumb/armv7-m\libc.a(lib_a-strlen.o)
 .debug_frame   0x00004168       0x68 c:/program files (x86)/atollic/truestudio for arm lite 3.2.0/armtools/bin/../lib/gcc/arm-atollic-eabi/4.6.2/../../../../arm-atollic-eabi/lib/thumb/armv7-m\libc.a(lib_a-svfiprintf.o)
 .debug_frame   0x000041d0      0x14c c:/program files (x86)/atollic/truestudio for arm lite 3.2.0/armtools/bin/../lib/gcc/arm-atollic-eabi/4.6.2/../../../../arm-atollic-eabi/lib/thumb/armv7-m\libc.a(lib_a-syscalls.o)
 .debug_frame   0x0000431c       0x28 c:/program files (x86)/atollic/truestudio for arm lite 3.2.0/armtools/bin/../lib/gcc/arm-atollic-eabi/4.6.2/../../../../arm-atollic-eabi/lib/thumb/armv7-m\libc.a(lib_a-callocr.o)
 .debug_frame   0x00004344       0x50 c:/program files (x86)/atollic/truestudio for arm lite 3.2.0/armtools/bin/../lib/gcc/arm-atollic-eabi/4.6.2/../../../../arm-atollic-eabi/lib/thumb/armv7-m\libc.a(lib_a-freer.o)
 .debug_frame   0x00004394       0x2c c:/program files (x86)/atollic/truestudio for arm lite 3.2.0/armtools/bin/../lib/gcc/arm-atollic-eabi/4.6.2/../../../../arm-atollic-eabi/lib/thumb/armv7-m\libc.a(lib_a-memmove.o)
 .debug_frame   0x000043c0       0x20 c:/program files (x86)/atollic/truestudio for arm lite 3.2.0/armtools/bin/../lib/gcc/arm-atollic-eabi/4.6.2/../../../../arm-atollic-eabi/lib/thumb/armv7-m\libc.a(lib_a-memset.o)
 .debug_frame   0x000043e0       0x38 c:/program files (x86)/atollic/truestudio for arm lite 3.2.0/armtools/bin/../lib/gcc/arm-atollic-eabi/4.6.2/../../../../arm-atollic-eabi/lib/thumb/armv7-m\libc.a(lib_a-reallocr.o)
 .debug_frame   0x00004418       0x68 c:/program files (x86)/atollic/truestudio for arm lite 3.2.0/armtools/bin/../lib/gcc/arm-atollic-eabi/4.6.2/../../../../arm-atollic-eabi/lib/thumb/armv7-m\libc.a(lib_a-reent.o)
 .debug_frame   0x00004480       0x50 c:/program files (x86)/atollic/truestudio for arm lite 3.2.0/armtools/bin/../lib/gcc/arm-atollic-eabi/4.6.2/thumb/armv7-m\libgcc.a(bpabi.o)
 .debug_frame   0x000044d0      0x268 c:/program files (x86)/atollic/truestudio for arm lite 3.2.0/armtools/bin/../lib/gcc/arm-atollic-eabi/4.6.2/thumb/armv7-m\libgcc.a(unwind-arm.o)
 .debug_frame   0x00004738       0xec c:/program files (x86)/atollic/truestudio for arm lite 3.2.0/armtools/bin/../lib/gcc/arm-atollic-eabi/4.6.2/thumb/armv7-m\libgcc.a(pr-support.o)
 .debug_frame   0x00004824       0x34 c:/program files (x86)/atollic/truestudio for arm lite 3.2.0/armtools/bin/../lib/gcc/arm-atollic-eabi/4.6.2/thumb/armv7-m\libgcc.a(_divdi3.o)
 .debug_frame   0x00004858       0x34 c:/program files (x86)/atollic/truestudio for arm lite 3.2.0/armtools/bin/../lib/gcc/arm-atollic-eabi/4.6.2/thumb/armv7-m\libgcc.a(_udivdi3.o)
 .debug_frame   0x0000488c       0x28 c:/program files (x86)/atollic/truestudio for arm lite 3.2.0/armtools/bin/../lib/gcc/arm-atollic-eabi/4.6.2/../../../../arm-atollic-eabi/lib/thumb/armv7-m\libc.a(lib_a-abort.o)
 .debug_frame   0x000048b4       0xc0 c:/program files (x86)/atollic/truestudio for arm lite 3.2.0/armtools/bin/../lib/gcc/arm-atollic-eabi/4.6.2/../../../../arm-atollic-eabi/lib/thumb/armv7-m\libc.a(lib_a-signal.o)
 .debug_frame   0x00004974       0x3c c:/program files (x86)/atollic/truestudio for arm lite 3.2.0/armtools/bin/../lib/gcc/arm-atollic-eabi/4.6.2/../../../../arm-atollic-eabi/lib/thumb/armv7-m\libc.a(lib_a-signalr.o)

Cross Reference Table

Symbol                                            File
ADC1_IRQHandler                                   Libraries\CMSIS\CM3\DeviceSupport\ST\STM32L1xx\startup\TrueSTUDIO\startup_stm32l1xx_md.o
ADC_AnalogWatchdogCmd                             Libraries\STM32L1xx_StdPeriph_Driver\src\stm32l1xx_adc.o
ADC_AnalogWatchdogSingleChannelConfig             Libraries\STM32L1xx_StdPeriph_Driver\src\stm32l1xx_adc.o
ADC_AnalogWatchdogThresholdsConfig                Libraries\STM32L1xx_StdPeriph_Driver\src\stm32l1xx_adc.o
ADC_AutoInjectedConvCmd                           Libraries\STM32L1xx_StdPeriph_Driver\src\stm32l1xx_adc.o
ADC_ClearFlag                                     Libraries\STM32L1xx_StdPeriph_Driver\src\stm32l1xx_adc.o
ADC_ClearITPendingBit                             Libraries\STM32L1xx_StdPeriph_Driver\src\stm32l1xx_adc.o
ADC_Cmd                                           Libraries\STM32L1xx_StdPeriph_Driver\src\stm32l1xx_adc.o
                                                  mcu\src\adc.o
ADC_CommonInit                                    Libraries\STM32L1xx_StdPeriph_Driver\src\stm32l1xx_adc.o
ADC_CommonStructInit                              Libraries\STM32L1xx_StdPeriph_Driver\src\stm32l1xx_adc.o
ADC_ContinuousModeCmd                             Libraries\STM32L1xx_StdPeriph_Driver\src\stm32l1xx_adc.o
ADC_DMACmd                                        Libraries\STM32L1xx_StdPeriph_Driver\src\stm32l1xx_adc.o
ADC_DMARequestAfterLastTransferCmd                Libraries\STM32L1xx_StdPeriph_Driver\src\stm32l1xx_adc.o
ADC_DeInit                                        Libraries\STM32L1xx_StdPeriph_Driver\src\stm32l1xx_adc.o
ADC_DelaySelectionConfig                          Libraries\STM32L1xx_StdPeriph_Driver\src\stm32l1xx_adc.o
                                                  mcu\src\adc.o
ADC_DiscModeChannelCountConfig                    Libraries\STM32L1xx_StdPeriph_Driver\src\stm32l1xx_adc.o
ADC_DiscModeCmd                                   Libraries\STM32L1xx_StdPeriph_Driver\src\stm32l1xx_adc.o
ADC_EOCOnEachRegularChannelCmd                    Libraries\STM32L1xx_StdPeriph_Driver\src\stm32l1xx_adc.o
ADC_ExternalTrigInjectedConvConfig                Libraries\STM32L1xx_StdPeriph_Driver\src\stm32l1xx_adc.o
ADC_ExternalTrigInjectedConvEdgeConfig            Libraries\STM32L1xx_StdPeriph_Driver\src\stm32l1xx_adc.o
ADC_GetConversionValue                            Libraries\STM32L1xx_StdPeriph_Driver\src\stm32l1xx_adc.o
                                                  mcu\src\adc.o
ADC_GetFlagStatus                                 Libraries\STM32L1xx_StdPeriph_Driver\src\stm32l1xx_adc.o
                                                  mcu\src\adc.o
ADC_GetITStatus                                   Libraries\STM32L1xx_StdPeriph_Driver\src\stm32l1xx_adc.o
ADC_GetInjectedConversionValue                    Libraries\STM32L1xx_StdPeriph_Driver\src\stm32l1xx_adc.o
ADC_GetSoftwareStartConvStatus                    Libraries\STM32L1xx_StdPeriph_Driver\src\stm32l1xx_adc.o
ADC_GetSoftwareStartInjectedConvCmdStatus         Libraries\STM32L1xx_StdPeriph_Driver\src\stm32l1xx_adc.o
ADC_ITConfig                                      Libraries\STM32L1xx_StdPeriph_Driver\src\stm32l1xx_adc.o
ADC_Init                                          Libraries\STM32L1xx_StdPeriph_Driver\src\stm32l1xx_adc.o
                                                  mcu\src\adc.o
ADC_InjectedChannelConfig                         Libraries\STM32L1xx_StdPeriph_Driver\src\stm32l1xx_adc.o
ADC_InjectedDiscModeCmd                           Libraries\STM32L1xx_StdPeriph_Driver\src\stm32l1xx_adc.o
ADC_InjectedSequencerLengthConfig                 Libraries\STM32L1xx_StdPeriph_Driver\src\stm32l1xx_adc.o
ADC_PowerDownCmd                                  Libraries\STM32L1xx_StdPeriph_Driver\src\stm32l1xx_adc.o
                                                  mcu\src\adc.o
ADC_RegularChannelConfig                          Libraries\STM32L1xx_StdPeriph_Driver\src\stm32l1xx_adc.o
                                                  mcu\src\adc.o
ADC_SetInjectedOffset                             Libraries\STM32L1xx_StdPeriph_Driver\src\stm32l1xx_adc.o
ADC_SoftwareStartConv                             Libraries\STM32L1xx_StdPeriph_Driver\src\stm32l1xx_adc.o
                                                  mcu\src\adc.o
ADC_SoftwareStartInjectedConv                     Libraries\STM32L1xx_StdPeriph_Driver\src\stm32l1xx_adc.o
ADC_StructInit                                    Libraries\STM32L1xx_StdPeriph_Driver\src\stm32l1xx_adc.o
                                                  mcu\src\adc.o
ADC_TempSensorVrefintCmd                          Libraries\STM32L1xx_StdPeriph_Driver\src\stm32l1xx_adc.o
ADC_config                                        mcu\src\adc.o
ADC_init                                          mcu\src\adc.o
ADC_read_potenciometer                            mcu\src\adc.o
ADC_read_termistor                                mcu\src\adc.o
AHBPrescTable                                     src\system_stm32l1xx.o
BusFault_Handler                                  src\stm32l1xx_it.o
COMP_Cmd                                          Libraries\STM32L1xx_StdPeriph_Driver\src\stm32l1xx_comp.o
COMP_DeInit                                       Libraries\STM32L1xx_StdPeriph_Driver\src\stm32l1xx_comp.o
COMP_GetOutputLevel                               Libraries\STM32L1xx_StdPeriph_Driver\src\stm32l1xx_comp.o
COMP_IRQHandler                                   Libraries\CMSIS\CM3\DeviceSupport\ST\STM32L1xx\startup\TrueSTUDIO\startup_stm32l1xx_md.o
COMP_Init                                         Libraries\STM32L1xx_StdPeriph_Driver\src\stm32l1xx_comp.o
COMP_VrefintOutputCmd                             Libraries\STM32L1xx_StdPeriph_Driver\src\stm32l1xx_comp.o
COMP_WindowCmd                                    Libraries\STM32L1xx_StdPeriph_Driver\src\stm32l1xx_comp.o
CRC_CalcBlockCRC                                  Libraries\STM32L1xx_StdPeriph_Driver\src\stm32l1xx_crc.o
CRC_CalcCRC                                       Libraries\STM32L1xx_StdPeriph_Driver\src\stm32l1xx_crc.o
CRC_GetCRC                                        Libraries\STM32L1xx_StdPeriph_Driver\src\stm32l1xx_crc.o
CRC_GetIDRegister                                 Libraries\STM32L1xx_StdPeriph_Driver\src\stm32l1xx_crc.o
CRC_ResetDR                                       Libraries\STM32L1xx_StdPeriph_Driver\src\stm32l1xx_crc.o
CRC_SetIDRegister                                 Libraries\STM32L1xx_StdPeriph_Driver\src\stm32l1xx_crc.o
DAC_ClearFlag                                     Libraries\STM32L1xx_StdPeriph_Driver\src\stm32l1xx_dac.o
DAC_ClearITPendingBit                             Libraries\STM32L1xx_StdPeriph_Driver\src\stm32l1xx_dac.o
DAC_Cmd                                           Libraries\STM32L1xx_StdPeriph_Driver\src\stm32l1xx_dac.o
DAC_DMACmd                                        Libraries\STM32L1xx_StdPeriph_Driver\src\stm32l1xx_dac.o
DAC_DeInit                                        Libraries\STM32L1xx_StdPeriph_Driver\src\stm32l1xx_dac.o
DAC_DualSoftwareTriggerCmd                        Libraries\STM32L1xx_StdPeriph_Driver\src\stm32l1xx_dac.o
DAC_GetDataOutputValue                            Libraries\STM32L1xx_StdPeriph_Driver\src\stm32l1xx_dac.o
DAC_GetFlagStatus                                 Libraries\STM32L1xx_StdPeriph_Driver\src\stm32l1xx_dac.o
DAC_GetITStatus                                   Libraries\STM32L1xx_StdPeriph_Driver\src\stm32l1xx_dac.o
DAC_IRQHandler                                    Libraries\CMSIS\CM3\DeviceSupport\ST\STM32L1xx\startup\TrueSTUDIO\startup_stm32l1xx_md.o
DAC_ITConfig                                      Libraries\STM32L1xx_StdPeriph_Driver\src\stm32l1xx_dac.o
DAC_Init                                          Libraries\STM32L1xx_StdPeriph_Driver\src\stm32l1xx_dac.o
DAC_SetChannel1Data                               Libraries\STM32L1xx_StdPeriph_Driver\src\stm32l1xx_dac.o
DAC_SetChannel2Data                               Libraries\STM32L1xx_StdPeriph_Driver\src\stm32l1xx_dac.o
DAC_SetDualChannelData                            Libraries\STM32L1xx_StdPeriph_Driver\src\stm32l1xx_dac.o
DAC_SoftwareTriggerCmd                            Libraries\STM32L1xx_StdPeriph_Driver\src\stm32l1xx_dac.o
DAC_StructInit                                    Libraries\STM32L1xx_StdPeriph_Driver\src\stm32l1xx_dac.o
DAC_WaveGenerationCmd                             Libraries\STM32L1xx_StdPeriph_Driver\src\stm32l1xx_dac.o
DATA_EEPROM_EraseDoubleWord                       Libraries\STM32L1xx_StdPeriph_Driver\src\stm32l1xx_flash_ramfunc.o
DATA_EEPROM_EraseWord                             Libraries\STM32L1xx_StdPeriph_Driver\src\stm32l1xx_flash.o
DATA_EEPROM_FastProgramByte                       Libraries\STM32L1xx_StdPeriph_Driver\src\stm32l1xx_flash.o
DATA_EEPROM_FastProgramHalfWord                   Libraries\STM32L1xx_StdPeriph_Driver\src\stm32l1xx_flash.o
DATA_EEPROM_FastProgramWord                       Libraries\STM32L1xx_StdPeriph_Driver\src\stm32l1xx_flash.o
DATA_EEPROM_FixedTimeProgramCmd                   Libraries\STM32L1xx_StdPeriph_Driver\src\stm32l1xx_flash.o
DATA_EEPROM_Lock                                  Libraries\STM32L1xx_StdPeriph_Driver\src\stm32l1xx_flash.o
DATA_EEPROM_ProgramByte                           Libraries\STM32L1xx_StdPeriph_Driver\src\stm32l1xx_flash.o
DATA_EEPROM_ProgramDoubleWord                     Libraries\STM32L1xx_StdPeriph_Driver\src\stm32l1xx_flash_ramfunc.o
DATA_EEPROM_ProgramHalfWord                       Libraries\STM32L1xx_StdPeriph_Driver\src\stm32l1xx_flash.o
DATA_EEPROM_ProgramWord                           Libraries\STM32L1xx_StdPeriph_Driver\src\stm32l1xx_flash.o
DATA_EEPROM_Unlock                                Libraries\STM32L1xx_StdPeriph_Driver\src\stm32l1xx_flash.o
DBGMCU_APB1PeriphConfig                           Libraries\STM32L1xx_StdPeriph_Driver\src\stm32l1xx_dbgmcu.o
DBGMCU_APB2PeriphConfig                           Libraries\STM32L1xx_StdPeriph_Driver\src\stm32l1xx_dbgmcu.o
DBGMCU_Config                                     Libraries\STM32L1xx_StdPeriph_Driver\src\stm32l1xx_dbgmcu.o
DBGMCU_GetDEVID                                   Libraries\STM32L1xx_StdPeriph_Driver\src\stm32l1xx_dbgmcu.o
DBGMCU_GetREVID                                   Libraries\STM32L1xx_StdPeriph_Driver\src\stm32l1xx_dbgmcu.o
DMA1_Channel1_IRQHandler                          Libraries\CMSIS\CM3\DeviceSupport\ST\STM32L1xx\startup\TrueSTUDIO\startup_stm32l1xx_md.o
DMA1_Channel2_IRQHandler                          Libraries\CMSIS\CM3\DeviceSupport\ST\STM32L1xx\startup\TrueSTUDIO\startup_stm32l1xx_md.o
DMA1_Channel3_IRQHandler                          Libraries\CMSIS\CM3\DeviceSupport\ST\STM32L1xx\startup\TrueSTUDIO\startup_stm32l1xx_md.o
DMA1_Channel4_IRQHandler                          Libraries\CMSIS\CM3\DeviceSupport\ST\STM32L1xx\startup\TrueSTUDIO\startup_stm32l1xx_md.o
DMA1_Channel5_IRQHandler                          Libraries\CMSIS\CM3\DeviceSupport\ST\STM32L1xx\startup\TrueSTUDIO\startup_stm32l1xx_md.o
DMA1_Channel6_IRQHandler                          Libraries\CMSIS\CM3\DeviceSupport\ST\STM32L1xx\startup\TrueSTUDIO\startup_stm32l1xx_md.o
DMA1_Channel7_IRQHandler                          Libraries\CMSIS\CM3\DeviceSupport\ST\STM32L1xx\startup\TrueSTUDIO\startup_stm32l1xx_md.o
DMA_ClearFlag                                     Libraries\STM32L1xx_StdPeriph_Driver\src\stm32l1xx_dma.o
DMA_ClearITPendingBit                             Libraries\STM32L1xx_StdPeriph_Driver\src\stm32l1xx_dma.o
DMA_Cmd                                           Libraries\STM32L1xx_StdPeriph_Driver\src\stm32l1xx_dma.o
DMA_DeInit                                        Libraries\STM32L1xx_StdPeriph_Driver\src\stm32l1xx_dma.o
DMA_GetCurrDataCounter                            Libraries\STM32L1xx_StdPeriph_Driver\src\stm32l1xx_dma.o
DMA_GetFlagStatus                                 Libraries\STM32L1xx_StdPeriph_Driver\src\stm32l1xx_dma.o
DMA_GetITStatus                                   Libraries\STM32L1xx_StdPeriph_Driver\src\stm32l1xx_dma.o
DMA_ITConfig                                      Libraries\STM32L1xx_StdPeriph_Driver\src\stm32l1xx_dma.o
DMA_Init                                          Libraries\STM32L1xx_StdPeriph_Driver\src\stm32l1xx_dma.o
DMA_SetCurrDataCounter                            Libraries\STM32L1xx_StdPeriph_Driver\src\stm32l1xx_dma.o
DMA_StructInit                                    Libraries\STM32L1xx_StdPeriph_Driver\src\stm32l1xx_dma.o
DebugMon_Handler                                  src\stm32l1xx_it.o
Default_Handler                                   Libraries\CMSIS\CM3\DeviceSupport\ST\STM32L1xx\startup\TrueSTUDIO\startup_stm32l1xx_md.o
EXTI0_IRQHandler                                  Libraries\CMSIS\CM3\DeviceSupport\ST\STM32L1xx\startup\TrueSTUDIO\startup_stm32l1xx_md.o
EXTI15_10_IRQHandler                              Libraries\CMSIS\CM3\DeviceSupport\ST\STM32L1xx\startup\TrueSTUDIO\startup_stm32l1xx_md.o
EXTI1_IRQHandler                                  Libraries\CMSIS\CM3\DeviceSupport\ST\STM32L1xx\startup\TrueSTUDIO\startup_stm32l1xx_md.o
EXTI2_IRQHandler                                  Libraries\CMSIS\CM3\DeviceSupport\ST\STM32L1xx\startup\TrueSTUDIO\startup_stm32l1xx_md.o
EXTI3_IRQHandler                                  Libraries\CMSIS\CM3\DeviceSupport\ST\STM32L1xx\startup\TrueSTUDIO\startup_stm32l1xx_md.o
EXTI4_IRQHandler                                  Libraries\CMSIS\CM3\DeviceSupport\ST\STM32L1xx\startup\TrueSTUDIO\startup_stm32l1xx_md.o
EXTI9_5_IRQHandler                                Libraries\CMSIS\CM3\DeviceSupport\ST\STM32L1xx\startup\TrueSTUDIO\startup_stm32l1xx_md.o
EXTI_ClearFlag                                    Libraries\STM32L1xx_StdPeriph_Driver\src\stm32l1xx_exti.o
EXTI_ClearITPendingBit                            Libraries\STM32L1xx_StdPeriph_Driver\src\stm32l1xx_exti.o
EXTI_DeInit                                       Libraries\STM32L1xx_StdPeriph_Driver\src\stm32l1xx_exti.o
EXTI_GenerateSWInterrupt                          Libraries\STM32L1xx_StdPeriph_Driver\src\stm32l1xx_exti.o
EXTI_GetFlagStatus                                Libraries\STM32L1xx_StdPeriph_Driver\src\stm32l1xx_exti.o
EXTI_GetITStatus                                  Libraries\STM32L1xx_StdPeriph_Driver\src\stm32l1xx_exti.o
EXTI_Init                                         Libraries\STM32L1xx_StdPeriph_Driver\src\stm32l1xx_exti.o
EXTI_StructInit                                   Libraries\STM32L1xx_StdPeriph_Driver\src\stm32l1xx_exti.o
FLASH_ClearFlag                                   Libraries\STM32L1xx_StdPeriph_Driver\src\stm32l1xx_flash.o
FLASH_ErasePage                                   Libraries\STM32L1xx_StdPeriph_Driver\src\stm32l1xx_flash.o
FLASH_FastProgramWord                             Libraries\STM32L1xx_StdPeriph_Driver\src\stm32l1xx_flash.o
FLASH_GetFlagStatus                               Libraries\STM32L1xx_StdPeriph_Driver\src\stm32l1xx_flash.o
FLASH_GetStatus                                   Libraries\STM32L1xx_StdPeriph_Driver\src\stm32l1xx_flash.o
FLASH_IRQHandler                                  Libraries\CMSIS\CM3\DeviceSupport\ST\STM32L1xx\startup\TrueSTUDIO\startup_stm32l1xx_md.o
FLASH_ITConfig                                    Libraries\STM32L1xx_StdPeriph_Driver\src\stm32l1xx_flash.o
FLASH_Lock                                        Libraries\STM32L1xx_StdPeriph_Driver\src\stm32l1xx_flash.o
FLASH_OB_BORConfig                                Libraries\STM32L1xx_StdPeriph_Driver\src\stm32l1xx_flash.o
FLASH_OB_GetBOR                                   Libraries\STM32L1xx_StdPeriph_Driver\src\stm32l1xx_flash.o
FLASH_OB_GetRDP                                   Libraries\STM32L1xx_StdPeriph_Driver\src\stm32l1xx_flash.o
FLASH_OB_GetUser                                  Libraries\STM32L1xx_StdPeriph_Driver\src\stm32l1xx_flash.o
FLASH_OB_GetWRP                                   Libraries\STM32L1xx_StdPeriph_Driver\src\stm32l1xx_flash.o
FLASH_OB_Launch                                   Libraries\STM32L1xx_StdPeriph_Driver\src\stm32l1xx_flash.o
FLASH_OB_Lock                                     Libraries\STM32L1xx_StdPeriph_Driver\src\stm32l1xx_flash.o
FLASH_OB_RDPConfig                                Libraries\STM32L1xx_StdPeriph_Driver\src\stm32l1xx_flash.o
FLASH_OB_Unlock                                   Libraries\STM32L1xx_StdPeriph_Driver\src\stm32l1xx_flash.o
FLASH_OB_UserConfig                               Libraries\STM32L1xx_StdPeriph_Driver\src\stm32l1xx_flash.o
FLASH_OB_WRPConfig                                Libraries\STM32L1xx_StdPeriph_Driver\src\stm32l1xx_flash.o
FLASH_PrefetchBufferCmd                           Libraries\STM32L1xx_StdPeriph_Driver\src\stm32l1xx_flash.o
FLASH_ProgramHalfPage                             Libraries\STM32L1xx_StdPeriph_Driver\src\stm32l1xx_flash_ramfunc.o
FLASH_RUNPowerDownCmd                             Libraries\STM32L1xx_StdPeriph_Driver\src\stm32l1xx_flash_ramfunc.o
FLASH_ReadAccess64Cmd                             Libraries\STM32L1xx_StdPeriph_Driver\src\stm32l1xx_flash.o
FLASH_SLEEPPowerDownCmd                           Libraries\STM32L1xx_StdPeriph_Driver\src\stm32l1xx_flash.o
FLASH_SetLatency                                  Libraries\STM32L1xx_StdPeriph_Driver\src\stm32l1xx_flash.o
FLASH_Unlock                                      Libraries\STM32L1xx_StdPeriph_Driver\src\stm32l1xx_flash.o
FLASH_WaitForLastOperation                        Libraries\STM32L1xx_StdPeriph_Driver\src\stm32l1xx_flash.o
GPIO_DeInit                                       Libraries\STM32L1xx_StdPeriph_Driver\src\stm32l1xx_gpio.o
GPIO_Init                                         Libraries\STM32L1xx_StdPeriph_Driver\src\stm32l1xx_gpio.o
                                                  mcu\src\adc.o
                                                  mcu\src\usart1.o
                                                  mcu\src\usart2.o
                                                  mcu\src\usart3.o
                                                  src\main.o
                                                  src\pwm_out.o
GPIO_InitStructure                                src\pwm_out.o
GPIO_PinAFConfig                                  Libraries\STM32L1xx_StdPeriph_Driver\src\stm32l1xx_gpio.o
                                                  mcu\src\adc.o
                                                  mcu\src\usart1.o
                                                  mcu\src\usart2.o
                                                  mcu\src\usart3.o
                                                  src\pwm_out.o
GPIO_PinLockConfig                                Libraries\STM32L1xx_StdPeriph_Driver\src\stm32l1xx_gpio.o
GPIO_ReadInputData                                Libraries\STM32L1xx_StdPeriph_Driver\src\stm32l1xx_gpio.o
GPIO_ReadInputDataBit                             Libraries\STM32L1xx_StdPeriph_Driver\src\stm32l1xx_gpio.o
                                                  src\main.o
GPIO_ReadOutputData                               Libraries\STM32L1xx_StdPeriph_Driver\src\stm32l1xx_gpio.o
GPIO_ReadOutputDataBit                            Libraries\STM32L1xx_StdPeriph_Driver\src\stm32l1xx_gpio.o
GPIO_ResetBits                                    Libraries\STM32L1xx_StdPeriph_Driver\src\stm32l1xx_gpio.o
GPIO_SetBits                                      Libraries\STM32L1xx_StdPeriph_Driver\src\stm32l1xx_gpio.o
GPIO_StructInit                                   Libraries\STM32L1xx_StdPeriph_Driver\src\stm32l1xx_gpio.o
GPIO_Write                                        Libraries\STM32L1xx_StdPeriph_Driver\src\stm32l1xx_gpio.o
GPIO_WriteBit                                     Libraries\STM32L1xx_StdPeriph_Driver\src\stm32l1xx_gpio.o
HardFault_Handler                                 src\stm32l1xx_it.o
I2C1_ER_IRQHandler                                Libraries\CMSIS\CM3\DeviceSupport\ST\STM32L1xx\startup\TrueSTUDIO\startup_stm32l1xx_md.o
I2C1_EV_IRQHandler                                Libraries\CMSIS\CM3\DeviceSupport\ST\STM32L1xx\startup\TrueSTUDIO\startup_stm32l1xx_md.o
I2C2_ER_IRQHandler                                Libraries\CMSIS\CM3\DeviceSupport\ST\STM32L1xx\startup\TrueSTUDIO\startup_stm32l1xx_md.o
I2C2_EV_IRQHandler                                Libraries\CMSIS\CM3\DeviceSupport\ST\STM32L1xx\startup\TrueSTUDIO\startup_stm32l1xx_md.o
I2C_ARPCmd                                        Libraries\STM32L1xx_StdPeriph_Driver\src\stm32l1xx_i2c.o
I2C_AcknowledgeConfig                             Libraries\STM32L1xx_StdPeriph_Driver\src\stm32l1xx_i2c.o
I2C_CalculatePEC                                  Libraries\STM32L1xx_StdPeriph_Driver\src\stm32l1xx_i2c.o
I2C_CheckEvent                                    Libraries\STM32L1xx_StdPeriph_Driver\src\stm32l1xx_i2c.o
I2C_ClearFlag                                     Libraries\STM32L1xx_StdPeriph_Driver\src\stm32l1xx_i2c.o
I2C_ClearITPendingBit                             Libraries\STM32L1xx_StdPeriph_Driver\src\stm32l1xx_i2c.o
I2C_Cmd                                           Libraries\STM32L1xx_StdPeriph_Driver\src\stm32l1xx_i2c.o
I2C_DMACmd                                        Libraries\STM32L1xx_StdPeriph_Driver\src\stm32l1xx_i2c.o
I2C_DMALastTransferCmd                            Libraries\STM32L1xx_StdPeriph_Driver\src\stm32l1xx_i2c.o
I2C_DeInit                                        Libraries\STM32L1xx_StdPeriph_Driver\src\stm32l1xx_i2c.o
I2C_DualAddressCmd                                Libraries\STM32L1xx_StdPeriph_Driver\src\stm32l1xx_i2c.o
I2C_FastModeDutyCycleConfig                       Libraries\STM32L1xx_StdPeriph_Driver\src\stm32l1xx_i2c.o
I2C_GeneralCallCmd                                Libraries\STM32L1xx_StdPeriph_Driver\src\stm32l1xx_i2c.o
I2C_GenerateSTART                                 Libraries\STM32L1xx_StdPeriph_Driver\src\stm32l1xx_i2c.o
I2C_GenerateSTOP                                  Libraries\STM32L1xx_StdPeriph_Driver\src\stm32l1xx_i2c.o
I2C_GetFlagStatus                                 Libraries\STM32L1xx_StdPeriph_Driver\src\stm32l1xx_i2c.o
I2C_GetITStatus                                   Libraries\STM32L1xx_StdPeriph_Driver\src\stm32l1xx_i2c.o
I2C_GetLastEvent                                  Libraries\STM32L1xx_StdPeriph_Driver\src\stm32l1xx_i2c.o
I2C_GetPEC                                        Libraries\STM32L1xx_StdPeriph_Driver\src\stm32l1xx_i2c.o
I2C_ITConfig                                      Libraries\STM32L1xx_StdPeriph_Driver\src\stm32l1xx_i2c.o
I2C_Init                                          Libraries\STM32L1xx_StdPeriph_Driver\src\stm32l1xx_i2c.o
I2C_OwnAddress2Config                             Libraries\STM32L1xx_StdPeriph_Driver\src\stm32l1xx_i2c.o
I2C_PECPositionConfig                             Libraries\STM32L1xx_StdPeriph_Driver\src\stm32l1xx_i2c.o
I2C_ReadRegister                                  Libraries\STM32L1xx_StdPeriph_Driver\src\stm32l1xx_i2c.o
I2C_ReceiveData                                   Libraries\STM32L1xx_StdPeriph_Driver\src\stm32l1xx_i2c.o
I2C_SMBusAlertConfig                              Libraries\STM32L1xx_StdPeriph_Driver\src\stm32l1xx_i2c.o
I2C_Send7bitAddress                               Libraries\STM32L1xx_StdPeriph_Driver\src\stm32l1xx_i2c.o
I2C_SendData                                      Libraries\STM32L1xx_StdPeriph_Driver\src\stm32l1xx_i2c.o
I2C_SoftwareResetCmd                              Libraries\STM32L1xx_StdPeriph_Driver\src\stm32l1xx_i2c.o