Archive member included because of file (symbol)

c:/program files/atollic/truestudio for stmicroelectronics stm32 lite 2.3.0/armtools/bin/../lib/gcc/arm-atollic-eabi/4.5.1/../../../../arm-atollic-eabi/lib/thumb/thumb2\libc.a(lib_a-init.o)
                              Libraries\CMSIS\CM3\DeviceSupport\ST\STM32L1xx\startup\TrueSTUDIO\startup_stm32l1xx_md.o (__libc_init_array)
c:/program files/atollic/truestudio for stmicroelectronics stm32 lite 2.3.0/armtools/bin/../lib/gcc/arm-atollic-eabi/4.5.1/../../../../arm-atollic-eabi/lib/thumb/thumb2\libc.a(lib_a-sprintf.o)
                              src\main.o (sprintf)
c:/program files/atollic/truestudio for stmicroelectronics stm32 lite 2.3.0/armtools/bin/../lib/gcc/arm-atollic-eabi/4.5.1/../../../../arm-atollic-eabi/lib/thumb/thumb2\libc.a(lib_a-svfprintf.o)
                              c:/program files/atollic/truestudio for stmicroelectronics stm32 lite 2.3.0/armtools/bin/../lib/gcc/arm-atollic-eabi/4.5.1/../../../../arm-atollic-eabi/lib/thumb/thumb2\libc.a(lib_a-sprintf.o) (_svfprintf_r)
c:/program files/atollic/truestudio for stmicroelectronics stm32 lite 2.3.0/armtools/bin/../lib/gcc/arm-atollic-eabi/4.5.1/../../../../arm-atollic-eabi/lib/thumb/thumb2\libc.a(lib_a-dtoa.o)
                              c:/program files/atollic/truestudio for stmicroelectronics stm32 lite 2.3.0/armtools/bin/../lib/gcc/arm-atollic-eabi/4.5.1/../../../../arm-atollic-eabi/lib/thumb/thumb2\libc.a(lib_a-svfprintf.o) (_dtoa_r)
c:/program files/atollic/truestudio for stmicroelectronics stm32 lite 2.3.0/armtools/bin/../lib/gcc/arm-atollic-eabi/4.5.1/../../../../arm-atollic-eabi/lib/thumb/thumb2\libc.a(lib_a-impure.o)
                              c:/program files/atollic/truestudio for stmicroelectronics stm32 lite 2.3.0/armtools/bin/../lib/gcc/arm-atollic-eabi/4.5.1/../../../../arm-atollic-eabi/lib/thumb/thumb2\libc.a(lib_a-sprintf.o) (_impure_ptr)
c:/program files/atollic/truestudio for stmicroelectronics stm32 lite 2.3.0/armtools/bin/../lib/gcc/arm-atollic-eabi/4.5.1/../../../../arm-atollic-eabi/lib/thumb/thumb2\libc.a(lib_a-locale.o)
                              c:/program files/atollic/truestudio for stmicroelectronics stm32 lite 2.3.0/armtools/bin/../lib/gcc/arm-atollic-eabi/4.5.1/../../../../arm-atollic-eabi/lib/thumb/thumb2\libc.a(lib_a-svfprintf.o) (_localeconv_r)
c:/program files/atollic/truestudio for stmicroelectronics stm32 lite 2.3.0/armtools/bin/../lib/gcc/arm-atollic-eabi/4.5.1/../../../../arm-atollic-eabi/lib/thumb/thumb2\libc.a(lib_a-malloc.o)
                              c:/program files/atollic/truestudio for stmicroelectronics stm32 lite 2.3.0/armtools/bin/../lib/gcc/arm-atollic-eabi/4.5.1/../../../../arm-atollic-eabi/lib/thumb/thumb2\libc.a(lib_a-dtoa.o) (malloc)
c:/program files/atollic/truestudio for stmicroelectronics stm32 lite 2.3.0/armtools/bin/../lib/gcc/arm-atollic-eabi/4.5.1/../../../../arm-atollic-eabi/lib/thumb/thumb2\libc.a(lib_a-mallocr.o)
                              c:/program files/atollic/truestudio for stmicroelectronics stm32 lite 2.3.0/armtools/bin/../lib/gcc/arm-atollic-eabi/4.5.1/../../../../arm-atollic-eabi/lib/thumb/thumb2\libc.a(lib_a-svfprintf.o) (_malloc_r)
c:/program files/atollic/truestudio for stmicroelectronics stm32 lite 2.3.0/armtools/bin/../lib/gcc/arm-atollic-eabi/4.5.1/../../../../arm-atollic-eabi/lib/thumb/thumb2\libc.a(lib_a-memchr.o)
                              c:/program files/atollic/truestudio for stmicroelectronics stm32 lite 2.3.0/armtools/bin/../lib/gcc/arm-atollic-eabi/4.5.1/../../../../arm-atollic-eabi/lib/thumb/thumb2\libc.a(lib_a-svfprintf.o) (memchr)
c:/program files/atollic/truestudio for stmicroelectronics stm32 lite 2.3.0/armtools/bin/../lib/gcc/arm-atollic-eabi/4.5.1/../../../../arm-atollic-eabi/lib/thumb/thumb2\libc.a(lib_a-memcpy.o)
                              c:/program files/atollic/truestudio for stmicroelectronics stm32 lite 2.3.0/armtools/bin/../lib/gcc/arm-atollic-eabi/4.5.1/../../../../arm-atollic-eabi/lib/thumb/thumb2\libc.a(lib_a-dtoa.o) (memcpy)
c:/program files/atollic/truestudio for stmicroelectronics stm32 lite 2.3.0/armtools/bin/../lib/gcc/arm-atollic-eabi/4.5.1/../../../../arm-atollic-eabi/lib/thumb/thumb2\libc.a(lib_a-mlock.o)
                              c:/program files/atollic/truestudio for stmicroelectronics stm32 lite 2.3.0/armtools/bin/../lib/gcc/arm-atollic-eabi/4.5.1/../../../../arm-atollic-eabi/lib/thumb/thumb2\libc.a(lib_a-mallocr.o) (__malloc_lock)
c:/program files/atollic/truestudio for stmicroelectronics stm32 lite 2.3.0/armtools/bin/../lib/gcc/arm-atollic-eabi/4.5.1/../../../../arm-atollic-eabi/lib/thumb/thumb2\libc.a(lib_a-mprec.o)
                              c:/program files/atollic/truestudio for stmicroelectronics stm32 lite 2.3.0/armtools/bin/../lib/gcc/arm-atollic-eabi/4.5.1/../../../../arm-atollic-eabi/lib/thumb/thumb2\libc.a(lib_a-dtoa.o) (_Balloc)
[...]
Memory Configuration

Name             Origin             Length             Attributes
FLASH            0x08000000         0x00020000         xr
RAM              0x20000000         0x00004000         xrw
MEMORY_B1        0x60000000         0x00000000         xr
*default*        0x00000000         0xffffffff

Linker script and memory map

LOAD c:/program files/atollic/truestudio for stmicroelectronics stm32 lite 2.3.0/armtools/bin/../lib/gcc/arm-atollic-eabi/4.5.1/thumb/thumb2/crti.o
LOAD c:/program files/atollic/truestudio for stmicroelectronics stm32 lite 2.3.0/armtools/bin/../lib/gcc/arm-atollic-eabi/4.5.1/thumb/thumb2/crtbegin.o
LOAD src\system_stm32l1xx.o
LOAD src\stm32l1xx_it.o
LOAD src\main.o
LOAD mcu\src\usart.o
LOAD mcu\src\mcu.o
LOAD Libraries\STM32L1xx_StdPeriph_Driver\src\stm32l1xx_wwdg.o
LOAD Libraries\STM32L1xx_StdPeriph_Driver\src\stm32l1xx_usart.o
LOAD Libraries\STM32L1xx_StdPeriph_Driver\src\stm32l1xx_tim.o
LOAD Libraries\STM32L1xx_StdPeriph_Driver\src\stm32l1xx_syscfg.o
LOAD Libraries\STM32L1xx_StdPeriph_Driver\src\stm32l1xx_spi.o
LOAD Libraries\STM32L1xx_StdPeriph_Driver\src\stm32l1xx_rtc.o
LOAD Libraries\STM32L1xx_StdPeriph_Driver\src\stm32l1xx_rcc.o
LOAD Libraries\STM32L1xx_StdPeriph_Driver\src\stm32l1xx_pwr.o
LOAD Libraries\STM32L1xx_StdPeriph_Driver\src\stm32l1xx_lcd.o
LOAD Libraries\STM32L1xx_StdPeriph_Driver\src\stm32l1xx_iwdg.o
LOAD Libraries\STM32L1xx_StdPeriph_Driver\src\stm32l1xx_i2c.o
LOAD Libraries\STM32L1xx_StdPeriph_Driver\src\stm32l1xx_gpio.o
LOAD Libraries\STM32L1xx_StdPeriph_Driver\src\stm32l1xx_flash_ramfunc.o
LOAD Libraries\STM32L1xx_StdPeriph_Driver\src\stm32l1xx_flash.o
LOAD Libraries\STM32L1xx_StdPeriph_Driver\src\stm32l1xx_exti.o
LOAD Libraries\STM32L1xx_StdPeriph_Driver\src\stm32l1xx_dma.o
LOAD Libraries\STM32L1xx_StdPeriph_Driver\src\stm32l1xx_dbgmcu.o
LOAD Libraries\STM32L1xx_StdPeriph_Driver\src\stm32l1xx_dac.o
LOAD Libraries\STM32L1xx_StdPeriph_Driver\src\stm32l1xx_crc.o
LOAD Libraries\STM32L1xx_StdPeriph_Driver\src\stm32l1xx_comp.o
LOAD Libraries\STM32L1xx_StdPeriph_Driver\src\stm32l1xx_adc.o
LOAD Libraries\STM32L1xx_StdPeriph_Driver\src\misc.o
LOAD Libraries\CMSIS\CM3\DeviceSupport\ST\STM32L1xx\startup\TrueSTUDIO\startup_stm32l1xx_md.o
LOAD Libraries\CMSIS\CM3\CoreSupport\core_cm3.o
LOAD c:/program files/atollic/truestudio for stmicroelectronics stm32 lite 2.3.0/armtools/bin/../lib/gcc/arm-atollic-eabi/4.5.1/../../../../arm-atollic-eabi/lib/thumb/thumb2\libm.a
                0x00001000                malloc_getpagesize_P = 0x1000
START GROUP
LOAD c:/program files/atollic/truestudio for stmicroelectronics stm32 lite 2.3.0/armtools/bin/../lib/gcc/arm-atollic-eabi/4.5.1/thumb/thumb2\libgcc.a
LOAD c:/program files/atollic/truestudio for stmicroelectronics stm32 lite 2.3.0/armtools/bin/../lib/gcc/arm-atollic-eabi/4.5.1/../../../../arm-atollic-eabi/lib/thumb/thumb2\libc.a
END GROUP
LOAD c:/program files/atollic/truestudio for stmicroelectronics stm32 lite 2.3.0/armtools/bin/../lib/gcc/arm-atollic-eabi/4.5.1/thumb/thumb2/crtend.o
LOAD c:/program files/atollic/truestudio for stmicroelectronics stm32 lite 2.3.0/armtools/bin/../lib/gcc/arm-atollic-eabi/4.5.1/thumb/thumb2/crtn.o
                0x20004000                _estack = 0x20004000
                0x00000000                _Min_Heap_Size = 0x0
                0x00000080                _Min_Stack_Size = 0x80

.isr_vector     0x08000000      0x10c
                0x08000000                . = ALIGN (0x4)
 *(.isr_vector)
 .isr_vector    0x08000000      0x10c Libraries\CMSIS\CM3\DeviceSupport\ST\STM32L1xx\startup\TrueSTUDIO\startup_stm32l1xx_md.o
                0x08000000                g_pfnVectors
                0x0800010c                . = ALIGN (0x4)

.text           0x08000110     0x58c8
                0x08000110                . = ALIGN (0x4)
 *(.text)
 .text          0x08000110       0x30 c:/program files/atollic/truestudio for stmicroelectronics stm32 lite 2.3.0/armtools/bin/../lib/gcc/arm-atollic-eabi/4.5.1/thumb/thumb2/crtbegin.o
 .text          0x08000140      0x278 c:/program files/atollic/truestudio for stmicroelectronics stm32 lite 2.3.0/armtools/bin/../lib/gcc/arm-atollic-eabi/4.5.1/thumb/thumb2\libgcc.a(_udivsi3.o)
                0x08000140                __aeabi_uidiv
                0x08000140                __udivsi3
                0x0800039c                __aeabi_uidivmod
 .text          0x080003b8      0x2b0 c:/program files/atollic/truestudio for stmicroelectronics stm32 lite 2.3.0/armtools/bin/../lib/gcc/arm-atollic-eabi/4.5.1/thumb/thumb2\libgcc.a(_divsi3.o)
                0x080003b8                __divsi3
                0x080003b8                __aeabi_idiv
                0x0800064c                __aeabi_idivmod
 .text          0x08000668        0x4 c:/program files/atollic/truestudio for stmicroelectronics stm32 lite 2.3.0/armtools/bin/../lib/gcc/arm-atollic-eabi/4.5.1/thumb/thumb2\libgcc.a(_dvmd_tls.o)
                0x08000668                __aeabi_idiv0
                0x08000668                __aeabi_ldiv0
 .text          0x0800066c      0x370 c:/program files/atollic/truestudio for stmicroelectronics stm32 lite 2.3.0/armtools/bin/../lib/gcc/arm-atollic-eabi/4.5.1/thumb/thumb2\libgcc.a(_arm_addsubdf3.o)
                0x0800066c                __aeabi_drsub
                0x08000674                __aeabi_dsub
                0x08000674                __subdf3
                0x08000678                __aeabi_dadd
                0x08000678                __adddf3
                0x080008f0                __floatunsidf
                0x080008f0                __aeabi_ui2d
                0x08000910                __floatsidf
                0x08000910                __aeabi_i2d
                0x08000934                __aeabi_f2d
                0x08000934                __extendsfdf2
                0x08000970                __floatundidf
                0x08000970                __aeabi_ul2d
                0x08000980                __floatdidf
                0x08000980                __aeabi_l2d
 .text          0x080009dc      0x424 c:/program files/atollic/truestudio for stmicroelectronics stm32 lite 2.3.0/armtools/bin/../lib/gcc/arm-atollic-eabi/4.5.1/thumb/thumb2\libgcc.a(_arm_muldivdf3.o)
                0x080009dc                __aeabi_dmul
                0x080009dc                __muldf3
                0x08000c30                __divdf3
                0x08000c30                __aeabi_ddiv
 .text          0x08000e00      0x110 c:/program files/atollic/truestudio for stmicroelectronics stm32 lite 2.3.0/armtools/bin/../lib/gcc/arm-atollic-eabi/4.5.1/thumb/thumb2\libgcc.a(_arm_cmpdf2.o)
                0x08000e00                __gtdf2
                0x08000e00                __gedf2
                0x08000e08                __ltdf2
                0x08000e08                __ledf2
                0x08000e10                __nedf2
                0x08000e10                __eqdf2
                0x08000e10                __cmpdf2
                0x08000e8c                __aeabi_cdrcmple
                0x08000e9c                __aeabi_cdcmpeq
                0x08000e9c                __aeabi_cdcmple
                0x08000eac                __aeabi_dcmpeq
                0x08000ec0                __aeabi_dcmplt
                0x08000ed4                __aeabi_dcmple
                0x08000ee8                __aeabi_dcmpge
                0x08000efc                __aeabi_dcmpgt
 .text          0x08000f10       0x50 c:/program files/atollic/truestudio for stmicroelectronics stm32 lite 2.3.0/armtools/bin/../lib/gcc/arm-atollic-eabi/4.5.1/thumb/thumb2\libgcc.a(_arm_fixdfsi.o)
                0x08000f10                __aeabi_d2iz
                0x08000f10                __fixdfsi
 .text          0x08000f60       0x2c c:/program files/atollic/truestudio for stmicroelectronics stm32 lite 2.3.0/armtools/bin/../lib/gcc/arm-atollic-eabi/4.5.1/thumb/thumb2\libgcc.a(_aeabi_uldivmod.o)
                0x08000f60                __aeabi_uldivmod
 .text          0x08000f8c       0x60 c:/program files/atollic/truestudio for stmicroelectronics stm32 lite 2.3.0/armtools/bin/../lib/gcc/arm-atollic-eabi/4.5.1/thumb/thumb2\libgcc.a(bpabi.o)
                0x08000f8c                __gnu_ldivmod_helper
                0x08000fbc                __gnu_uldivmod_helper
 .text          0x08000fec      0x364 c:/program files/atollic/truestudio for stmicroelectronics stm32 lite 2.3.0/armtools/bin/../lib/gcc/arm-atollic-eabi/4.5.1/thumb/thumb2\libgcc.a(_divdi3.o)
                0x08000fec                __divdi3
 .text          0x08001350      0x314 c:/program files/atollic/truestudio for stmicroelectronics stm32 lite 2.3.0/armtools/bin/../lib/gcc/arm-atollic-eabi/4.5.1/thumb/thumb2\libgcc.a(_udivdi3.o)
                0x08001350                __udivdi3
 *(.text*)
 .text.SystemInit
                0x08001664       0xb4 src\system_stm32l1xx.o
                0x08001664                SystemInit
 .text.SetSysClock
                0x08001718      0x1dc src\system_stm32l1xx.o
 .text.NMI_Handler
                0x080018f4        0xc src\stm32l1xx_it.o
                0x080018f4                NMI_Handler
 .text.HardFault_Handler
                0x08001900        0x8 src\stm32l1xx_it.o
                0x08001900                HardFault_Handler
 .text.MemManage_Handler
                0x08001908        0x8 src\stm32l1xx_it.o
                0x08001908                MemManage_Handler
 .text.BusFault_Handler
                0x08001910        0x8 src\stm32l1xx_it.o
                0x08001910                BusFault_Handler
 .text.UsageFault_Handler
                0x08001918        0x8 src\stm32l1xx_it.o
                0x08001918                UsageFault_Handler
 .text.SVC_Handler
                0x08001920        0xc src\stm32l1xx_it.o
                0x08001920                SVC_Handler
 .text.DebugMon_Handler
                0x0800192c        0xc src\stm32l1xx_it.o
                0x0800192c                DebugMon_Handler
 .text.PendSV_Handler
                0x08001938        0xc src\stm32l1xx_it.o
                0x08001938                PendSV_Handler
 .text.SysTick_Handler
                0x08001944        0xc src\stm32l1xx_it.o
                0x08001944                SysTick_Handler
 .text.handleReceivedChar
                0x08001950       0x5c src\main.o
                0x08001950                handleReceivedChar
 .text.main     0x080019ac       0x3c src\main.o
                0x080019ac                main
 .text.initUSART1
                0x080019e8      0x104 mcu\src\usart.o
                0x080019e8                initUSART1
 .text.USART2_IRQHandler
                0x08001aec       0x90 mcu\src\usart.o
                0x08001aec                USART2_IRQHandler
 .text.USART1_IRQHandler
                0x08001b7c       0x9c mcu\src\usart.o
                0x08001b7c                USART1_IRQHandler
 .text.USART3_IRQHandler
                0x08001c18       0x90 mcu\src\usart.o
                0x08001c18                USART3_IRQHandler
 .text.PutcUART1
                0x08001ca8       0x3c mcu\src\usart.o
                0x08001ca8                PutcUART1
 .text.PutsUART1
                0x08001ce4       0x3c mcu\src\usart.o
                0x08001ce4                PutsUART1
 .text.RegisterCallbackUART1
                0x08001d20       0x20 mcu\src\usart.o
                0x08001d20                RegisterCallbackUART1
 .text.USART_Init
                0x08001d40      0x1ac Libraries\STM32L1xx_StdPeriph_Driver\src\stm32l1xx_usart.o
                0x08001d40                USART_Init
 .text.USART_Cmd
                0x08001eec       0x40 Libraries\STM32L1xx_StdPeriph_Driver\src\stm32l1xx_usart.o
                0x08001eec                USART_Cmd
 .text.USART_SendData
                0x08001f2c       0x28 Libraries\STM32L1xx_StdPeriph_Driver\src\stm32l1xx_usart.o
                0x08001f2c                USART_SendData
 .text.USART_ReceiveData
                0x08001f54       0x24 Libraries\STM32L1xx_StdPeriph_Driver\src\stm32l1xx_usart.o
                0x08001f54                USART_ReceiveData
 .text.USART_ITConfig
                0x08001f78       0xa8 Libraries\STM32L1xx_StdPeriph_Driver\src\stm32l1xx_usart.o
                0x08001f78                USART_ITConfig
 .text.USART_GetFlagStatus
                0x08002020       0x40 Libraries\STM32L1xx_StdPeriph_Driver\src\stm32l1xx_usart.o
                0x08002020                USART_GetFlagStatus
 .text.USART_GetITStatus
                0x08002060       0xcc Libraries\STM32L1xx_StdPeriph_Driver\src\stm32l1xx_usart.o
                0x08002060                USART_GetITStatus
 .text.USART_ClearITPendingBit
                0x0800212c       0x44 Libraries\STM32L1xx_StdPeriph_Driver\src\stm32l1xx_usart.o
                0x0800212c                USART_ClearITPendingBit
 .text.RCC_GetClocksFreq
                0x08002170      0x22c Libraries\STM32L1xx_StdPeriph_Driver\src\stm32l1xx_rcc.o
                0x08002170                RCC_GetClocksFreq
 .text.RCC_AHBPeriphClockCmd
                0x0800239c       0x5c Libraries\STM32L1xx_StdPeriph_Driver\src\stm32l1xx_rcc.o
                0x0800239c                RCC_AHBPeriphClockCmd
 .text.RCC_APB2PeriphClockCmd
                0x080023f8       0x5c Libraries\STM32L1xx_StdPeriph_Driver\src\stm32l1xx_rcc.o
                0x080023f8                RCC_APB2PeriphClockCmd
 .text.GPIO_Init
                0x08002454      0x164 Libraries\STM32L1xx_StdPeriph_Driver\src\stm32l1xx_gpio.o
                0x08002454                GPIO_Init
 .text.GPIO_PinAFConfig
                0x080025b8       0xb0 Libraries\STM32L1xx_StdPeriph_Driver\src\stm32l1xx_gpio.o
                0x080025b8                GPIO_PinAFConfig
 .text.NVIC_PriorityGroupConfig
                0x08002668       0x28 Libraries\STM32L1xx_StdPeriph_Driver\src\misc.o
                0x08002668                NVIC_PriorityGroupConfig
 .text.NVIC_Init
                0x08002690       0xec Libraries\STM32L1xx_StdPeriph_Driver\src\misc.o
                0x08002690                NVIC_Init
 .text.Reset_Handler
                0x0800277c       0x48 Libraries\CMSIS\CM3\DeviceSupport\ST\STM32L1xx\startup\TrueSTUDIO\startup_stm32l1xx_md.o
                0x0800277c                Reset_Handler
 .text.Default_Handler
                0x080027c4        0x2 Libraries\CMSIS\CM3\DeviceSupport\ST\STM32L1xx\startup\TrueSTUDIO\startup_stm32l1xx_md.o
                0x080027c4                RTC_Alarm_IRQHandler
                0x080027c4                EXTI2_IRQHandler
                0x080027c4                TIM10_IRQHandler
                0x080027c4                USB_HP_IRQHandler
                0x080027c4                TIM6_IRQHandler
                0x080027c4                PVD_IRQHandler
                0x080027c4                EXTI3_IRQHandler
                0x080027c4                EXTI0_IRQHandler
                0x080027c4                I2C2_EV_IRQHandler
                0x080027c4                SPI1_IRQHandler
                0x080027c4                USB_FS_WKUP_IRQHandler
                0x080027c4                DMA1_Channel4_IRQHandler
                0x080027c4                ADC1_IRQHandler
                0x080027c4                DMA1_Channel7_IRQHandler
                0x080027c4                LCD_IRQHandler
                0x080027c4                TIM4_IRQHandler
                0x080027c4                I2C1_EV_IRQHandler
                0x080027c4                DMA1_Channel6_IRQHandler
                0x080027c4                TIM3_IRQHandler
                0x080027c4                RCC_IRQHandler
                0x080027c4                DMA1_Channel1_IRQHandler
                0x080027c4                Default_Handler
                0x080027c4                EXTI15_10_IRQHandler
                0x080027c4                TIM7_IRQHandler
                0x080027c4                EXTI9_5_IRQHandler
                0x080027c4                TIM9_IRQHandler
                0x080027c4                TAMPER_STAMP_IRQHandler
                0x080027c4                RTC_WKUP_IRQHandler
                0x080027c4                SPI2_IRQHandler
                0x080027c4                DMA1_Channel5_IRQHandler
                0x080027c4                USB_LP_IRQHandler
                0x080027c4                EXTI4_IRQHandler
                0x080027c4                DMA1_Channel3_IRQHandler
                0x080027c4                COMP_IRQHandler
                0x080027c4                WWDG_IRQHandler
                0x080027c4                TIM2_IRQHandler
                0x080027c4                DAC_IRQHandler
                0x080027c4                EXTI1_IRQHandler
                0x080027c4                TIM11_IRQHandler
                0x080027c4                I2C2_ER_IRQHandler
                0x080027c4                DMA1_Channel2_IRQHandler
                0x080027c4                FLASH_IRQHandler
                0x080027c4                I2C1_ER_IRQHandler
 *fill*         0x080027c6        0x2 00
 .text.__libc_init_array
                0x080027c8       0x48 c:/program files/atollic/truestudio for stmicroelectronics stm32 lite 2.3.0/armtools/bin/../lib/gcc/arm-atollic-eabi/4.5.1/../../../../arm-atollic-eabi/lib/thumb/thumb2\libc.a(lib_a-init.o)
                0x080027c8                __libc_init_array
 .text.sprintf  0x08002810       0x48 c:/program files/atollic/truestudio for stmicroelectronics stm32 lite 2.3.0/armtools/bin/../lib/gcc/arm-atollic-eabi/4.5.1/../../../../arm-atollic-eabi/lib/thumb/thumb2\libc.a(lib_a-sprintf.o)
                0x08002810                sprintf
 .text._svfprintf_r
                0x08002858     0x10f8 c:/program files/atollic/truestudio for stmicroelectronics stm32 lite 2.3.0/armtools/bin/../lib/gcc/arm-atollic-eabi/4.5.1/../../../../arm-atollic-eabi/lib/thumb/thumb2\libc.a(lib_a-svfprintf.o)
                0x08002858                _svfprintf_r
 .text.quorem   0x08003950      0x124 c:/program files/atollic/truestudio for stmicroelectronics stm32 lite 2.3.0/armtools/bin/../lib/gcc/arm-atollic-eabi/4.5.1/../../../../arm-atollic-eabi/lib/thumb/thumb2\libc.a(lib_a-dtoa.o)
 *fill*         0x08003a74        0x4 00
 .text._dtoa_r  0x08003a78      0xc08 c:/program files/atollic/truestudio for stmicroelectronics stm32 lite 2.3.0/armtools/bin/../lib/gcc/arm-atollic-eabi/4.5.1/../../../../arm-atollic-eabi/lib/thumb/thumb2\libc.a(lib_a-dtoa.o)
                0x08003a78                _dtoa_r
 .text._localeconv_r
                0x08004680        0x8 c:/program files/atollic/truestudio for stmicroelectronics stm32 lite 2.3.0/armtools/bin/../lib/gcc/arm-atollic-eabi/4.5.1/../../../../arm-atollic-eabi/lib/thumb/thumb2\libc.a(lib_a-locale.o)
                0x08004680                _localeconv_r
 .text.malloc   0x08004688       0x10 c:/program files/atollic/truestudio for stmicroelectronics stm32 lite 2.3.0/armtools/bin/../lib/gcc/arm-atollic-eabi/4.5.1/../../../../arm-atollic-eabi/lib/thumb/thumb2\libc.a(lib_a-malloc.o)
                0x08004688                malloc
 .text._malloc_r
                0x08004698      0x408 c:/program files/atollic/truestudio for stmicroelectronics stm32 lite 2.3.0/armtools/bin/../lib/gcc/arm-atollic-eabi/4.5.1/../../../../arm-atollic-eabi/lib/thumb/thumb2\libc.a(lib_a-mallocr.o)
                0x08004698                _malloc_r
 .text.memchr   0x08004aa0       0x1e c:/program files/atollic/truestudio for stmicroelectronics stm32 lite 2.3.0/armtools/bin/../lib/gcc/arm-atollic-eabi/4.5.1/../../../../arm-atollic-eabi/lib/thumb/thumb2\libc.a(lib_a-memchr.o)
                0x08004aa0                memchr
 .text.memcpy   0x08004abe       0x16 c:/program files/atollic/truestudio for stmicroelectronics stm32 lite 2.3.0/armtools/bin/../lib/gcc/arm-atollic-eabi/4.5.1/../../../../arm-atollic-eabi/lib/thumb/thumb2\libc.a(lib_a-memcpy.o)
                0x08004abe                memcpy
 .text.__malloc_lock
                0x08004ad4        0x2 c:/program files/atollic/truestudio for stmicroelectronics stm32 lite 2.3.0/armtools/bin/../lib/gcc/arm-atollic-eabi/4.5.1/../../../../arm-atollic-eabi/lib/thumb/thumb2\libc.a(lib_a-mlock.o)
                0x08004ad4                __malloc_lock
 .text.__malloc_unlock
                0x08004ad6        0x2 c:/program files/atollic/truestudio for stmicroelectronics stm32 lite 2.3.0/armtools/bin/../lib/gcc/arm-atollic-eabi/4.5.1/../../../../arm-atollic-eabi/lib/thumb/thumb2\libc.a(lib_a-mlock.o)
                0x08004ad6                __malloc_unlock
 .text._Balloc  0x08004ad8       0x62 c:/program files/atollic/truestudio for stmicroelectronics stm32 lite 2.3.0/armtools/bin/../lib/gcc/arm-atollic-eabi/4.5.1/../../../../arm-atollic-eabi/lib/thumb/thumb2\libc.a(lib_a-mprec.o)
                0x08004ad8                _Balloc
 .text._Bfree   0x08004b3a       0x2e c:/program files/atollic/truestudio for stmicroelectronics stm32 lite 2.3.0/armtools/bin/../lib/gcc/arm-atollic-eabi/4.5.1/../../../../arm-atollic-eabi/lib/thumb/thumb2\libc.a(lib_a-mprec.o)
                0x08004b3a                _Bfree
 .text.__multadd
                0x08004b68       0x7c c:/program files/atollic/truestudio for stmicroelectronics stm32 lite 2.3.0/armtools/bin/../lib/gcc/arm-atollic-eabi/4.5.1/../../../../arm-atollic-eabi/lib/thumb/thumb2\libc.a(lib_a-mprec.o)
                0x08004b68                __multadd
 .text.__hi0bits
                0x08004be4       0x40 c:/program files/atollic/truestudio for stmicroelectronics stm32 lite 2.3.0/armtools/bin/../lib/gcc/arm-atollic-eabi/4.5.1/../../../../arm-atollic-eabi/lib/thumb/thumb2\libc.a(lib_a-mprec.o)
                0x08004be4                __hi0bits
 .text.__lo0bits
                0x08004c24       0x64 c:/program files/atollic/truestudio for stmicroelectronics stm32 lite 2.3.0/armtools/bin/../lib/gcc/arm-atollic-eabi/4.5.1/../../../../arm-atollic-eabi/lib/thumb/thumb2\libc.a(lib_a-mprec.o)
                0x08004c24                __lo0bits
 .text.__i2b    0x08004c88       0x12 c:/program files/atollic/truestudio for stmicroelectronics stm32 lite 2.3.0/armtools/bin/../lib/gcc/arm-atollic-eabi/4.5.1/../../../../arm-atollic-eabi/lib/thumb/thumb2\libc.a(lib_a-mprec.o)
                0x08004c88                __i2b
 .text.__multiply
                0x08004c9a      0x124 c:/program files/atollic/truestudio for stmicroelectronics stm32 lite 2.3.0/armtools/bin/../lib/gcc/arm-atollic-eabi/4.5.1/../../../../arm-atollic-eabi/lib/thumb/thumb2\libc.a(lib_a-mprec.o)
                0x08004c9a                __multiply
 *fill*         0x08004dbe        0x2 00
 .text.__pow5mult
                0x08004dc0       0xa4 c:/program files/atollic/truestudio for stmicroelectronics stm32 lite 2.3.0/armtools/bin/../lib/gcc/arm-atollic-eabi/4.5.1/../../../../arm-atollic-eabi/lib/thumb/thumb2\libc.a(lib_a-mprec.o)
                0x08004dc0                __pow5mult
 .text.__lshift
                0x08004e64       0x98 c:/program files/atollic/truestudio for stmicroelectronics stm32 lite 2.3.0/armtools/bin/../lib/gcc/arm-atollic-eabi/4.5.1/../../../../arm-atollic-eabi/lib/thumb/thumb2\libc.a(lib_a-mprec.o)
                0x08004e64                __lshift
 .text.__mcmp   0x08004efc       0x3a c:/program files/atollic/truestudio for stmicroelectronics stm32 lite 2.3.0/armtools/bin/../lib/gcc/arm-atollic-eabi/4.5.1/../../../../arm-atollic-eabi/lib/thumb/thumb2\libc.a(lib_a-mprec.o)
                0x08004efc                __mcmp
 .text.__mdiff  0x08004f36       0xc6 c:/program files/atollic/truestudio for stmicroelectronics stm32 lite 2.3.0/armtools/bin/../lib/gcc/arm-atollic-eabi/4.5.1/../../../../arm-atollic-eabi/lib/thumb/thumb2\libc.a(lib_a-mprec.o)
                0x08004f36                __mdiff
 .text.__d2b    0x08004ffc       0xbc c:/program files/atollic/truestudio for stmicroelectronics stm32 lite 2.3.0/armtools/bin/../lib/gcc/arm-atollic-eabi/4.5.1/../../../../arm-atollic-eabi/lib/thumb/thumb2\libc.a(lib_a-mprec.o)
                0x08004ffc                __d2b
 .text._sbrk_r  0x080050b8       0x24 c:/program files/atollic/truestudio for stmicroelectronics stm32 lite 2.3.0/armtools/bin/../lib/gcc/arm-atollic-eabi/4.5.1/../../../../arm-atollic-eabi/lib/thumb/thumb2\libc.a(lib_a-sbrkr.o)
                0x080050b8                _sbrk_r
 .text.__fpclassifyd
                0x080050dc       0x64 c:/program files/atollic/truestudio for stmicroelectronics stm32 lite 2.3.0/armtools/bin/../lib/gcc/arm-atollic-eabi/4.5.1/../../../../arm-atollic-eabi/lib/thumb/thumb2\libc.a(lib_a-s_fpclassify.o)
                0x080050dc                __fpclassifyd
 .text.strlen   0x08005140       0x10 c:/program files/atollic/truestudio for stmicroelectronics stm32 lite 2.3.0/armtools/bin/../lib/gcc/arm-atollic-eabi/4.5.1/../../../../arm-atollic-eabi/lib/thumb/thumb2\libc.a(lib_a-strlen.o)
                0x08005140                strlen
 .text.__ssprint_r
                0x08005150       0xf6 c:/program files/atollic/truestudio for stmicroelectronics stm32 lite 2.3.0/armtools/bin/../lib/gcc/arm-atollic-eabi/4.5.1/../../../../arm-atollic-eabi/lib/thumb/thumb2\libc.a(lib_a-svfiprintf.o)
                0x08005150                __ssprint_r
 *fill*         0x08005246        0x2 00
 .text._sbrk    0x08005248       0x34 c:/program files/atollic/truestudio for stmicroelectronics stm32 lite 2.3.0/armtools/bin/../lib/gcc/arm-atollic-eabi/4.5.1/../../../../arm-atollic-eabi/lib/thumb/thumb2\libc.a(lib_a-syscalls.o)
                0x08005248                _sbrk
 .text._calloc_r
                0x0800527c       0x58 c:/program files/atollic/truestudio for stmicroelectronics stm32 lite 2.3.0/armtools/bin/../lib/gcc/arm-atollic-eabi/4.5.1/../../../../arm-atollic-eabi/lib/thumb/thumb2\libc.a(lib_a-callocr.o)
                0x0800527c                _calloc_r
 .text._malloc_trim_r
                0x080052d4       0x94 c:/program files/atollic/truestudio for stmicroelectronics stm32 lite 2.3.0/armtools/bin/../lib/gcc/arm-atollic-eabi/4.5.1/../../../../arm-atollic-eabi/lib/thumb/thumb2\libc.a(lib_a-freer.o)
                0x080052d4                _malloc_trim_r
 .text._free_r  0x08005368      0x180 c:/program files/atollic/truestudio for stmicroelectronics stm32 lite 2.3.0/armtools/bin/../lib/gcc/arm-atollic-eabi/4.5.1/../../../../arm-atollic-eabi/lib/thumb/thumb2\libc.a(lib_a-freer.o)
                0x08005368                _free_r
 .text.memmove  0x080054e8       0x34 c:/program files/atollic/truestudio for stmicroelectronics stm32 lite 2.3.0/armtools/bin/../lib/gcc/arm-atollic-eabi/4.5.1/../../../../arm-atollic-eabi/lib/thumb/thumb2\libc.a(lib_a-memmove.o)
                0x080054e8                memmove
 .text.memset   0x0800551c       0x12 c:/program files/atollic/truestudio for stmicroelectronics stm32 lite 2.3.0/armtools/bin/../lib/gcc/arm-atollic-eabi/4.5.1/../../../../arm-atollic-eabi/lib/thumb/thumb2\libc.a(lib_a-memset.o)
                0x0800551c                memset
 *fill*         0x0800552e        0x2 00
 .text._realloc_r
                0x08005530      0x2f8 c:/program files/atollic/truestudio for stmicroelectronics stm32 lite 2.3.0/armtools/bin/../lib/gcc/arm-atollic-eabi/4.5.1/../../../../arm-atollic-eabi/lib/thumb/thumb2\libc.a(lib_a-reallocr.o)
                0x08005530                _realloc_r
 *(.rodata)
 .rodata        0x08005828       0x30 src\main.o
 *(.rodata*)
 .rodata.str1.1
                0x08005858       0x34 c:/program files/atollic/truestudio for stmicroelectronics stm32 lite 2.3.0/armtools/bin/../lib/gcc/arm-atollic-eabi/4.5.1/../../../../arm-atollic-eabi/lib/thumb/thumb2\libc.a(lib_a-svfprintf.o)
 .rodata.zeroes.3939
                0x0800588c       0x10 c:/program files/atollic/truestudio for stmicroelectronics stm32 lite 2.3.0/armtools/bin/../lib/gcc/arm-atollic-eabi/4.5.1/../../../../arm-atollic-eabi/lib/thumb/thumb2\libc.a(lib_a-svfprintf.o)
 .rodata.blanks.3938
                0x0800589c       0x10 c:/program files/atollic/truestudio for stmicroelectronics stm32 lite 2.3.0/armtools/bin/../lib/gcc/arm-atollic-eabi/4.5.1/../../../../arm-atollic-eabi/lib/thumb/thumb2\libc.a(lib_a-svfprintf.o)
 .rodata.str1.1
                0x080058ac        0xd c:/program files/atollic/truestudio for stmicroelectronics stm32 lite 2.3.0/armtools/bin/../lib/gcc/arm-atollic-eabi/4.5.1/../../../../arm-atollic-eabi/lib/thumb/thumb2\libc.a(lib_a-dtoa.o)
                                  0xf (size before relaxing)
 .rodata.str1.1
                0x080058b9        0x2 c:/program files/atollic/truestudio for stmicroelectronics stm32 lite 2.3.0/armtools/bin/../lib/gcc/arm-atollic-eabi/4.5.1/../../../../arm-atollic-eabi/lib/thumb/thumb2\libc.a(lib_a-impure.o)
 .rodata.str1.1
                0x080058bb        0x8 c:/program files/atollic/truestudio for stmicroelectronics stm32 lite 2.3.0/armtools/bin/../lib/gcc/arm-atollic-eabi/4.5.1/../../../../arm-atollic-eabi/lib/thumb/thumb2\libc.a(lib_a-locale.o)
                                  0xb (size before relaxing)
 *fill*         0x080058c3        0x1 00
 .rodata.p05.2464
                0x080058c4        0xc c:/program files/atollic/truestudio for stmicroelectronics stm32 lite 2.3.0/armtools/bin/../lib/gcc/arm-atollic-eabi/4.5.1/../../../../arm-atollic-eabi/lib/thumb/thumb2\libc.a(lib_a-mprec.o)
 .rodata.__mprec_tens
                0x080058d0       0xc8 c:/program files/atollic/truestudio for stmicroelectronics stm32 lite 2.3.0/armtools/bin/../lib/gcc/arm-atollic-eabi/4.5.1/../../../../arm-atollic-eabi/lib/thumb/thumb2\libc.a(lib_a-mprec.o)
                0x080058d0                __mprec_tens
 .rodata.__mprec_bigtens
                0x08005998       0x28 c:/program files/atollic/truestudio for stmicroelectronics stm32 lite 2.3.0/armtools/bin/../lib/gcc/arm-atollic-eabi/4.5.1/../../../../arm-atollic-eabi/lib/thumb/thumb2\libc.a(lib_a-mprec.o)
                0x08005998                __mprec_bigtens
 *(.glue_7)
 .glue_7        0x00000000        0x0 linker stubs
 *(.glue_7t)
 .glue_7t       0x00000000        0x0 linker stubs
 *(.eh_frame)
 *(.init)
 .init          0x080059c0        0x4 c:/program files/atollic/truestudio for stmicroelectronics stm32 lite 2.3.0/armtools/bin/../lib/gcc/arm-atollic-eabi/4.5.1/thumb/thumb2/crti.o
                0x080059c0                _init
 .init          0x080059c4        0x8 c:/program files/atollic/truestudio for stmicroelectronics stm32 lite 2.3.0/armtools/bin/../lib/gcc/arm-atollic-eabi/4.5.1/thumb/thumb2/crtn.o
 *(.fini)
 .fini          0x080059cc        0x4 c:/program files/atollic/truestudio for stmicroelectronics stm32 lite 2.3.0/armtools/bin/../lib/gcc/arm-atollic-eabi/4.5.1/thumb/thumb2/crti.o
                0x080059cc                _fini
 .fini          0x080059d0        0x8 c:/program files/atollic/truestudio for stmicroelectronics stm32 lite 2.3.0/armtools/bin/../lib/gcc/arm-atollic-eabi/4.5.1/thumb/thumb2/crtn.o
                0x080059d8                . = ALIGN (0x4)
                0x080059d8                _etext = .

.vfp11_veneer   0x080059d8        0x0
 .vfp11_veneer  0x00000000        0x0 linker stubs

.v4_bx          0x080059d8        0x0
 .v4_bx         0x00000000        0x0 linker stubs

.ARM.extab
 *(.ARM.extab* .gnu.linkonce.armextab.*)

.ARM            0x080059d8        0x8
                0x080059d8                __exidx_start = .
 *(.ARM.exidx*)
 .ARM.exidx     0x080059d8        0x8 c:/program files/atollic/truestudio for stmicroelectronics stm32 lite 2.3.0/armtools/bin/../lib/gcc/arm-atollic-eabi/4.5.1/thumb/thumb2\libgcc.a(_divdi3.o)
 .ARM.exidx     0x080059e0        0x0 c:/program files/atollic/truestudio for stmicroelectronics stm32 lite 2.3.0/armtools/bin/../lib/gcc/arm-atollic-eabi/4.5.1/thumb/thumb2\libgcc.a(_udivdi3.o)
                                  0x8 (size before relaxing)
                0x080059e0                __exidx_end = .

.preinit_array  0x080059e0        0x0
                0x080059e0                PROVIDE (__preinit_array_start, .)
 *(.preinit_array*)
                0x080059e0                PROVIDE (__preinit_array_end, .)

.init_array     0x080059e0        0x4
                0x080059e0                PROVIDE (__init_array_start, .)
 *(SORT(.init_array.*))
 *(.init_array*)
 .init_array    0x080059e0        0x4 c:/program files/atollic/truestudio for stmicroelectronics stm32 lite 2.3.0/armtools/bin/../lib/gcc/arm-atollic-eabi/4.5.1/thumb/thumb2/crtbegin.o
                0x080059e4                PROVIDE (__init_array_end, .)

.fini_array     0x080059e4        0x4
                0x080059e4                PROVIDE (__fini_array_start, .)
 *(.fini_array*)
 .fini_array    0x080059e4        0x4 c:/program files/atollic/truestudio for stmicroelectronics stm32 lite 2.3.0/armtools/bin/../lib/gcc/arm-atollic-eabi/4.5.1/thumb/thumb2/crtbegin.o
 *(SORT(.fini_array.*))
                0x080059e8                PROVIDE (__fini_array_end, .)
                0x080059e8                _sidata = .

.data           0x20000000      0x558 load address 0x080059e8
                0x20000000                . = ALIGN (0x4)
                0x20000000                _sdata = .
 *(.data)
 *(.data*)
 .data.PLLMulTable
                0x20000000        0xc Libraries\STM32L1xx_StdPeriph_Driver\src\stm32l1xx_rcc.o
 .data.APBAHBPrescTable
                0x2000000c       0x10 Libraries\STM32L1xx_StdPeriph_Driver\src\stm32l1xx_rcc.o
 .data.impure_data
                0x2000001c       0xf0 c:/program files/atollic/truestudio for stmicroelectronics stm32 lite 2.3.0/armtools/bin/../lib/gcc/arm-atollic-eabi/4.5.1/../../../../arm-atollic-eabi/lib/thumb/thumb2\libc.a(lib_a-impure.o)
 .data._impure_ptr
                0x2000010c        0x4 c:/program files/atollic/truestudio for stmicroelectronics stm32 lite 2.3.0/armtools/bin/../lib/gcc/arm-atollic-eabi/4.5.1/../../../../arm-atollic-eabi/lib/thumb/thumb2\libc.a(lib_a-impure.o)
                0x2000010c                _impure_ptr
 .data.lconv    0x20000110       0x38 c:/program files/atollic/truestudio for stmicroelectronics stm32 lite 2.3.0/armtools/bin/../lib/gcc/arm-atollic-eabi/4.5.1/../../../../arm-atollic-eabi/lib/thumb/thumb2\libc.a(lib_a-locale.o)
 .data.__malloc_av_
                0x20000148      0x408 c:/program files/atollic/truestudio for stmicroelectronics stm32 lite 2.3.0/armtools/bin/../lib/gcc/arm-atollic-eabi/4.5.1/../../../../arm-atollic-eabi/lib/thumb/thumb2\libc.a(lib_a-mallocr.o)
                0x20000148                __malloc_av_
 .data.__malloc_trim_threshold
                0x20000550        0x4 c:/program files/atollic/truestudio for stmicroelectronics stm32 lite 2.3.0/armtools/bin/../lib/gcc/arm-atollic-eabi/4.5.1/../../../../arm-atollic-eabi/lib/thumb/thumb2\libc.a(lib_a-mallocr.o)
                0x20000550                __malloc_trim_threshold
 .data.__malloc_sbrk_base
                0x20000554        0x4 c:/program files/atollic/truestudio for stmicroelectronics stm32 lite 2.3.0/armtools/bin/../lib/gcc/arm-atollic-eabi/4.5.1/../../../../arm-atollic-eabi/lib/thumb/thumb2\libc.a(lib_a-mallocr.o)
                0x20000554                __malloc_sbrk_base
                0x20000558                . = ALIGN (0x4)
                0x20000558                _edata = .

.jcr            0x20000558        0x0 load address 0x08005f40
 .jcr           0x20000558        0x0 c:/program files/atollic/truestudio for stmicroelectronics stm32 lite 2.3.0/armtools/bin/../lib/gcc/arm-atollic-eabi/4.5.1/thumb/thumb2/crtbegin.o
                0x20000558                . = ALIGN (0x4)

.bss            0x20000558       0x4c load address 0x08005f40
                0x20000558                _sbss = .
                0x20000558                __bss_start__ = _sbss
 *(.bss)
 .bss           0x20000558        0x1 c:/program files/atollic/truestudio for stmicroelectronics stm32 lite 2.3.0/armtools/bin/../lib/gcc/arm-atollic-eabi/4.5.1/thumb/thumb2/crtbegin.o
 *(.bss*)
 *fill*         0x20000559        0x3 00
 .bss.tick      0x2000055c        0x4 src\main.o
                0x2000055c                tick
 .bss.gCallback1
                0x20000560        0x4 mcu\src\usart.o
                0x20000560                gCallback1
 .bss.gCallback2
                0x20000564        0x4 mcu\src\usart.o
                0x20000564                gCallback2
 .bss.__malloc_max_total_mem
                0x20000568        0x4 c:/program files/atollic/truestudio for stmicroelectronics stm32 lite 2.3.0/armtools/bin/../lib/gcc/arm-atollic-eabi/4.5.1/../../../../arm-atollic-eabi/lib/thumb/thumb2\libc.a(lib_a-mallocr.o)
                0x20000568                __malloc_max_total_mem
 .bss.__malloc_max_sbrked_mem
                0x2000056c        0x4 c:/program files/atollic/truestudio for stmicroelectronics stm32 lite 2.3.0/armtools/bin/../lib/gcc/arm-atollic-eabi/4.5.1/../../../../arm-atollic-eabi/lib/thumb/thumb2\libc.a(lib_a-mallocr.o)
                0x2000056c                __malloc_max_sbrked_mem
 .bss.__malloc_top_pad
                0x20000570        0x4 c:/program files/atollic/truestudio for stmicroelectronics stm32 lite 2.3.0/armtools/bin/../lib/gcc/arm-atollic-eabi/4.5.1/../../../../arm-atollic-eabi/lib/thumb/thumb2\libc.a(lib_a-mallocr.o)
                0x20000570                __malloc_top_pad
 .bss.__malloc_current_mallinfo
                0x20000574       0x28 c:/program files/atollic/truestudio for stmicroelectronics stm32 lite 2.3.0/armtools/bin/../lib/gcc/arm-atollic-eabi/4.5.1/../../../../arm-atollic-eabi/lib/thumb/thumb2\libc.a(lib_a-mallocr.o)
                0x20000574                __malloc_current_mallinfo
 .bss.heap_end.2323
                0x2000059c        0x4 c:/program files/atollic/truestudio for stmicroelectronics stm32 lite 2.3.0/armtools/bin/../lib/gcc/arm-atollic-eabi/4.5.1/../../../../arm-atollic-eabi/lib/thumb/thumb2\libc.a(lib_a-syscalls.o)
 *(COMMON)
 COMMON         0x200005a0        0x4 c:/program files/atollic/truestudio for stmicroelectronics stm32 lite 2.3.0/armtools/bin/../lib/gcc/arm-atollic-eabi/4.5.1/../../../../arm-atollic-eabi/lib/thumb/thumb2\libc.a(lib_a-reent.o)
                0x200005a0                errno
                0x200005a4                . = ALIGN (0x4)
                0x200005a4                _ebss = .
                0x200005a4                __bss_end__ = _ebss

._user_heap_stack
                0x200005a4       0x80 load address 0x08005f40
                0x200005a4                . = ALIGN (0x4)
                0x200005a4                PROVIDE (end, .)
                0x200005a4                PROVIDE (_end, .)
                0x200005a4                . = (. + _Min_Heap_Size)
                0x20000624                . = (. + _Min_Stack_Size)
 *fill*         0x200005a4       0x80 00
                0x20000624                . = ALIGN (0x4)

.memory_b1_text
 *(.mb1text)
 *(.mb1text*)
 *(.mb1rodata)
 *(.mb1rodata*)

/DISCARD/
 libc.a(*)
 libm.a(*)
 libgcc.a(*)

.ARM.attributes
                0x00000000       0x25
 *(.ARM.attributes)
 .ARM.attributes
                0x00000000       0x19 c:/program files/atollic/truestudio for stmicroelectronics stm32 lite 2.3.0/armtools/bin/../lib/gcc/arm-atollic-eabi/4.5.1/thumb/thumb2/crti.o
 .ARM.attributes
                0x00000019       0x29 c:/program files/atollic/truestudio for stmicroelectronics stm32 lite 2.3.0/armtools/bin/../lib/gcc/arm-atollic-eabi/4.5.1/thumb/thumb2/crtbegin.o
 .ARM.attributes
                0x00000042       0x31 src\system_stm32l1xx.o
 .ARM.attributes
                0x00000073       0x31 src\stm32l1xx_it.o
 .ARM.attributes
                0x000000a4       0x31 src\main.o
 .ARM.attributes
                0x000000d5       0x31 mcu\src\usart.o
 .ARM.attributes
                0x00000106       0x31 mcu\src\mcu.o
 .ARM.attributes
                0x00000137       0x31 Libraries\STM32L1xx_StdPeriph_Driver\src\stm32l1xx_wwdg.o
 .ARM.attributes
                0x00000168       0x31 Libraries\STM32L1xx_StdPeriph_Driver\src\stm32l1xx_usart.o
 .ARM.attributes
                0x00000199       0x31 Libraries\STM32L1xx_StdPeriph_Driver\src\stm32l1xx_tim.o
 .ARM.attributes
                0x000001ca       0x31 Libraries\STM32L1xx_StdPeriph_Driver\src\stm32l1xx_syscfg.o
 .ARM.attributes
                0x000001fb       0x31 Libraries\STM32L1xx_StdPeriph_Driver\src\stm32l1xx_spi.o
 .ARM.attributes
                0x0000022c       0x31 Libraries\STM32L1xx_StdPeriph_Driver\src\stm32l1xx_rtc.o
 .ARM.attributes
                0x0000025d       0x31 Libraries\STM32L1xx_StdPeriph_Driver\src\stm32l1xx_rcc.o
 .ARM.attributes
                0x0000028e       0x31 Libraries\STM32L1xx_StdPeriph_Driver\src\stm32l1xx_pwr.o
 .ARM.attributes
                0x000002bf       0x31 Libraries\STM32L1xx_StdPeriph_Driver\src\stm32l1xx_lcd.o
 .ARM.attributes
                0x000002f0       0x31 Libraries\STM32L1xx_StdPeriph_Driver\src\stm32l1xx_iwdg.o
 .ARM.attributes
                0x00000321       0x31 Libraries\STM32L1xx_StdPeriph_Driver\src\stm32l1xx_i2c.o
 .ARM.attributes
                0x00000352       0x31 Libraries\STM32L1xx_StdPeriph_Driver\src\stm32l1xx_gpio.o
 .ARM.attributes
                0x00000383       0x31 Libraries\STM32L1xx_StdPeriph_Driver\src\stm32l1xx_flash_ramfunc.o
 .ARM.attributes
                0x000003b4       0x31 Libraries\STM32L1xx_StdPeriph_Driver\src\stm32l1xx_flash.o
 .ARM.attributes
                0x000003e5       0x31 Libraries\STM32L1xx_StdPeriph_Driver\src\stm32l1xx_exti.o
 .ARM.attributes
                0x00000416       0x31 Libraries\STM32L1xx_StdPeriph_Driver\src\stm32l1xx_dma.o
 .ARM.attributes
                0x00000447       0x31 Libraries\STM32L1xx_StdPeriph_Driver\src\stm32l1xx_dbgmcu.o
 .ARM.attributes
                0x00000478       0x31 Libraries\STM32L1xx_StdPeriph_Driver\src\stm32l1xx_dac.o
 .ARM.attributes
                0x000004a9       0x31 Libraries\STM32L1xx_StdPeriph_Driver\src\stm32l1xx_crc.o
 .ARM.attributes
                0x000004da       0x31 Libraries\STM32L1xx_StdPeriph_Driver\src\stm32l1xx_comp.o
 .ARM.attributes
                0x0000050b       0x31 Libraries\STM32L1xx_StdPeriph_Driver\src\stm32l1xx_adc.o
 .ARM.attributes
                0x0000053c       0x31 Libraries\STM32L1xx_StdPeriph_Driver\src\misc.o
 .ARM.attributes
                0x0000056d       0x21 Libraries\CMSIS\CM3\DeviceSupport\ST\STM32L1xx\startup\TrueSTUDIO\startup_stm32l1xx_md.o
 .ARM.attributes
                0x0000058e       0x31 Libraries\CMSIS\CM3\CoreSupport\core_cm3.o
 .ARM.attributes
                0x000005bf       0x29 c:/program files/atollic/truestudio for stmicroelectronics stm32 lite 2.3.0/armtools/bin/../lib/gcc/arm-atollic-eabi/4.5.1/../../../../arm-atollic-eabi/lib/thumb/thumb2\libc.a(lib_a-init.o)
 .ARM.attributes
                0x000005e8       0x29 c:/program files/atollic/truestudio for stmicroelectronics stm32 lite 2.3.0/armtools/bin/../lib/gcc/arm-atollic-eabi/4.5.1/../../../../arm-atollic-eabi/lib/thumb/thumb2\libc.a(lib_a-sprintf.o)
 .ARM.attributes
                0x00000611       0x29 c:/program files/atollic/truestudio for stmicroelectronics stm32 lite 2.3.0/armtools/bin/../lib/gcc/arm-atollic-eabi/4.5.1/../../../../arm-atollic-eabi/lib/thumb/thumb2\libc.a(lib_a-svfprintf.o)
 .ARM.attributes
                0x0000063a       0x29 c:/program files/atollic/truestudio for stmicroelectronics stm32 lite 2.3.0/armtools/bin/../lib/gcc/arm-atollic-eabi/4.5.1/../../../../arm-atollic-eabi/lib/thumb/thumb2\libc.a(lib_a-dtoa.o)
 .ARM.attributes
                0x00000663       0x29 c:/program files/atollic/truestudio for stmicroelectronics stm32 lite 2.3.0/armtools/bin/../lib/gcc/arm-atollic-eabi/4.5.1/../../../../arm-atollic-eabi/lib/thumb/thumb2\libc.a(lib_a-impure.o)
 .ARM.attributes
                0x0000068c       0x29 c:/program files/atollic/truestudio for stmicroelectronics stm32 lite 2.3.0/armtools/bin/../lib/gcc/arm-atollic-eabi/4.5.1/../../../../arm-atollic-eabi/lib/thumb/thumb2\libc.a(lib_a-locale.o)
 .ARM.attributes
                0x000006b5       0x29 c:/program files/atollic/truestudio for stmicroelectronics stm32 lite 2.3.0/armtools/bin/../lib/gcc/arm-atollic-eabi/4.5.1/../../../../arm-atollic-eabi/lib/thumb/thumb2\libc.a(lib_a-malloc.o)
 .ARM.attributes
                0x000006de       0x29 c:/program files/atollic/truestudio for stmicroelectronics stm32 lite 2.3.0/armtools/bin/../lib/gcc/arm-atollic-eabi/4.5.1/../../../../arm-atollic-eabi/lib/thumb/thumb2\libc.a(lib_a-mallocr.o)
 .ARM.attributes
                0x00000707       0x29 c:/program files/atollic/truestudio for stmicroelectronics stm32 lite 2.3.0/armtools/bin/../lib/gcc/arm-atollic-eabi/4.5.1/../../../../arm-atollic-eabi/lib/thumb/thumb2\libc.a(lib_a-memchr.o)
 .ARM.attributes
                0x00000730       0x29 c:/program files/atollic/truestudio for stmicroelectronics stm32 lite 2.3.0/armtools/bin/../lib/gcc/arm-atollic-eabi/4.5.1/../../../../arm-atollic-eabi/lib/thumb/thumb2\libc.a(lib_a-memcpy.o)
 .ARM.attributes
                0x00000759       0x29 c:/program files/atollic/truestudio for stmicroelectronics stm32 lite 2.3.0/armtools/bin/../lib/gcc/arm-atollic-eabi/4.5.1/../../../../arm-atollic-eabi/lib/thumb/thumb2\libc.a(lib_a-mlock.o)
 .ARM.attributes
                0x00000782       0x29 c:/program files/atollic/truestudio for stmicroelectronics stm32 lite 2.3.0/armtools/bin/../lib/gcc/arm-atollic-eabi/4.5.1/../../../../arm-atollic-eabi/lib/thumb/thumb2\libc.a(lib_a-mprec.o)
 .ARM.attributes
                0x000007ab       0x29 c:/program files/atollic/truestudio for stmicroelectronics stm32 lite 2.3.0/armtools/bin/../lib/gcc/arm-atollic-eabi/4.5.1/../../../../arm-atollic-eabi/lib/thumb/thumb2\libc.a(lib_a-sbrkr.o)
 .ARM.attributes
                0x000007d4       0x29 c:/program files/atollic/truestudio for stmicroelectronics stm32 lite 2.3.0/armtools/bin/../lib/gcc/arm-atollic-eabi/4.5.1/../../../../arm-atollic-eabi/lib/thumb/thumb2\libc.a(lib_a-s_fpclassify.o)
 .ARM.attributes
                0x000007fd       0x29 c:/program files/atollic/truestudio for stmicroelectronics stm32 lite 2.3.0/armtools/bin/../lib/gcc/arm-atollic-eabi/4.5.1/../../../../arm-atollic-eabi/lib/thumb/thumb2\libc.a(lib_a-strcmp.o)
 .ARM.attributes
                0x00000826       0x29 c:/program files/atollic/truestudio for stmicroelectronics stm32 lite 2.3.0/armtools/bin/../lib/gcc/arm-atollic-eabi/4.5.1/../../../../arm-atollic-eabi/lib/thumb/thumb2\libc.a(lib_a-strlen.o)
 .ARM.attributes
                0x0000084f       0x29 c:/program files/atollic/truestudio for stmicroelectronics stm32 lite 2.3.0/armtools/bin/../lib/gcc/arm-atollic-eabi/4.5.1/../../../../arm-atollic-eabi/lib/thumb/thumb2\libc.a(lib_a-svfiprintf.o)
 .ARM.attributes
                0x00000878       0x29 c:/program files/atollic/truestudio for stmicroelectronics stm32 lite 2.3.0/armtools/bin/../lib/gcc/arm-atollic-eabi/4.5.1/../../../../arm-atollic-eabi/lib/thumb/thumb2\libc.a(lib_a-syscalls.o)
 .ARM.attributes
                0x000008a1       0x29 c:/program files/atollic/truestudio for stmicroelectronics stm32 lite 2.3.0/armtools/bin/../lib/gcc/arm-atollic-eabi/4.5.1/../../../../arm-atollic-eabi/lib/thumb/thumb2\libc.a(lib_a-callocr.o)
 .ARM.attributes
                0x000008ca       0x29 c:/program files/atollic/truestudio for stmicroelectronics stm32 lite 2.3.0/armtools/bin/../lib/gcc/arm-atollic-eabi/4.5.1/../../../../arm-atollic-eabi/lib/thumb/thumb2\libc.a(lib_a-freer.o)
 .ARM.attributes
                0x000008f3       0x29 c:/program files/atollic/truestudio for stmicroelectronics stm32 lite 2.3.0/armtools/bin/../lib/gcc/arm-atollic-eabi/4.5.1/../../../../arm-atollic-eabi/lib/thumb/thumb2\libc.a(lib_a-memmove.o)
 .ARM.attributes
                0x0000091c       0x29 c:/program files/atollic/truestudio for stmicroelectronics stm32 lite 2.3.0/armtools/bin/../lib/gcc/arm-atollic-eabi/4.5.1/../../../../arm-atollic-eabi/lib/thumb/thumb2\libc.a(lib_a-memset.o)
 .ARM.attributes
                0x00000945       0x29 c:/program files/atollic/truestudio for stmicroelectronics stm32 lite 2.3.0/armtools/bin/../lib/gcc/arm-atollic-eabi/4.5.1/../../../../arm-atollic-eabi/lib/thumb/thumb2\libc.a(lib_a-reallocr.o)
 .ARM.attributes
                0x0000096e       0x29 c:/program files/atollic/truestudio for stmicroelectronics stm32 lite 2.3.0/armtools/bin/../lib/gcc/arm-atollic-eabi/4.5.1/../../../../arm-atollic-eabi/lib/thumb/thumb2\libc.a(lib_a-reent.o)
 .ARM.attributes
                0x00000997       0x1b c:/program files/atollic/truestudio for stmicroelectronics stm32 lite 2.3.0/armtools/bin/../lib/gcc/arm-atollic-eabi/4.5.1/thumb/thumb2\libgcc.a(_udivsi3.o)
 .ARM.attributes
                0x000009b2       0x1b c:/program files/atollic/truestudio for stmicroelectronics stm32 lite 2.3.0/armtools/bin/../lib/gcc/arm-atollic-eabi/4.5.1/thumb/thumb2\libgcc.a(_divsi3.o)
 .ARM.attributes
                0x000009cd       0x1b c:/program files/atollic/truestudio for stmicroelectronics stm32 lite 2.3.0/armtools/bin/../lib/gcc/arm-atollic-eabi/4.5.1/thumb/thumb2\libgcc.a(_dvmd_tls.o)
 .ARM.attributes
                0x000009e8       0x1b c:/program files/atollic/truestudio for stmicroelectronics stm32 lite 2.3.0/armtools/bin/../lib/gcc/arm-atollic-eabi/4.5.1/thumb/thumb2\libgcc.a(_arm_addsubdf3.o)
 .ARM.attributes
                0x00000a03       0x1b c:/program files/atollic/truestudio for stmicroelectronics stm32 lite 2.3.0/armtools/bin/../lib/gcc/arm-atollic-eabi/4.5.1/thumb/thumb2\libgcc.a(_arm_muldivdf3.o)
 .ARM.attributes
                0x00000a1e       0x1b c:/program files/atollic/truestudio for stmicroelectronics stm32 lite 2.3.0/armtools/bin/../lib/gcc/arm-atollic-eabi/4.5.1/thumb/thumb2\libgcc.a(_arm_cmpdf2.o)
 .ARM.attributes
                0x00000a39       0x1b c:/program files/atollic/truestudio for stmicroelectronics stm32 lite 2.3.0/armtools/bin/../lib/gcc/arm-atollic-eabi/4.5.1/thumb/thumb2\libgcc.a(_arm_fixdfsi.o)
 .ARM.attributes
                0x00000a54       0x1b c:/program files/atollic/truestudio for stmicroelectronics stm32 lite 2.3.0/armtools/bin/../lib/gcc/arm-atollic-eabi/4.5.1/thumb/thumb2\libgcc.a(_aeabi_uldivmod.o)
 .ARM.attributes
                0x00000a6f       0x29 c:/program files/atollic/truestudio for stmicroelectronics stm32 lite 2.3.0/armtools/bin/../lib/gcc/arm-atollic-eabi/4.5.1/thumb/thumb2\libgcc.a(bpabi.o)
 .ARM.attributes
                0x00000a98       0x29 c:/program files/atollic/truestudio for stmicroelectronics stm32 lite 2.3.0/armtools/bin/../lib/gcc/arm-atollic-eabi/4.5.1/thumb/thumb2\libgcc.a(_divdi3.o)
 .ARM.attributes
                0x00000ac1       0x29 c:/program files/atollic/truestudio for stmicroelectronics stm32 lite 2.3.0/armtools/bin/../lib/gcc/arm-atollic-eabi/4.5.1/thumb/thumb2\libgcc.a(_udivdi3.o)
 .ARM.attributes
                0x00000aea       0x29 c:/program files/atollic/truestudio for stmicroelectronics stm32 lite 2.3.0/armtools/bin/../lib/gcc/arm-atollic-eabi/4.5.1/thumb/thumb2/crtend.o
 .ARM.attributes
                0x00000b13       0x19 c:/program files/atollic/truestudio for stmicroelectronics stm32 lite 2.3.0/armtools/bin/../lib/gcc/arm-atollic-eabi/4.5.1/thumb/thumb2/crtn.o
OUTPUT(basic_project.elf elf32-littlearm)

.debug_line     0x00000000     0x596b
 .debug_line    0x00000000       0x6d c:/program files/atollic/truestudio for stmicroelectronics stm32 lite 2.3.0/armtools/bin/../lib/gcc/arm-atollic-eabi/4.5.1/thumb/thumb2/crti.o
 .debug_line    0x0000006d      0x1fd src\system_stm32l1xx.o
 .debug_line    0x0000026a      0x10e src\stm32l1xx_it.o
 .debug_line    0x00000378       0xbe src\main.o
 .debug_line    0x00000436      0x3b5 mcu\src\usart.o
 .debug_line    0x000007eb       0x8f mcu\src\mcu.o
 .debug_line    0x0000087a      0x216 Libraries\STM32L1xx_StdPeriph_Driver\src\stm32l1xx_wwdg.o
 .debug_line    0x00000a90      0x458 Libraries\STM32L1xx_StdPeriph_Driver\src\stm32l1xx_usart.o
 .debug_line    0x00000ee8      0x921 Libraries\STM32L1xx_StdPeriph_Driver\src\stm32l1xx_tim.o
 .debug_line    0x00001809      0x28b Libraries\STM32L1xx_StdPeriph_Driver\src\stm32l1xx_syscfg.o
 .debug_line    0x00001a94      0x36f Libraries\STM32L1xx_StdPeriph_Driver\src\stm32l1xx_spi.o
 .debug_line    0x00001e03      0x684 Libraries\STM32L1xx_StdPeriph_Driver\src\stm32l1xx_rtc.o
 .debug_line    0x00002487      0x4d9 Libraries\STM32L1xx_StdPeriph_Driver\src\stm32l1xx_rcc.o
 .debug_line    0x00002960      0x2db Libraries\STM32L1xx_StdPeriph_Driver\src\stm32l1xx_pwr.o
 .debug_line    0x00002c3b      0x329 Libraries\STM32L1xx_StdPeriph_Driver\src\stm32l1xx_lcd.o
 .debug_line    0x00002f64      0x1eb Libraries\STM32L1xx_StdPeriph_Driver\src\stm32l1xx_iwdg.o
 .debug_line    0x0000314f      0x492 Libraries\STM32L1xx_StdPeriph_Driver\src\stm32l1xx_i2c.o
 .debug_line    0x000035e1      0x2f3 Libraries\STM32L1xx_StdPeriph_Driver\src\stm32l1xx_gpio.o
 .debug_line    0x000038d4      0x238 Libraries\STM32L1xx_StdPeriph_Driver\src\stm32l1xx_flash_ramfunc.o
 .debug_line    0x00003b0c      0x4e3 Libraries\STM32L1xx_StdPeriph_Driver\src\stm32l1xx_flash.o
 .debug_line    0x00003fef      0x277 Libraries\STM32L1xx_StdPeriph_Driver\src\stm32l1xx_exti.o
 .debug_line    0x00004266      0x2c4 Libraries\STM32L1xx_StdPeriph_Driver\src\stm32l1xx_dma.o
 .debug_line    0x0000452a      0x1db Libraries\STM32L1xx_StdPeriph_Driver\src\stm32l1xx_dbgmcu.o
 .debug_line    0x00004705      0x330 Libraries\STM32L1xx_StdPeriph_Driver\src\stm32l1xx_dac.o
 .debug_line    0x00004a35      0x1f8 Libraries\STM32L1xx_StdPeriph_Driver\src\stm32l1xx_crc.o
 .debug_line    0x00004c2d      0x23b Libraries\STM32L1xx_StdPeriph_Driver\src\stm32l1xx_comp.o
 .debug_line    0x00004e68      0x525 Libraries\STM32L1xx_StdPeriph_Driver\src\stm32l1xx_adc.o
 .debug_line    0x0000538d      0x213 Libraries\STM32L1xx_StdPeriph_Driver\src\misc.o
 .debug_line    0x000055a0       0xb1 Libraries\CMSIS\CM3\DeviceSupport\ST\STM32L1xx\startup\TrueSTUDIO\startup_stm32l1xx_md.o
 .debug_line    0x00005651      0x2aa Libraries\CMSIS\CM3\CoreSupport\core_cm3.o
 .debug_line    0x000058fb       0x70 c:/program files/atollic/truestudio for stmicroelectronics stm32 lite 2.3.0/armtools/bin/../lib/gcc/arm-atollic-eabi/4.5.1/thumb/thumb2/crtn.o

.debug_info     0x00000000     0xb8ba
 .debug_info    0x00000000       0x7f c:/program files/atollic/truestudio for stmicroelectronics stm32 lite 2.3.0/armtools/bin/../lib/gcc/arm-atollic-eabi/4.5.1/thumb/thumb2/crti.o
 .debug_info    0x0000007f      0x55a src\system_stm32l1xx.o
 .debug_info    0x000005d9      0x14e src\stm32l1xx_it.o
 .debug_info    0x00000727      0x1c1 src\main.o
 .debug_info    0x000008e8      0xa0e mcu\src\usart.o
 .debug_info    0x000012f6       0xe7 mcu\src\mcu.o
 .debug_info    0x000013dd      0x24c Libraries\STM32L1xx_StdPeriph_Driver\src\stm32l1xx_wwdg.o
 .debug_info    0x00001629      0xa43 Libraries\STM32L1xx_StdPeriph_Driver\src\stm32l1xx_usart.o
 .debug_info    0x0000206c     0x1b42 Libraries\STM32L1xx_StdPeriph_Driver\src\stm32l1xx_tim.o
 .debug_info    0x00003bae      0x3f3 Libraries\STM32L1xx_StdPeriph_Driver\src\stm32l1xx_syscfg.o
 .debug_info    0x00003fa1      0x76c Libraries\STM32L1xx_StdPeriph_Driver\src\stm32l1xx_spi.o
 .debug_info    0x0000470d      0xefa Libraries\STM32L1xx_StdPeriph_Driver\src\stm32l1xx_rtc.o
 .debug_info    0x00005607      0xa74 Libraries\STM32L1xx_StdPeriph_Driver\src\stm32l1xx_rcc.o
 .debug_info    0x0000607b      0x57b Libraries\STM32L1xx_StdPeriph_Driver\src\stm32l1xx_pwr.o
 .debug_info    0x000065f6      0x4dd Libraries\STM32L1xx_StdPeriph_Driver\src\stm32l1xx_lcd.o
 .debug_info    0x00006ad3      0x202 Libraries\STM32L1xx_StdPeriph_Driver\src\stm32l1xx_iwdg.o
 .debug_info    0x00006cd5      0xb4a Libraries\STM32L1xx_StdPeriph_Driver\src\stm32l1xx_i2c.o
 .debug_info    0x0000781f      0x628 Libraries\STM32L1xx_StdPeriph_Driver\src\stm32l1xx_gpio.o
 .debug_info    0x00007e47      0x31f Libraries\STM32L1xx_StdPeriph_Driver\src\stm32l1xx_flash_ramfunc.o
 .debug_info    0x00008166      0x9cd Libraries\STM32L1xx_StdPeriph_Driver\src\stm32l1xx_flash.o
 .debug_info    0x00008b33      0x366 Libraries\STM32L1xx_StdPeriph_Driver\src\stm32l1xx_exti.o
 .debug_info    0x00008e99      0x4a1 Libraries\STM32L1xx_StdPeriph_Driver\src\stm32l1xx_dma.o
 .debug_info    0x0000933a      0x1e6 Libraries\STM32L1xx_StdPeriph_Driver\src\stm32l1xx_dbgmcu.o
 .debug_info    0x00009520      0x677 Libraries\STM32L1xx_StdPeriph_Driver\src\stm32l1xx_dac.o
 .debug_info    0x00009b97      0x204 Libraries\STM32L1xx_StdPeriph_Driver\src\stm32l1xx_crc.o
 .debug_info    0x00009d9b      0x24b Libraries\STM32L1xx_StdPeriph_Driver\src\stm32l1xx_comp.o
 .debug_info    0x00009fe6      0xd12 Libraries\STM32L1xx_StdPeriph_Driver\src\stm32l1xx_adc.o
 .debug_info    0x0000acf8      0x548 Libraries\STM32L1xx_StdPeriph_Driver\src\misc.o
 .debug_info    0x0000b240       0xaf Libraries\CMSIS\CM3\DeviceSupport\ST\STM32L1xx\startup\TrueSTUDIO\startup_stm32l1xx_md.o
 .debug_info    0x0000b2ef      0x54c Libraries\CMSIS\CM3\CoreSupport\core_cm3.o
 .debug_info    0x0000b83b       0x7f c:/program files/atollic/truestudio for stmicroelectronics stm32 lite 2.3.0/armtools/bin/../lib/gcc/arm-atollic-eabi/4.5.1/thumb/thumb2/crtn.o

.debug_abbrev   0x00000000     0x235e
 .debug_abbrev  0x00000000       0x12 c:/program files/atollic/truestudio for stmicroelectronics stm32 lite 2.3.0/armtools/bin/../lib/gcc/arm-atollic-eabi/4.5.1/thumb/thumb2/crti.o
 .debug_abbrev  0x00000012      0x17c src\system_stm32l1xx.o
 .debug_abbrev  0x0000018e       0x59 src\stm32l1xx_it.o
 .debug_abbrev  0x000001e7       0xdd src\main.o
 .debug_abbrev  0x000002c4      0x1c7 mcu\src\usart.o
 .debug_abbrev  0x0000048b       0x8e mcu\src\mcu.o
 .debug_abbrev  0x00000519      0x120 Libraries\STM32L1xx_StdPeriph_Driver\src\stm32l1xx_wwdg.o
 .debug_abbrev  0x00000639      0x150 Libraries\STM32L1xx_StdPeriph_Driver\src\stm32l1xx_usart.o
 .debug_abbrev  0x00000789      0x174 Libraries\STM32L1xx_StdPeriph_Driver\src\stm32l1xx_tim.o
 .debug_abbrev  0x000008fd      0x13f Libraries\STM32L1xx_StdPeriph_Driver\src\stm32l1xx_syscfg.o
 .debug_abbrev  0x00000a3c      0x150 Libraries\STM32L1xx_StdPeriph_Driver\src\stm32l1xx_spi.o
 .debug_abbrev  0x00000b8c      0x16d Libraries\STM32L1xx_StdPeriph_Driver\src\stm32l1xx_rtc.o
 .debug_abbrev  0x00000cf9      0x1b9 Libraries\STM32L1xx_StdPeriph_Driver\src\stm32l1xx_rcc.o
 .debug_abbrev  0x00000eb2      0x1b9 Libraries\STM32L1xx_StdPeriph_Driver\src\stm32l1xx_pwr.o
 .debug_abbrev  0x0000106b      0x17d Libraries\STM32L1xx_StdPeriph_Driver\src\stm32l1xx_lcd.o
 .debug_abbrev  0x000011e8       0xfc Libraries\STM32L1xx_StdPeriph_Driver\src\stm32l1xx_iwdg.o
 .debug_abbrev  0x000012e4      0x15f Libraries\STM32L1xx_StdPeriph_Driver\src\stm32l1xx_i2c.o
 .debug_abbrev  0x00001443      0x177 Libraries\STM32L1xx_StdPeriph_Driver\src\stm32l1xx_gpio.o
 .debug_abbrev  0x000015ba      0x12d Libraries\STM32L1xx_StdPeriph_Driver\src\stm32l1xx_flash_ramfunc.o
 .debug_abbrev  0x000016e7      0x166 Libraries\STM32L1xx_StdPeriph_Driver\src\stm32l1xx_flash.o
 .debug_abbrev  0x0000184d      0x18d Libraries\STM32L1xx_StdPeriph_Driver\src\stm32l1xx_exti.o
 .debug_abbrev  0x000019da      0x150 Libraries\STM32L1xx_StdPeriph_Driver\src\stm32l1xx_dma.o
 .debug_abbrev  0x00001b2a       0xdc Libraries\STM32L1xx_StdPeriph_Driver\src\stm32l1xx_dbgmcu.o
 .debug_abbrev  0x00001c06      0x174 Libraries\STM32L1xx_StdPeriph_Driver\src\stm32l1xx_dac.o
 .debug_abbrev  0x00001d7a      0x10c Libraries\STM32L1xx_StdPeriph_Driver\src\stm32l1xx_crc.o
 .debug_abbrev  0x00001e86      0x147 Libraries\STM32L1xx_StdPeriph_Driver\src\stm32l1xx_comp.o
 .debug_abbrev  0x00001fcd      0x15f Libraries\STM32L1xx_StdPeriph_Driver\src\stm32l1xx_adc.o
 .debug_abbrev  0x0000212c      0x137 Libraries\STM32L1xx_StdPeriph_Driver\src\misc.o
 .debug_abbrev  0x00002263       0x12 Libraries\CMSIS\CM3\DeviceSupport\ST\STM32L1xx\startup\TrueSTUDIO\startup_stm32l1xx_md.o
 .debug_abbrev  0x00002275       0xd7 Libraries\CMSIS\CM3\CoreSupport\core_cm3.o
 .debug_abbrev  0x0000234c       0x12 c:/program files/atollic/truestudio for stmicroelectronics stm32 lite 2.3.0/armtools/bin/../lib/gcc/arm-atollic-eabi/4.5.1/thumb/thumb2/crtn.o

.debug_aranges  0x00000000     0x1300
 .debug_aranges
                0x00000000       0x28 c:/program files/atollic/truestudio for stmicroelectronics stm32 lite 2.3.0/armtools/bin/../lib/gcc/arm-atollic-eabi/4.5.1/thumb/thumb2/crti.o
 .debug_aranges
                0x00000028       0x30 src\system_stm32l1xx.o
 .debug_aranges
                0x00000058       0x60 src\stm32l1xx_it.o
 .debug_aranges
                0x000000b8       0x38 src\main.o
 .debug_aranges
                0x000000f0       0xa8 mcu\src\usart.o
 .debug_aranges
                0x00000198       0x28 mcu\src\mcu.o
 .debug_aranges
                0x000001c0       0x58 Libraries\STM32L1xx_StdPeriph_Driver\src\stm32l1xx_wwdg.o
 .debug_aranges
                0x00000218      0x100 Libraries\STM32L1xx_StdPeriph_Driver\src\stm32l1xx_usart.o
 .debug_aranges
                0x00000318      0x2b8 Libraries\STM32L1xx_StdPeriph_Driver\src\stm32l1xx_tim.o
 .debug_aranges
                0x000005d0       0x70 Libraries\STM32L1xx_StdPeriph_Driver\src\stm32l1xx_syscfg.o
 .debug_aranges
                0x00000640       0xb8 Libraries\STM32L1xx_StdPeriph_Driver\src\stm32l1xx_spi.o
 .debug_aranges
                0x000006f8      0x168 Libraries\STM32L1xx_StdPeriph_Driver\src\stm32l1xx_rtc.o
 .debug_aranges
                0x00000860      0x140 Libraries\STM32L1xx_StdPeriph_Driver\src\stm32l1xx_rcc.o
 .debug_aranges
                0x000009a0       0x98 Libraries\STM32L1xx_StdPeriph_Driver\src\stm32l1xx_pwr.o
 .debug_aranges
                0x00000a38       0xa8 Libraries\STM32L1xx_StdPeriph_Driver\src\stm32l1xx_lcd.o
 .debug_aranges
                0x00000ae0       0x48 Libraries\STM32L1xx_StdPeriph_Driver\src\stm32l1xx_iwdg.o
 .debug_aranges
                0x00000b28      0x118 Libraries\STM32L1xx_StdPeriph_Driver\src\stm32l1xx_i2c.o
 .debug_aranges
                0x00000c40       0x80 Libraries\STM32L1xx_StdPeriph_Driver\src\stm32l1xx_gpio.o
 .debug_aranges
                0x00000cc0       0x48 Libraries\STM32L1xx_StdPeriph_Driver\src\stm32l1xx_flash_ramfunc.o
 .debug_aranges
                0x00000d08      0x128 Libraries\STM32L1xx_StdPeriph_Driver\src\stm32l1xx_flash.o
 .debug_aranges
                0x00000e30       0x58 Libraries\STM32L1xx_StdPeriph_Driver\src\stm32l1xx_exti.o
 .debug_aranges
                0x00000e88       0x70 Libraries\STM32L1xx_StdPeriph_Driver\src\stm32l1xx_dma.o
 .debug_aranges
                0x00000ef8       0x40 Libraries\STM32L1xx_StdPeriph_Driver\src\stm32l1xx_dbgmcu.o
 .debug_aranges
                0x00000f38       0xa0 Libraries\STM32L1xx_StdPeriph_Driver\src\stm32l1xx_dac.o
 .debug_aranges
                0x00000fd8       0x48 Libraries\STM32L1xx_StdPeriph_Driver\src\stm32l1xx_crc.o
 .debug_aranges
                0x00001020       0x48 Libraries\STM32L1xx_StdPeriph_Driver\src\stm32l1xx_comp.o
 .debug_aranges
                0x00001068      0x140 Libraries\STM32L1xx_StdPeriph_Driver\src\stm32l1xx_adc.o
 .debug_aranges
                0x000011a8       0x40 Libraries\STM32L1xx_StdPeriph_Driver\src\misc.o
 .debug_aranges
                0x000011e8       0x28 Libraries\CMSIS\CM3\DeviceSupport\ST\STM32L1xx\startup\TrueSTUDIO\startup_stm32l1xx_md.o
 .debug_aranges
                0x00001210       0xc8 Libraries\CMSIS\CM3\CoreSupport\core_cm3.o
 .debug_aranges
                0x000012d8       0x28 c:/program files/atollic/truestudio for stmicroelectronics stm32 lite 2.3.0/armtools/bin/../lib/gcc/arm-atollic-eabi/4.5.1/thumb/thumb2/crtn.o

.debug_ranges   0x00000000     0x1128
 .debug_ranges  0x00000000       0x20 c:/program files/atollic/truestudio for stmicroelectronics stm32 lite 2.3.0/armtools/bin/../lib/gcc/arm-atollic-eabi/4.5.1/thumb/thumb2/crti.o
 .debug_ranges  0x00000020       0x20 src\system_stm32l1xx.o
 .debug_ranges  0x00000040       0x50 src\stm32l1xx_it.o
 .debug_ranges  0x00000090       0x28 src\main.o
 .debug_ranges  0x000000b8       0x98 mcu\src\usart.o
 .debug_ranges  0x00000150       0x18 mcu\src\mcu.o
 .debug_ranges  0x00000168       0x48 Libraries\STM32L1xx_StdPeriph_Driver\src\stm32l1xx_wwdg.o
 .debug_ranges  0x000001b0       0xf0 Libraries\STM32L1xx_StdPeriph_Driver\src\stm32l1xx_usart.o
 .debug_ranges  0x000002a0      0x2a8 Libraries\STM32L1xx_StdPeriph_Driver\src\stm32l1xx_tim.o
 .debug_ranges  0x00000548       0x60 Libraries\STM32L1xx_StdPeriph_Driver\src\stm32l1xx_syscfg.o
 .debug_ranges  0x000005a8       0xa8 Libraries\STM32L1xx_StdPeriph_Driver\src\stm32l1xx_spi.o
 .debug_ranges  0x00000650      0x158 Libraries\STM32L1xx_StdPeriph_Driver\src\stm32l1xx_rtc.o
 .debug_ranges  0x000007a8      0x130 Libraries\STM32L1xx_StdPeriph_Driver\src\stm32l1xx_rcc.o
 .debug_ranges  0x000008d8       0x88 Libraries\STM32L1xx_StdPeriph_Driver\src\stm32l1xx_pwr.o
 .debug_ranges  0x00000960       0x98 Libraries\STM32L1xx_StdPeriph_Driver\src\stm32l1xx_lcd.o
 .debug_ranges  0x000009f8       0x38 Libraries\STM32L1xx_StdPeriph_Driver\src\stm32l1xx_iwdg.o
 .debug_ranges  0x00000a30      0x108 Libraries\STM32L1xx_StdPeriph_Driver\src\stm32l1xx_i2c.o
 .debug_ranges  0x00000b38       0x70 Libraries\STM32L1xx_StdPeriph_Driver\src\stm32l1xx_gpio.o
 .debug_ranges  0x00000ba8       0x38 Libraries\STM32L1xx_StdPeriph_Driver\src\stm32l1xx_flash_ramfunc.o
 .debug_ranges  0x00000be0      0x118 Libraries\STM32L1xx_StdPeriph_Driver\src\stm32l1xx_flash.o
 .debug_ranges  0x00000cf8       0x48 Libraries\STM32L1xx_StdPeriph_Driver\src\stm32l1xx_exti.o
 .debug_ranges  0x00000d40       0x60 Libraries\STM32L1xx_StdPeriph_Driver\src\stm32l1xx_dma.o
 .debug_ranges  0x00000da0       0x30 Libraries\STM32L1xx_StdPeriph_Driver\src\stm32l1xx_dbgmcu.o
 .debug_ranges  0x00000dd0       0x90 Libraries\STM32L1xx_StdPeriph_Driver\src\stm32l1xx_dac.o
 .debug_ranges  0x00000e60       0x38 Libraries\STM32L1xx_StdPeriph_Driver\src\stm32l1xx_crc.o
 .debug_ranges  0x00000e98       0x38 Libraries\STM32L1xx_StdPeriph_Driver\src\stm32l1xx_comp.o
 .debug_ranges  0x00000ed0      0x130 Libraries\STM32L1xx_StdPeriph_Driver\src\stm32l1xx_adc.o
 .debug_ranges  0x00001000       0x30 Libraries\STM32L1xx_StdPeriph_Driver\src\misc.o
 .debug_ranges  0x00001030       0x20 Libraries\CMSIS\CM3\DeviceSupport\ST\STM32L1xx\startup\TrueSTUDIO\startup_stm32l1xx_md.o
 .debug_ranges  0x00001050       0xb8 Libraries\CMSIS\CM3\CoreSupport\core_cm3.o
 .debug_ranges  0x00001108       0x20 c:/program files/atollic/truestudio for stmicroelectronics stm32 lite 2.3.0/armtools/bin/../lib/gcc/arm-atollic-eabi/4.5.1/thumb/thumb2/crtn.o

.comment        0x00000000       0xc3
 .comment       0x00000000       0x61 c:/program files/atollic/truestudio for stmicroelectronics stm32 lite 2.3.0/armtools/bin/../lib/gcc/arm-atollic-eabi/4.5.1/thumb/thumb2/crtbegin.o
                                 0x62 (size before relaxing)
 .comment       0x00000061       0x62 src\system_stm32l1xx.o
                                 0x63 (size before relaxing)
 .comment       0x00000000       0x63 src\stm32l1xx_it.o
 .comment       0x00000000       0x63 src\main.o
 .comment       0x00000000       0x63 mcu\src\usart.o
 .comment       0x00000000       0x63 mcu\src\mcu.o
 .comment       0x00000000       0x63 Libraries\STM32L1xx_StdPeriph_Driver\src\stm32l1xx_wwdg.o
 .comment       0x00000000       0x63 Libraries\STM32L1xx_StdPeriph_Driver\src\stm32l1xx_usart.o
 .comment       0x00000000       0x63 Libraries\STM32L1xx_StdPeriph_Driver\src\stm32l1xx_tim.o
 .comment       0x00000000       0x63 Libraries\STM32L1xx_StdPeriph_Driver\src\stm32l1xx_syscfg.o
 .comment       0x00000000       0x63 Libraries\STM32L1xx_StdPeriph_Driver\src\stm32l1xx_spi.o
 .comment       0x00000000       0x63 Libraries\STM32L1xx_StdPeriph_Driver\src\stm32l1xx_rtc.o
 .comment       0x00000000       0x63 Libraries\STM32L1xx_StdPeriph_Driver\src\stm32l1xx_rcc.o
 .comment       0x00000000       0x63 Libraries\STM32L1xx_StdPeriph_Driver\src\stm32l1xx_pwr.o
 .comment       0x00000000       0x63 Libraries\STM32L1xx_StdPeriph_Driver\src\stm32l1xx_lcd.o
 .comment       0x00000000       0x63 Libraries\STM32L1xx_StdPeriph_Driver\src\stm32l1xx_iwdg.o
 .comment       0x00000000       0x63 Libraries\STM32L1xx_StdPeriph_Driver\src\stm32l1xx_i2c.o
 .comment       0x00000000       0x63 Libraries\STM32L1xx_StdPeriph_Driver\src\stm32l1xx_gpio.o
 .comment       0x00000000       0x63 Libraries\STM32L1xx_StdPeriph_Driver\src\stm32l1xx_flash_ramfunc.o
 .comment       0x00000000       0x63 Libraries\STM32L1xx_StdPeriph_Driver\src\stm32l1xx_flash.o
 .comment       0x00000000       0x63 Libraries\STM32L1xx_StdPeriph_Driver\src\stm32l1xx_exti.o
 .comment       0x00000000       0x63 Libraries\STM32L1xx_StdPeriph_Driver\src\stm32l1xx_dma.o
 .comment       0x00000000       0x63 Libraries\STM32L1xx_StdPeriph_Driver\src\stm32l1xx_dbgmcu.o
 .comment       0x00000000       0x63 Libraries\STM32L1xx_StdPeriph_Driver\src\stm32l1xx_dac.o
 .comment       0x00000000       0x63 Libraries\STM32L1xx_StdPeriph_Driver\src\stm32l1xx_crc.o
 .comment       0x00000000       0x63 Libraries\STM32L1xx_StdPeriph_Driver\src\stm32l1xx_comp.o
 .comment       0x00000000       0x63 Libraries\STM32L1xx_StdPeriph_Driver\src\stm32l1xx_adc.o
 .comment       0x00000000       0x63 Libraries\STM32L1xx_StdPeriph_Driver\src\misc.o
 .comment       0x00000000       0x63 Libraries\CMSIS\CM3\CoreSupport\core_cm3.o
 .comment       0x00000000       0x62 c:/program files/atollic/truestudio for stmicroelectronics stm32 lite 2.3.0/armtools/bin/../lib/gcc/arm-atollic-eabi/4.5.1/../../../../arm-atollic-eabi/lib/thumb/thumb2\libc.a(lib_a-init.o)
 .comment       0x00000000       0x62 c:/program files/atollic/truestudio for stmicroelectronics stm32 lite 2.3.0/armtools/bin/../lib/gcc/arm-atollic-eabi/4.5.1/../../../../arm-atollic-eabi/lib/thumb/thumb2\libc.a(lib_a-sprintf.o)
 .comment       0x00000000       0x62 c:/program files/atollic/truestudio for stmicroelectronics stm32 lite 2.3.0/armtools/bin/../lib/gcc/arm-atollic-eabi/4.5.1/../../../../arm-atollic-eabi/lib/thumb/thumb2\libc.a(lib_a-svfprintf.o)
 .comment       0x00000000       0x62 c:/program files/atollic/truestudio for stmicroelectronics stm32 lite 2.3.0/armtools/bin/../lib/gcc/arm-atollic-eabi/4.5.1/../../../../arm-atollic-eabi/lib/thumb/thumb2\libc.a(lib_a-dtoa.o)
 .comment       0x00000000       0x62 c:/program files/atollic/truestudio for stmicroelectronics stm32 lite 2.3.0/armtools/bin/../lib/gcc/arm-atollic-eabi/4.5.1/../../../../arm-atollic-eabi/lib/thumb/thumb2\libc.a(lib_a-impure.o)
 .comment       0x00000000       0x62 c:/program files/atollic/truestudio for stmicroelectronics stm32 lite 2.3.0/armtools/bin/../lib/gcc/arm-atollic-eabi/4.5.1/../../../../arm-atollic-eabi/lib/thumb/thumb2\libc.a(lib_a-locale.o)
 .comment       0x00000000       0x62 c:/program files/atollic/truestudio for stmicroelectronics stm32 lite 2.3.0/armtools/bin/../lib/gcc/arm-atollic-eabi/4.5.1/../../../../arm-atollic-eabi/lib/thumb/thumb2\libc.a(lib_a-malloc.o)
 .comment       0x00000000       0x62 c:/program files/atollic/truestudio for stmicroelectronics stm32 lite 2.3.0/armtools/bin/../lib/gcc/arm-atollic-eabi/4.5.1/../../../../arm-atollic-eabi/lib/thumb/thumb2\libc.a(lib_a-mallocr.o)
 .comment       0x00000000       0x62 c:/program files/atollic/truestudio for stmicroelectronics stm32 lite 2.3.0/armtools/bin/../lib/gcc/arm-atollic-eabi/4.5.1/../../../../arm-atollic-eabi/lib/thumb/thumb2\libc.a(lib_a-memchr.o)
 .comment       0x00000000       0x62 c:/program files/atollic/truestudio for stmicroelectronics stm32 lite 2.3.0/armtools/bin/../lib/gcc/arm-atollic-eabi/4.5.1/../../../../arm-atollic-eabi/lib/thumb/thumb2\libc.a(lib_a-memcpy.o)
 .comment       0x00000000       0x62 c:/program files/atollic/truestudio for stmicroelectronics stm32 lite 2.3.0/armtools/bin/../lib/gcc/arm-atollic-eabi/4.5.1/../../../../arm-atollic-eabi/lib/thumb/thumb2\libc.a(lib_a-mlock.o)
 .comment       0x00000000       0x62 c:/program files/atollic/truestudio for stmicroelectronics stm32 lite 2.3.0/armtools/bin/../lib/gcc/arm-atollic-eabi/4.5.1/../../../../arm-atollic-eabi/lib/thumb/thumb2\libc.a(lib_a-mprec.o)
 .comment       0x00000000       0x62 c:/program files/atollic/truestudio for stmicroelectronics stm32 lite 2.3.0/armtools/bin/../lib/gcc/arm-atollic-eabi/4.5.1/../../../../arm-atollic-eabi/lib/thumb/thumb2\libc.a(lib_a-sbrkr.o)
 .comment       0x00000000       0x62 c:/program files/atollic/truestudio for stmicroelectronics stm32 lite 2.3.0/armtools/bin/../lib/gcc/arm-atollic-eabi/4.5.1/../../../../arm-atollic-eabi/lib/thumb/thumb2\libc.a(lib_a-s_fpclassify.o)
 .comment       0x00000000       0x62 c:/program files/atollic/truestudio for stmicroelectronics stm32 lite 2.3.0/armtools/bin/../lib/gcc/arm-atollic-eabi/4.5.1/../../../../arm-atollic-eabi/lib/thumb/thumb2\libc.a(lib_a-strcmp.o)
 .comment       0x00000000       0x62 c:/program files/atollic/truestudio for stmicroelectronics stm32 lite 2.3.0/armtools/bin/../lib/gcc/arm-atollic-eabi/4.5.1/../../../../arm-atollic-eabi/lib/thumb/thumb2\libc.a(lib_a-strlen.o)
 .comment       0x00000000       0x62 c:/program files/atollic/truestudio for stmicroelectronics stm32 lite 2.3.0/armtools/bin/../lib/gcc/arm-atollic-eabi/4.5.1/../../../../arm-atollic-eabi/lib/thumb/thumb2\libc.a(lib_a-svfiprintf.o)
 .comment       0x00000000       0x62 c:/program files/atollic/truestudio for stmicroelectronics stm32 lite 2.3.0/armtools/bin/../lib/gcc/arm-atollic-eabi/4.5.1/../../../../arm-atollic-eabi/lib/thumb/thumb2\libc.a(lib_a-syscalls.o)
 .comment       0x00000000       0x62 c:/program files/atollic/truestudio for stmicroelectronics stm32 lite 2.3.0/armtools/bin/../lib/gcc/arm-atollic-eabi/4.5.1/../../../../arm-atollic-eabi/lib/thumb/thumb2\libc.a(lib_a-callocr.o)
 .comment       0x00000000       0x62 c:/program files/atollic/truestudio for stmicroelectronics stm32 lite 2.3.0/armtools/bin/../lib/gcc/arm-atollic-eabi/4.5.1/../../../../arm-atollic-eabi/lib/thumb/thumb2\libc.a(lib_a-freer.o)
 .comment       0x00000000       0x62 c:/program files/atollic/truestudio for stmicroelectronics stm32 lite 2.3.0/armtools/bin/../lib/gcc/arm-atollic-eabi/4.5.1/../../../../arm-atollic-eabi/lib/thumb/thumb2\libc.a(lib_a-memmove.o)
 .comment       0x00000000       0x62 c:/program files/atollic/truestudio for stmicroelectronics stm32 lite 2.3.0/armtools/bin/../lib/gcc/arm-atollic-eabi/4.5.1/../../../../arm-atollic-eabi/lib/thumb/thumb2\libc.a(lib_a-memset.o)
 .comment       0x00000000       0x62 c:/program files/atollic/truestudio for stmicroelectronics stm32 lite 2.3.0/armtools/bin/../lib/gcc/arm-atollic-eabi/4.5.1/../../../../arm-atollic-eabi/lib/thumb/thumb2\libc.a(lib_a-reallocr.o)
 .comment       0x00000000       0x62 c:/program files/atollic/truestudio for stmicroelectronics stm32 lite 2.3.0/armtools/bin/../lib/gcc/arm-atollic-eabi/4.5.1/../../../../arm-atollic-eabi/lib/thumb/thumb2\libc.a(lib_a-reent.o)
 .comment       0x00000000       0x62 c:/program files/atollic/truestudio for stmicroelectronics stm32 lite 2.3.0/armtools/bin/../lib/gcc/arm-atollic-eabi/4.5.1/thumb/thumb2\libgcc.a(bpabi.o)
 .comment       0x00000000       0x62 c:/program files/atollic/truestudio for stmicroelectronics stm32 lite 2.3.0/armtools/bin/../lib/gcc/arm-atollic-eabi/4.5.1/thumb/thumb2\libgcc.a(_divdi3.o)
 .comment       0x00000000       0x62 c:/program files/atollic/truestudio for stmicroelectronics stm32 lite 2.3.0/armtools/bin/../lib/gcc/arm-atollic-eabi/4.5.1/thumb/thumb2\libgcc.a(_udivdi3.o)
 .comment       0x00000000       0x62 c:/program files/atollic/truestudio for stmicroelectronics stm32 lite 2.3.0/armtools/bin/../lib/gcc/arm-atollic-eabi/4.5.1/thumb/thumb2/crtend.o

.debug_loc      0x00000000     0x6c20
 .debug_loc     0x00000000       0x9c src\system_stm32l1xx.o
 .debug_loc     0x0000009c      0x18c src\stm32l1xx_it.o
 .debug_loc     0x00000228       0xd4 src\main.o
 .debug_loc     0x000002fc      0x3f0 mcu\src\usart.o
 .debug_loc     0x000006ec       0x64 mcu\src\mcu.o
 .debug_loc     0x00000750      0x19c Libraries\STM32L1xx_StdPeriph_Driver\src\stm32l1xx_wwdg.o
 .debug_loc     0x000008ec      0x658 Libraries\STM32L1xx_StdPeriph_Driver\src\stm32l1xx_usart.o
 .debug_loc     0x00000f44     0x1260 Libraries\STM32L1xx_StdPeriph_Driver\src\stm32l1xx_tim.o
 .debug_loc     0x000021a4      0x250 Libraries\STM32L1xx_StdPeriph_Driver\src\stm32l1xx_syscfg.o
 .debug_loc     0x000023f4      0x460 Libraries\STM32L1xx_StdPeriph_Driver\src\stm32l1xx_spi.o
 .debug_loc     0x00002854      0x90c Libraries\STM32L1xx_StdPeriph_Driver\src\stm32l1xx_rtc.o
 .debug_loc     0x00003160      0x7f4 Libraries\STM32L1xx_StdPeriph_Driver\src\stm32l1xx_rcc.o
 .debug_loc     0x00003954      0x350 Libraries\STM32L1xx_StdPeriph_Driver\src\stm32l1xx_pwr.o
 .debug_loc     0x00003ca4      0x3cc Libraries\STM32L1xx_StdPeriph_Driver\src\stm32l1xx_lcd.o
 .debug_loc     0x00004070      0x138 Libraries\STM32L1xx_StdPeriph_Driver\src\stm32l1xx_iwdg.o
 .debug_loc     0x000041a8      0x700 Libraries\STM32L1xx_StdPeriph_Driver\src\stm32l1xx_i2c.o
 .debug_loc     0x000048a8      0x2d8 Libraries\STM32L1xx_StdPeriph_Driver\src\stm32l1xx_gpio.o
 .debug_loc     0x00004b80      0x150 Libraries\STM32L1xx_StdPeriph_Driver\src\stm32l1xx_flash_ramfunc.o
 .debug_loc     0x00004cd0      0x6f8 Libraries\STM32L1xx_StdPeriph_Driver\src\stm32l1xx_flash.o
 .debug_loc     0x000053c8      0x1b4 Libraries\STM32L1xx_StdPeriph_Driver\src\stm32l1xx_exti.o
 .debug_loc     0x0000557c      0x268 Libraries\STM32L1xx_StdPeriph_Driver\src\stm32l1xx_dma.o
 .debug_loc     0x000057e4      0x100 Libraries\STM32L1xx_StdPeriph_Driver\src\stm32l1xx_dbgmcu.o
 .debug_loc     0x000058e4      0x3ac Libraries\STM32L1xx_StdPeriph_Driver\src\stm32l1xx_dac.o
 .debug_loc     0x00005c90      0x12c Libraries\STM32L1xx_StdPeriph_Driver\src\stm32l1xx_crc.o
 .debug_loc     0x00005dbc      0x144 Libraries\STM32L1xx_StdPeriph_Driver\src\stm32l1xx_comp.o
 .debug_loc     0x00005f00      0x818 Libraries\STM32L1xx_StdPeriph_Driver\src\stm32l1xx_adc.o
 .debug_loc     0x00006718      0x118 Libraries\STM32L1xx_StdPeriph_Driver\src\misc.o
 .debug_loc     0x00006830      0x3f0 Libraries\CMSIS\CM3\CoreSupport\core_cm3.o

.debug_pubnames
                0x00000000     0x2ce4
 .debug_pubnames
                0x00000000       0x71 src\system_stm32l1xx.o
 .debug_pubnames
                0x00000071       0xc6 src\stm32l1xx_it.o
 .debug_pubnames
                0x00000137       0x5a src\main.o
 .debug_pubnames
                0x00000191      0x17a mcu\src\usart.o
 .debug_pubnames
                0x0000030b       0x2b mcu\src\mcu.o
 .debug_pubnames
                0x00000336       0xb0 Libraries\STM32L1xx_StdPeriph_Driver\src\stm32l1xx_wwdg.o
 .debug_pubnames
                0x000003e6      0x294 Libraries\STM32L1xx_StdPeriph_Driver\src\stm32l1xx_usart.o
 .debug_pubnames
                0x0000067a      0x710 Libraries\STM32L1xx_StdPeriph_Driver\src\stm32l1xx_tim.o
 .debug_pubnames
                0x00000d8a      0x135 Libraries\STM32L1xx_StdPeriph_Driver\src\stm32l1xx_syscfg.o
 .debug_pubnames
                0x00000ebf      0x1ca Libraries\STM32L1xx_StdPeriph_Driver\src\stm32l1xx_spi.o
 .debug_pubnames
                0x00001089      0x36e Libraries\STM32L1xx_StdPeriph_Driver\src\stm32l1xx_rtc.o
 .debug_pubnames
                0x000013f7      0x35b Libraries\STM32L1xx_StdPeriph_Driver\src\stm32l1xx_rcc.o
 .debug_pubnames
                0x00001752      0x148 Libraries\STM32L1xx_StdPeriph_Driver\src\stm32l1xx_pwr.o
 .debug_pubnames
                0x0000189a      0x181 Libraries\STM32L1xx_StdPeriph_Driver\src\stm32l1xx_lcd.o
 .debug_pubnames
                0x00001a1b       0x91 Libraries\STM32L1xx_StdPeriph_Driver\src\stm32l1xx_iwdg.o
 .debug_pubnames
                0x00001aac      0x2b0 Libraries\STM32L1xx_StdPeriph_Driver\src\stm32l1xx_i2c.o
 .debug_pubnames
                0x00001d5c      0x119 Libraries\STM32L1xx_StdPeriph_Driver\src\stm32l1xx_gpio.o
 .debug_pubnames
                0x00001e75       0x88 Libraries\STM32L1xx_StdPeriph_Driver\src\stm32l1xx_flash_ramfunc.o
 .debug_pubnames
                0x00001efd      0x347 Libraries\STM32L1xx_StdPeriph_Driver\src\stm32l1xx_flash.o
 .debug_pubnames
                0x00002244       0xbb Libraries\STM32L1xx_StdPeriph_Driver\src\stm32l1xx_exti.o
 .debug_pubnames
                0x000022ff       0xea Libraries\STM32L1xx_StdPeriph_Driver\src\stm32l1xx_dma.o
 .debug_pubnames
                0x000023e9       0x84 Libraries\STM32L1xx_StdPeriph_Driver\src\stm32l1xx_dbgmcu.o
 .debug_pubnames
                0x0000246d      0x17d Libraries\STM32L1xx_StdPeriph_Driver\src\stm32l1xx_dac.o
 .debug_pubnames
                0x000025ea       0x82 Libraries\STM32L1xx_StdPeriph_Driver\src\stm32l1xx_crc.o
 .debug_pubnames
                0x0000266c       0x82 Libraries\STM32L1xx_StdPeriph_Driver\src\stm32l1xx_comp.o
 .debug_pubnames
                0x000026ee      0x414 Libraries\STM32L1xx_StdPeriph_Driver\src\stm32l1xx_adc.o
 .debug_pubnames
                0x00002b02       0x89 Libraries\STM32L1xx_StdPeriph_Driver\src\misc.o
 .debug_pubnames
                0x00002b8b      0x159 Libraries\CMSIS\CM3\CoreSupport\core_cm3.o

.debug_pubtypes
                0x00000000      0xdea
 .debug_pubtypes
                0x00000000       0x77 src\system_stm32l1xx.o
 .debug_pubtypes
                0x00000077       0x12 src\stm32l1xx_it.o
 .debug_pubtypes
                0x00000089       0x12 src\main.o
 .debug_pubtypes
                0x0000009b      0x10e mcu\src\usart.o
 .debug_pubtypes
                0x000001a9       0x12 mcu\src\mcu.o
 .debug_pubtypes
                0x000001bb       0x4b Libraries\STM32L1xx_StdPeriph_Driver\src\stm32l1xx_wwdg.o
 .debug_pubtypes
                0x00000206       0xc1 Libraries\STM32L1xx_StdPeriph_Driver\src\stm32l1xx_usart.o
 .debug_pubtypes
                0x000002c7       0xb4 Libraries\STM32L1xx_StdPeriph_Driver\src\stm32l1xx_tim.o
 .debug_pubtypes
                0x0000037b       0x7f Libraries\STM32L1xx_StdPeriph_Driver\src\stm32l1xx_syscfg.o
 .debug_pubtypes
                0x000003fa       0x8c Libraries\STM32L1xx_StdPeriph_Driver\src\stm32l1xx_spi.o
 .debug_pubtypes
                0x00000486       0xcc Libraries\STM32L1xx_StdPeriph_Driver\src\stm32l1xx_rtc.o
 .debug_pubtypes
                0x00000552       0x9e Libraries\STM32L1xx_StdPeriph_Driver\src\stm32l1xx_rcc.o
 .debug_pubtypes
                0x000005f0       0x78 Libraries\STM32L1xx_StdPeriph_Driver\src\stm32l1xx_pwr.o
 .debug_pubtypes
                0x00000668       0x80 Libraries\STM32L1xx_StdPeriph_Driver\src\stm32l1xx_lcd.o
 .debug_pubtypes
                0x000006e8       0x58 Libraries\STM32L1xx_StdPeriph_Driver\src\stm32l1xx_iwdg.o
 .debug_pubtypes
                0x00000740       0xb2 Libraries\STM32L1xx_StdPeriph_Driver\src\stm32l1xx_i2c.o
 .debug_pubtypes
                0x000007f2       0xc2 Libraries\STM32L1xx_StdPeriph_Driver\src\stm32l1xx_gpio.o
 .debug_pubtypes
                0x000008b4       0x63 Libraries\STM32L1xx_StdPeriph_Driver\src\stm32l1xx_flash_ramfunc.o
 .debug_pubtypes
                0x00000917       0x8d Libraries\STM32L1xx_StdPeriph_Driver\src\stm32l1xx_flash.o
 .debug_pubtypes
                0x000009a4       0xa2 Libraries\STM32L1xx_StdPeriph_Driver\src\stm32l1xx_exti.o
 .debug_pubtypes
                0x00000a46       0x98 Libraries\STM32L1xx_StdPeriph_Driver\src\stm32l1xx_dma.o
 .debug_pubtypes
                0x00000ade       0x46 Libraries\STM32L1xx_StdPeriph_Driver\src\stm32l1xx_dbgmcu.o
 .debug_pubtypes
                0x00000b24       0x8c Libraries\STM32L1xx_StdPeriph_Driver\src\stm32l1xx_dac.o
 .debug_pubtypes
                0x00000bb0       0x48 Libraries\STM32L1xx_StdPeriph_Driver\src\stm32l1xx_crc.o
 .debug_pubtypes
                0x00000bf8       0x65 Libraries\STM32L1xx_StdPeriph_Driver\src\stm32l1xx_comp.o
 .debug_pubtypes
                0x00000c5d       0xbd Libraries\STM32L1xx_StdPeriph_Driver\src\stm32l1xx_adc.o
 .debug_pubtypes
                0x00000d1a       0x80 Libraries\STM32L1xx_StdPeriph_Driver\src\misc.o
 .debug_pubtypes
                0x00000d9a       0x50 Libraries\CMSIS\CM3\CoreSupport\core_cm3.o

.debug_str      0x00000000     0x4927
 .debug_str     0x00000000      0x243 src\system_stm32l1xx.o
                                0x28b (size before relaxing)
 .debug_str     0x00000243       0xa6 src\stm32l1xx_it.o
                                0x171 (size before relaxing)
 .debug_str     0x000002e9       0x5c src\main.o
                                0x131 (size before relaxing)
 .debug_str     0x00000345      0x70c mcu\src\usart.o
                                0x801 (size before relaxing)
 .debug_str     0x00000a51       0x22 mcu\src\mcu.o
                                 0xed (size before relaxing)
 .debug_str     0x00000a73       0xe8 Libraries\STM32L1xx_StdPeriph_Driver\src\stm32l1xx_wwdg.o
                                0x1f8 (size before relaxing)
 .debug_str     0x00000b5b      0x3ff Libraries\STM32L1xx_StdPeriph_Driver\src\stm32l1xx_usart.o
                                0x605 (size before relaxing)
 .debug_str     0x00000f5a      0xa44 Libraries\STM32L1xx_StdPeriph_Driver\src\stm32l1xx_tim.o
                                0xc06 (size before relaxing)
 .debug_str     0x0000199e      0x22a Libraries\STM32L1xx_StdPeriph_Driver\src\stm32l1xx_syscfg.o
                                0x33e (size before relaxing)
 .debug_str     0x00001bc8      0x2b2 Libraries\STM32L1xx_StdPeriph_Driver\src\stm32l1xx_spi.o
                                0x442 (size before relaxing)
 .debug_str     0x00001e7a      0x6bc Libraries\STM32L1xx_StdPeriph_Driver\src\stm32l1xx_rtc.o
                                0x850 (size before relaxing)
 .debug_str     0x00002536      0x3f3 Libraries\STM32L1xx_StdPeriph_Driver\src\stm32l1xx_rcc.o
                                0x667 (size before relaxing)
 .debug_str     0x00002929      0x1a8 Libraries\STM32L1xx_StdPeriph_Driver\src\stm32l1xx_pwr.o
                                0x331 (size before relaxing)
 .debug_str     0x00002ad1      0x24d Libraries\STM32L1xx_StdPeriph_Driver\src\stm32l1xx_lcd.o
                                0x376 (size before relaxing)
 .debug_str     0x00002d1e       0xdb Libraries\STM32L1xx_StdPeriph_Driver\src\stm32l1xx_iwdg.o
                                0x1e2 (size before relaxing)
 .debug_str     0x00002df9      0x394 Libraries\STM32L1xx_StdPeriph_Driver\src\stm32l1xx_i2c.o
                                0x5b3 (size before relaxing)
 .debug_str     0x0000318d      0x180 Libraries\STM32L1xx_StdPeriph_Driver\src\stm32l1xx_gpio.o
                                0x427 (size before relaxing)
 .debug_str     0x0000330d      0x130 Libraries\STM32L1xx_StdPeriph_Driver\src\stm32l1xx_flash_ramfunc.o
                                0x295 (size before relaxing)
 .debug_str     0x0000343d      0x392 Libraries\STM32L1xx_StdPeriph_Driver\src\stm32l1xx_flash.o
                                0x57d (size before relaxing)
 .debug_str     0x000037cf      0x1c0 Libraries\STM32L1xx_StdPeriph_Driver\src\stm32l1xx_exti.o
                                0x2e4 (size before relaxing)
 .debug_str     0x0000398f      0x20e Libraries\STM32L1xx_StdPeriph_Driver\src\stm32l1xx_dma.o
                                0x33e (size before relaxing)
 .debug_str     0x00003b9d       0xcf Libraries\STM32L1xx_StdPeriph_Driver\src\stm32l1xx_dbgmcu.o
                                0x1cb (size before relaxing)
 .debug_str     0x00003c6c      0x281 Libraries\STM32L1xx_StdPeriph_Driver\src\stm32l1xx_dac.o
                                0x3c9 (size before relaxing)
 .debug_str     0x00003eed       0xbb Libraries\STM32L1xx_StdPeriph_Driver\src\stm32l1xx_crc.o
                                0x1c1 (size before relaxing)
 .debug_str     0x00003fa8       0xfe Libraries\STM32L1xx_StdPeriph_Driver\src\stm32l1xx_comp.o
                                0x21c (size before relaxing)
 .debug_str     0x000040a6      0x5d9 Libraries\STM32L1xx_StdPeriph_Driver\src\stm32l1xx_adc.o
                                0x74a (size before relaxing)
 .debug_str     0x0000467f      0x14d Libraries\STM32L1xx_StdPeriph_Driver\src\misc.o
                                0x349 (size before relaxing)
 .debug_str     0x000047cc      0x15b Libraries\CMSIS\CM3\CoreSupport\core_cm3.o
                                0x24f (size before relaxing)

.debug_frame    0x00000000     0x39e0
 .debug_frame   0x00000000       0x64 src\system_stm32l1xx.o
 .debug_frame   0x00000064       0xe8 src\stm32l1xx_it.o
 .debug_frame   0x0000014c       0x88 src\main.o
 .debug_frame   0x000001d4      0x244 mcu\src\usart.o
 .debug_frame   0x00000418       0x44 mcu\src\mcu.o
 .debug_frame   0x0000045c       0xe8 Libraries\STM32L1xx_StdPeriph_Driver\src\stm32l1xx_wwdg.o
 .debug_frame   0x00000544      0x344 Libraries\STM32L1xx_StdPeriph_Driver\src\stm32l1xx_usart.o
 .debug_frame   0x00000888      0x95c Libraries\STM32L1xx_StdPeriph_Driver\src\stm32l1xx_tim.o
 .debug_frame   0x000011e4      0x144 Libraries\STM32L1xx_StdPeriph_Driver\src\stm32l1xx_syscfg.o
 .debug_frame   0x00001328      0x244 Libraries\STM32L1xx_StdPeriph_Driver\src\stm32l1xx_spi.o
 .debug_frame   0x0000156c      0x4cc Libraries\STM32L1xx_StdPeriph_Driver\src\stm32l1xx_rtc.o
 .debug_frame   0x00001a38      0x414 Libraries\STM32L1xx_StdPeriph_Driver\src\stm32l1xx_rcc.o
 .debug_frame   0x00001e4c      0x1d0 Libraries\STM32L1xx_StdPeriph_Driver\src\stm32l1xx_pwr.o
 .debug_frame   0x0000201c      0x204 Libraries\STM32L1xx_StdPeriph_Driver\src\stm32l1xx_lcd.o
 .debug_frame   0x00002220       0xb0 Libraries\STM32L1xx_StdPeriph_Driver\src\stm32l1xx_iwdg.o
 .debug_frame   0x000022d0      0x398 Libraries\STM32L1xx_StdPeriph_Driver\src\stm32l1xx_i2c.o
 .debug_frame   0x00002668      0x180 Libraries\STM32L1xx_StdPeriph_Driver\src\stm32l1xx_gpio.o
 .debug_frame   0x000027e8       0xcc Libraries\STM32L1xx_StdPeriph_Driver\src\stm32l1xx_flash_ramfunc.o
 .debug_frame   0x000028b4      0x3e0 Libraries\STM32L1xx_StdPeriph_Driver\src\stm32l1xx_flash.o
 .debug_frame   0x00002c94       0xec Libraries\STM32L1xx_StdPeriph_Driver\src\stm32l1xx_exti.o
 .debug_frame   0x00002d80      0x144 Libraries\STM32L1xx_StdPeriph_Driver\src\stm32l1xx_dma.o
 .debug_frame   0x00002ec4       0x94 Libraries\STM32L1xx_StdPeriph_Driver\src\stm32l1xx_dbgmcu.o
 .debug_frame   0x00002f58      0x1ec Libraries\STM32L1xx_StdPeriph_Driver\src\stm32l1xx_dac.o
 .debug_frame   0x00003144       0xac Libraries\STM32L1xx_StdPeriph_Driver\src\stm32l1xx_crc.o
 .debug_frame   0x000031f0       0xb4 Libraries\STM32L1xx_StdPeriph_Driver\src\stm32l1xx_comp.o
 .debug_frame   0x000032a4      0x420 Libraries\STM32L1xx_StdPeriph_Driver\src\stm32l1xx_adc.o
 .debug_frame   0x000036c4       0x9c Libraries\STM32L1xx_StdPeriph_Driver\src\misc.o
 .debug_frame   0x00003760      0x280 Libraries\CMSIS\CM3\CoreSupport\core_cm3.o

Cross Reference Table

Symbol                                            File
ADC1_IRQHandler                                   Libraries\CMSIS\CM3\DeviceSupport\ST\STM32L1xx\startup\TrueSTUDIO\startup_stm32l1xx_md.o
ADC_AnalogWatchdogCmd                             Libraries\STM32L1xx_StdPeriph_Driver\src\stm32l1xx_adc.o
ADC_AnalogWatchdogSingleChannelConfig             Libraries\STM32L1xx_StdPeriph_Driver\src\stm32l1xx_adc.o
ADC_AnalogWatchdogThresholdsConfig                Libraries\STM32L1xx_StdPeriph_Driver\src\stm32l1xx_adc.o
ADC_AutoInjectedConvCmd                           Libraries\STM32L1xx_StdPeriph_Driver\src\stm32l1xx_adc.o
ADC_ClearFlag                                     Libraries\STM32L1xx_StdPeriph_Driver\src\stm32l1xx_adc.o
ADC_ClearITPendingBit                             Libraries\STM32L1xx_StdPeriph_Driver\src\stm32l1xx_adc.o
ADC_Cmd                                           Libraries\STM32L1xx_StdPeriph_Driver\src\stm32l1xx_adc.o
ADC_CommonInit                                    Libraries\STM32L1xx_StdPeriph_Driver\src\stm32l1xx_adc.o
ADC_CommonStructInit                              Libraries\STM32L1xx_StdPeriph_Driver\src\stm32l1xx_adc.o
ADC_ContinuousModeCmd                             Libraries\STM32L1xx_StdPeriph_Driver\src\stm32l1xx_adc.o
ADC_DMACmd                                        Libraries\STM32L1xx_StdPeriph_Driver\src\stm32l1xx_adc.o
ADC_DMARequestAfterLastTransferCmd                Libraries\STM32L1xx_StdPeriph_Driver\src\stm32l1xx_adc.o
ADC_DeInit                                        Libraries\STM32L1xx_StdPeriph_Driver\src\stm32l1xx_adc.o
ADC_DelaySelectionConfig                          Libraries\STM32L1xx_StdPeriph_Driver\src\stm32l1xx_adc.o
ADC_DiscModeChannelCountConfig                    Libraries\STM32L1xx_StdPeriph_Driver\src\stm32l1xx_adc.o
ADC_DiscModeCmd                                   Libraries\STM32L1xx_StdPeriph_Driver\src\stm32l1xx_adc.o
ADC_EOCOnEachRegularChannelCmd                    Libraries\STM32L1xx_StdPeriph_Driver\src\stm32l1xx_adc.o
ADC_ExternalTrigInjectedConvConfig                Libraries\STM32L1xx_StdPeriph_Driver\src\stm32l1xx_adc.o
ADC_ExternalTrigInjectedConvEdgeConfig            Libraries\STM32L1xx_StdPeriph_Driver\src\stm32l1xx_adc.o
ADC_GetConversionValue                            Libraries\STM32L1xx_StdPeriph_Driver\src\stm32l1xx_adc.o
ADC_GetFlagStatus                                 Libraries\STM32L1xx_StdPeriph_Driver\src\stm32l1xx_adc.o
ADC_GetITStatus                                   Libraries\STM32L1xx_StdPeriph_Driver\src\stm32l1xx_adc.o
ADC_GetInjectedConversionValue                    Libraries\STM32L1xx_StdPeriph_Driver\src\stm32l1xx_adc.o